******************************************************************************
                  TI ARM Linker PC v16.9.3                     
******************************************************************************
>> Linked Fri Sep 08 03:56:18 2017

OUTPUT FILE NAME:   <TM4C_RTOS_CMSIS_DSP.out>
ENTRY POINT SYMBOL: "_c_int00"  address: 000101f9


MEMORY CONFIGURATION

         name            origin    length      used     unused   attr    fill
----------------------  --------  ---------  --------  --------  ----  --------
  FLASH                 00000000   00100000  00017d32  000e82ce  R  X
  SRAM                  20000000   00040000  00019e38  000261c8  RW X


SEGMENT ALLOCATION MAP

run origin  load origin   length   init length attrs members
----------  ----------- ---------- ----------- ----- -------
00000000    00000000    00017d38   00017d38    r-x
  00000000    00000000    0000003c   0000003c    r-- .resetVecs
  00000040    00000040    00014832   00014832    r-x .text
  00014874    00014874    00002fec   00002fec    r-- .const
  00017860    00017860    000004d8   000004d8    r-- .cinit
20000000    20000000    00000360   00000000    rw-
  20000000    20000000    00000360   00000000    rw- .vecs
20000400    20000400    00019ad8   00000000    rw-
  20000400    20000400    000186d8   00000000    rw- .bss
  20018ad8    20018ad8    00000c00   00000000    rw- .data
  200196d8    200196d8    00000800   00000000    rw- .stack


SECTION ALLOCATION MAP

 output                                  attributes/
section   page    origin      length       input sections
--------  ----  ----------  ----------   ----------------
.text      0    00000040    00014832     
                  00000040    00000c68     stk.aem4f : tcpin.oem4f (.text:TcpInput)
                  00000ca8    000008b8               : tcpout.oem4f (.text:TcpOutput)
                  00001560    00000430     sysbios.aem4f : BIOS.obj (.text:ti_sysbios_family_arm_m3_Hwi_excDumpRegs__I)
                  00001990    00000408     stk.aem4f : ipout.oem4f (.text:IPTxPacket)
                  00001d98    00000384               : ipin.oem4f (.text:IPRxPacket)
                  0000211c    0000034c     ti.targets.arm.rtsarm.aem4f : System.oem4f (.text:xdc_runtime_System_doPrint__I)
                  00002468    00000324     rtsv7M4_T_le_v4SPD16_eabi.lib : trgdrv.obj (.text)
                  0000278c    00000004     driverlib.lib : adc.obj (.text:ADCIntClearEx)
                  00002790    000002ec     sysbios.aem4f : BIOS.obj (.text:ti_sysbios_knl_Semaphore_pend__E)
                  00002a7c    00000004     stk.aem4f : bind.oem4f (.text:BindGetIF)
                  00002a80    000002c0     sysbios.aem4f : BIOS.obj (.text:ti_sysbios_knl_Task_Instance_finalize__E)
                  00002d40    00000284     stk.aem4f : sock.oem4f (.text:SockSet)
                  00002fc4    00000004               : bind.oem4f (.text:BindGetNext)
                  00002fc8    00000258     sysbios.aem4f : BIOS.obj (.text:ti_sysbios_heaps_HeapMem_free__E)
                  00003220    0000024c     stk.aem4f : ipfrag.oem4f (.text:IPReasm)
                  0000346c    00000004     os.aem4f : ossys.oem4f (.text:NDK_vsprintf)
                  00003470    00000248     sysbios.aem4f : BIOS.obj (.text:ti_sysbios_heaps_HeapMem_alloc__E)
                  000036b8    0000023c     stk.aem4f : icmpin.oem4f (.text:ICMPInput)
                  000038f4    00000238               : udp.oem4f (.text:UdpInput)
                  00003b2c    00000204     driverlib.lib : sysctl.obj (.text:SysCtlClockFreqSet)
                  00003d30    00000204     Boot.aem4f : Boot_sysctl.oem4f (.text:ti_catalog_arm_cortexm4_tiva_ce_Boot_sysCtlClockFreqSetI__I)
                  00003f34    00000004     stk.aem4f : node.oem4f (.text:NodeSetRt)
                  00003f38    00000200     sysbios.aem4f : BIOS.obj (.text:ti_sysbios_knl_Task_sleep__E)
                  00004138    000001fc                   : BIOS.obj (.text:ti_sysbios_family_arm_m3_Hwi_excHandlerMax__I)
                  00004334    000001f4     stk.aem4f : sock.oem4f (.text:SockRecv)
                  00004528    000001f4     sysbios.aem4f : BIOS.obj (.text:ti_sysbios_knl_Task_Instance_init__E)
                  0000471c    000001e8     eth_network.obj (.text:tcpHandler)
                  00004904    00000004     stk.aem4f : rawethsock_prot.oem4f (.text:RawEthSockPrAttach)
                  00004908    000001bc     sysbios.aem4f : BIOS.obj (.text:ti_sysbios_family_arm_lm4_Timer_start__E)
                  00004ac4    000001b8     drivers_tivaware.aem4f : EMACSnow.oem4f (.text:EMACSnow_NIMUInit)
                  00004c7c    000001b0     stk.aem4f : lliout.oem4f (.text:LLITxIpPacket)
                  00004e2c    000001ac               : lliin.oem4f (.text:LLIRxPacket)
                  00004fd8    0000019c     os.aem4f : mem.oem4f (.text:mmAlloc)
                  00005174    00000198     stk.aem4f : igmp.oem4f (.text:IGMPInput)
                  0000530c    00000190               : sock.oem4f (.text:SockNew)
                  0000549c    00000004               : rawethsock_prot.oem4f (.text:RawEthSockPrDetach)
                  000054a0    00000188     sysbios.aem4f : BIOS.obj (.text:ti_sysbios_knl_Task_setPri__E)
                  00005628    0000017c                   : BIOS.obj (.text:ti_sysbios_family_arm_lm4_TimestampProvider_get64__E)
                  000057a4    00000174     netctrl_min_ipv4.aem4f : netctrl.oem4f (.text:NC_NetStart)
                  00005918    00000174     sysbios.aem4f : BIOS.obj (.text:ti_sysbios_family_arm_m3_Hwi_excBusFault__I)
                  00005a8c    00000170     stk.aem4f : rtc.oem4f (.text:RTCReport)
                  00005bfc    0000016a               : sb.oem4f (.text:SBRead)
                  00005d66    00000002     hal_userled_stub.aem4f : llled.oem4f (.text:LED_TOGGLE)
                  00005d68    00000164     sysbios.aem4f : BIOS.obj (.text:ti_sysbios_family_arm_m3_Hwi_excUsageFault__I)
                  00005ecc    00000160     stk.aem4f : sock.oem4f (.text:SockConnect)
                  0000602c    00000158     nettool_ipv4.aem4f : dhcpmain.oem4f (.text:DHCPOpen)
                  00006184    00000150     drivers_tivaware.aem4f : GPIOTiva.oem4f (.text:GPIO_setConfig)
                  000062d4    00000004     os.aem4f : semaphore.oem4f (.text:SemPend)
                  000062d8    00000148     sysbios.aem4f : BIOS.obj (.text:ti_sysbios_family_arm_m3_Hwi_excMemFault__I)
                  00006420    00000144     stk.aem4f : bind.oem4f (.text:BindNew)
                  00006564    00000140               : tcp.oem4f (.text:TcpTimeoutCheck)
                  000066a4    00000004     os.aem4f : semaphore.oem4f (.text:SemPost)
                  000066a8    00000140     sysbios.aem4f : BIOS.obj (.text:ti_sysbios_knl_Semaphore_post__E)
                  000067e8    0000013c     nettool_ipv4.aem4f : config.oem4f (.text:CfgAddEntry)
                  00006924    0000013c     stk.aem4f : sockint.oem4f (.text:SockNotify)
                  00006a60    0000013c               : sock.oem4f (.text:SockSend)
                  00006b9c    00000004     os.aem4f : semaphore.oem4f (.text:SemReset)
                  00006ba0    0000013c     sysbios.aem4f : BIOS.obj (.text:ti_sysbios_heaps_HeapMem_Instance_init__E)
                  00006cdc    00000004     os.aem4f : task.oem4f (.text:TaskSelf)
                  00006ce0    0000013c     sysbios.aem4f : BIOS.obj (.text:ti_sysbios_knl_Clock_workFunc__E)
                  00006e1c    00000004     os.aem4f : task.oem4f (.text:TaskSetPri)
                  00006e20    00000138     sysbios.aem4f : BIOS.obj (.text:ti_sysbios_family_arm_m3_Hwi_dispatchC__I)
                  00006f58    00000138     RTOS_config_pem4f.oem4f (.text:ti_uia_loggers_LoggerStopMode_writeMemoryRange__E)
                  00007090    00000134     stk.aem4f : icmp.oem4f (.text:ICMPGenPacket)
                  000071c4    00000130     driverlib.lib : gpio.obj (.text:GPIOPadConfigSet)
                  000072f4    0000012c     EK_TM4C1294XL.obj (.text:EK_TM4C1294XL_initEMAC)
                  00007420    00000124     stk.aem4f : sockpcb.oem4f (.text:SockPcbResolve)
                  00007544    00000124               : udp.oem4f (.text:UdpOutput)
                  00007668    00000124     RTOS_config_pem4f.oem4f (.text:ti_ndk_config_Global_stackThread)
                  0000778c    00000004     driverlib.lib : timer.obj (.text:TimerADCEventSet)
                  00007790    0000011c     sysbios.aem4f : BIOS.obj (.text:ti_sysbios_knl_Clock_Instance_init__E)
                  000078ac    00000004     hal_ser_stub.aem4f : llserstb.oem4f (.text:_llSerialInit)
                  000078b0    0000011c     sysbios.aem4f : BIOS.obj (.text:ti_sysbios_knl_Swi_run__I)
                  000079cc    00000118     stk.aem4f : tcpout.oem4f (.text:TcpGenPacket)
                  00007ae4    00000118     ti.targets.arm.rtsarm.aem4f : Error.oem4f (.text:xdc_runtime_Error_policyDefault__E)
                  00007bfc    00000114     stk.aem4f : nimu.oem4f (.text:NIMUIoctl)
                  00007d10    00000114     RTOS_config_pem4f.oem4f (.text:ti_uia_loggers_LoggerStopMode_write8__E)
                  00007e24    00000110     stk.aem4f : node.oem4f (.text:NodeTreeFree)
                  00007f34    00000110               : raw.oem4f (.text:RawInput)
                  00008044    00000004               : listlib.oem4f (.text:list_get_head)
                  00008048    00000110     sysbios.aem4f : BIOS.obj (.text:ti_sysbios_knl_Task_schedule__I)
                  00008158    0000010c     stk.aem4f : rtable.oem4f (.text:RtFind)
                  00008264    0000010a               : route.oem4f (.text:RtCreate)
                  0000836e    00000002               : nat.oem4f (.text:NatMsg)
                  00008370    00000108     drivers_tivaware.aem4f : EMACSnow.oem4f (.text:EMACSnow_emacStart)
                  00008478    00000108     sysbios.aem4f : BIOS.obj (.text:ti_sysbios_knl_Task_exit__E)
                  00008580    00000104     os.aem4f : task.oem4f (.text:llEnter)
                  00008684    00000104     main.obj (.text:rmsCalc_Task)
                  00008788    00000102     nettool_ipv4.aem4f : dhcppkt.oem4f (.text:dhcpPacketProcess)
                  0000888a    00000102                        : inetaddr.oem4f (.text:inet_aton)
                  0000898c    00000100     stk.aem4f : igmp.oem4f (.text:IGMPSendReply)
                  00008a8c    00000100     adc_sample.obj (.text:adcPinConfig)
                  00008b8c    00000100     ti.targets.arm.rtsarm.aem4f : Core-mem.oem4f (.text:xdc_runtime_Core_createObject__I)
                  00008c8c    000000fc     netctrl_min_ipv4.aem4f : netctrl.oem4f (.text:NetScheduler)
                  00008d88    000000fc     sysbios.aem4f : BIOS.obj (.text:ti_sysbios_knl_Task_postInit__I)
                  00008e84    00000004     stk.aem4f : listlib.oem4f (.text:list_get_next)
                  00008e88    000000fc     sysbios.aem4f : BIOS.obj (.text:ti_sysbios_knl_Task_startCore__E)
                  00008f84    000000fc     RTOS_config_pem4f.oem4f (.text:ti_uia_loggers_LoggerStopMode_write4__E)
                  00009080    000000f8     adc_sample.obj (.text:ADC_init)
                  00009178    000000f8     stk.aem4f : pipe.oem4f (.text:PipeRecv)
                  00009270    000000f8     sysbios.aem4f : BIOS.obj (.text:ti_sysbios_utils_Load_updateThreadContexts__E)
                  00009368    000000f8     ti.targets.arm.rtsarm.aem4f : Startup.oem4f (.text:xdc_runtime_Startup_startMods__I)
                  00009460    000000f8     RTOS_config_pem4f.oem4f (.text:xdc_runtime_System_printfExtend__I)
                  00009558    000000f4     os.aem4f : task.oem4f (.text:TaskGetEnv)
                  0000964c    000000f4     sysbios.aem4f : m3_Hwi_asm.obj (.text:ti_sysbios_family_arm_m3_Hwi_dispatch__I)
                  00009740    000000f0     stk.aem4f : lliout.oem4f (.text:LLIGenArpPacket)
                  00009830    000000f0               : sock.oem4f (.text:SockClose)
                  00009920    000000f0     RTOS_config_pem4f.oem4f (.text:ti_uia_loggers_LoggerStopMode_write2__E)
                  00009a10    000000ec     RTOS_config_pem4f.oem4f (.text:ti_uia_loggers_LoggerStopMode_write1__E)
                  00009afc    000000e8     adc_sample.obj (.text:DMA_init)
                  00009be4    000000e8     os.aem4f : task.oem4f (.text:TaskSetEnv)
                  00009ccc    000000e0     stk.aem4f : tcptime.oem4f (.text:TcpTimeoutRexmt)
                  00009dac    000000dc               : sb.oem4f (.text:SBWrite)
                  00009e88    000000dc     nettool_ipv4.aem4f : dhcpsock.oem4f (.text:dhcpSocketOpen)
                  00009f64    000000dc                        : dhcpsm.oem4f (.text:dhcpState)
                  0000a040    000000dc     RTOS_config_pem4f.oem4f (.text:ti_uia_loggers_LoggerStopMode_write0__E)
                  0000a11c    000000d8     stk.aem4f : node.oem4f (.text:NodeAdd)
                  0000a1f4    000000d8               : tcpprot.oem4f (.text:TcpPrSetOption)
                  0000a2cc    00000004     RTOS_config_pem4f.oem4f (.text:ti_ndk_config_Global_NetworkOpen)
                  0000a2d0    000000d8     sysbios.aem4f : BIOS.obj (.text:ti_sysbios_family_arm_lm4_TimestampProvider_get32__E)
                  0000a3a8    000000d4     drivers_tivaware.aem4f : EMACSnow.oem4f (.text:EMACSnow_handleRx)
                  0000a47c    000000d4     stk.aem4f : sockpcb.oem4f (.text:SockPcbBind)
                  0000a550    000000d4     sysbios.aem4f : BIOS.obj (.text:ti_sysbios_knl_Swi_Instance_init__E)
                  0000a624    000000d1     stk.aem4f : nimu.oem4f (.text:NIMUReceivePacket)
                  0000a6f5    00000001     --HOLE-- [fill = 0]
                  0000a6f6    00000002     os.aem4f : task.oem4f (.text:_TaskInit)
                  0000a6f8    000000cc     stk.aem4f : icmp.oem4f (.text:ICMPSendRtAdv)
                  0000a7c4    000000cc     nettool_ipv4.aem4f : dhcpbild.oem4f (.text:dhcpBuildHeader)
                  0000a890    000000cc                        : dhcpsm.oem4f (.text:dhcpIPAdd)
                  0000a95c    000000cc                        : dhcppkt.oem4f (.text:dhcpVerifyMessage)
                  0000aa28    000000cc     ti.targets.arm.rtsarm.aem4f : Core-smem.oem4f (.text:xdc_runtime_Core_constructObject__I)
                  0000aaf4    000000c8     stk.aem4f : rawethsock.oem4f (.text:RawEthSockNew)
                  0000abbc    000000c8     netctrl_min_ipv4.aem4f : netsrv.oem4f (.text:SPIpNet)
                  0000ac84    000000c8     eth_network.obj (.text:tcpWorker)
                  0000ad4c    000000c4     drivers_tivaware.aem4f : EMACSnow.oem4f (.text:EMACSnow_InitDMADescriptors)
                  0000ae10    000000c4     stk.aem4f : igmp.oem4f (.text:IGMPJoinHostGroup)
                  0000aed4    000000c4     nettool_ipv4.aem4f : dhcpsm.oem4f (.text:StateBound)
                  0000af98    000000c4     sysbios.aem4f : BIOS.obj (.text:ti_sysbios_utils_Load_logLoads__I)
                  0000b05c    000000bc     stk.aem4f : sockpcb.oem4f (.text:SockPcbFind)
                  0000b118    000000bc               : vlan.oem4f (.text:VLANDeinit)
                  0000b1d4    00000004     RTOS_config_pem4f.oem4f (.text:ti_sysbios_BIOS_RtsGateProxy_enter__E)
                  0000b1d8    000000bc     sysbios.aem4f : BIOS.obj (.text:ti_sysbios_family_arm_m3_Hwi_excDebugMon__I)
                  0000b294    00000004     RTOS_config_pem4f.oem4f (.text:ti_sysbios_BIOS_RtsGateProxy_leave__E)
                  0000b298    000000bc     sysbios.aem4f : BIOS.obj (.text:ti_sysbios_family_arm_m3_Hwi_excHardFault__I)
                  0000b354    000000b8     EK_TM4C1294XL.obj (.text:EK_TM4C1294XL_initGeneral)
                  0000b40c    000000b8     stk.aem4f : icmpin.oem4f (.text:ICMPRevSrcRoute)
                  0000b4c4    000000b8               : lli.oem4f (.text:_LLITimeoutCheck)
                  0000b57c    00000004     sysbios.aem4f : BIOS.obj (.text:ti_sysbios_family_arm_lm4_Timer_masterEnable__I)
                  0000b580    000000b8                   : BIOS.obj (.text:ti_sysbios_knl_Task_unblockI__E)
                  0000b638    000000b4     stk.aem4f : tcptime.oem4f (.text:TcpTimeoutKeep)
                  0000b6ec    00000004     RTOS_config_pem4f.oem4f (.text:ti_sysbios_family_arm_m3_Hwi_delete)
                  0000b6f0    000000b4     sysbios.aem4f : BIOS.obj (.text:ti_sysbios_gates_GateMutex_enter__E)
                  0000b7a4    00000004     RTOS_config_pem4f.oem4f (.text:ti_sysbios_family_arm_m3_TaskSupport_Module__startupDone__S)
                  0000b7a8    000000b4     sysbios.aem4f : BIOS.obj (.text:ti_sysbios_knl_Task_checkStacks__E)
                  0000b85c    000000b0     stk.aem4f : rawethsock.oem4f (.text:RawEthSockSet)
                  0000b90c    00000004     RTOS_config_pem4f.oem4f (.text:ti_sysbios_heaps_HeapMem_Module_GateProxy_enter__E)
                  0000b910    000000b0     sysbios.aem4f : BIOS.obj (.text:ti_sysbios_utils_Load_idleFxn__E)
                  0000b9c0    000000b0                   : BIOS.obj (.text:ti_sysbios_utils_Load_updateLoads__E)
                  0000ba70    000000ac     stk.aem4f : rtable.oem4f (.text:RtTimeoutCheck)
                  0000bb1c    000000ac     RTOS_config_pem4f.oem4f (.text:ti_ndk_config_ip_init)
                  0000bbc8    000000ac     sysbios.aem4f : BIOS.obj (.text:ti_sysbios_family_arm_lm4_Timer_enableTiva__I)
                  0000bc74    00000004     RTOS_config_pem4f.oem4f (.text:ti_sysbios_heaps_HeapMem_Module_GateProxy_leave__E)
                  0000bc78    000000ac     sysbios.aem4f : BIOS.obj (.text:ti_sysbios_knl_Swi_post__E)
                  0000bd24    000000a8     stk.aem4f : sockint.oem4f (.text:SockCreatePacket)
                  0000bdcc    00000004     RTOS_config_pem4f.oem4f (.text:ti_sysbios_knl_Clock_TimerProxy_getMaxTicks__E)
                  0000bdd0    000000a8     sysbios.aem4f : BIOS.obj (.text:ti_sysbios_family_arm_lm4_Timer_enableTimers__I)
                  0000be78    000000a8                   : BIOS.obj (.text:ti_sysbios_knl_Task_blockI__E)
                  0000bf20    000000a0     stk.aem4f : ip.oem4f (.text:IPGetRoute)
                  0000bfc0    000000a0     auto_init.aem4f : auto_init.oem4f (.text)
                  0000c060    000000a0     ti.targets.arm.rtsarm.aem4f : Text.oem4f (.text:xdc_runtime_Text_putMod__E)
                  0000c100    0000009e     stk.aem4f : nimu.oem4f (.text:NIMUAddEthernetHeader)
                  0000c19e    0000009e     nettool_ipv4.aem4f : dhcpbild.oem4f (.text:dhcpBuildRequest)
                  0000c23c    0000009c     stk.aem4f : exec.oem4f (.text:ExecOpen)
                  0000c2d8    0000009c     rtsv7M4_T_le_v4SPD16_eabi.lib : memcpy_t2.obj (.text)
                  0000c374    00000004     RTOS_config_pem4f.oem4f (.text:ti_sysbios_knl_Clock_TimerProxy_getPeriod__E)
                  0000c378    0000009c     sysbios.aem4f : BIOS.obj (.text:ti_sysbios_knl_Semaphore_Instance_init__E)
                  0000c414    0000009a     ti.targets.arm.rtsarm.aem4f : Text.oem4f (.text:xdc_runtime_Text_putSite__E)
                  0000c4ae    00000002     os.aem4f : task.oem4f (.text:_TaskShutdown)
                  0000c4b0    00000098     netctrl_min_ipv4.aem4f : netctrl.oem4f (.text:NC_SystemOpen)
                  0000c548    00000098                            : netsrv.oem4f (.text:ServiceScan)
                  0000c5e0    00000098     Boot.aem4f : Boot.oem4f (.text:ti_catalog_arm_cortexm4_tiva_ce_Boot_sysCtlClockFreqSet__E)
                  0000c678    00000094     nettool_ipv4.aem4f : config.oem4f (.text:CfgRemoveEntry)
                  0000c70c    00000004     RTOS_config_pem4f.oem4f (.text:ti_sysbios_knl_Queue_destruct)
                  0000c710    00000094     sysbios.aem4f : BIOS.obj (.text:ti_sysbios_family_arm_m3_Hwi_Instance_init__E)
                  0000c7a4    00000004     RTOS_config_pem4f.oem4f (.text:ti_sysbios_knl_Semaphore_delete)
                  0000c7a8    00000094     sysbios.aem4f : BIOS.obj (.text:ti_sysbios_family_arm_m3_Hwi_initNVIC__E)
                  0000c83c    00000090     nettool_ipv4.aem4f : config.oem4f (.text:CfgExecute)
                  0000c8cc    00000090     stk.aem4f : igmp.oem4f (.text:IGMPMsg)
                  0000c95c    00000090     os.aem4f : mem.oem4f (.text:mmBulkAlloc)
                  0000c9ec    00000004     RTOS_config_pem4f.oem4f (.text:ti_sysbios_knl_Semaphore_destruct)
                  0000c9f0    00000090     sysbios.aem4f : BIOS.obj (.text:ti_sysbios_knl_Task_Module_startup__E)
                  0000ca80    00000090                   : BIOS.obj (.text:ti_sysbios_utils_Load_startup__E)
                  0000cb10    00000090     ti.uia.loggers.aem4f : LoggerStopMode.oem4f (.text:ti_uia_loggers_LoggerStopMode_initQueueDescriptor__E)
                  0000cba0    0000008c     drivers_tivaware.aem4f : GPIOTiva.oem4f (.text:GPIO_init)
                  0000cc2c    0000008c     stk.aem4f : ip.oem4f (.text:IPMsg)
                  0000ccb8    0000008c     os.aem4f : mem.oem4f (.text:_mmInit)
                  0000cd44    0000008c              : mem.oem4f (.text:mmInitPage)
                  0000cdd0    0000008c     sysbios.aem4f : m3_TaskSupport_asm.obj (.text:ti_sysbios_family_arm_m3_TaskSupport_buildTaskStack)
                  0000ce5c    0000008a     netctrl_min_ipv4.aem4f : netsrv.oem4f (.text:SPRoute)
                  0000cee6    00000002     hal_ser_stub.aem4f : llserstb.oem4f (.text:_llSerialServiceCheck)
                  0000cee8    00000088     netctrl_min_ipv4.aem4f : netsrv.oem4f (.text:ServiceSpawn)
                  0000cf70    00000088     stk.aem4f : sockpcb.oem4f (.text:SockPcbCtlError)
                  0000cff8    00000086     nettool_ipv4.aem4f : dhcpsm.oem4f (.text:StateRequesting)
                  0000d07e    00000002     hal_ser_stub.aem4f : llserstb.oem4f (.text:_llSerialShutdown)
                  0000d080    00000084     adc_sample.obj (.text:ADC_Seq1_ISR)
                  0000d104    00000084     nettool_ipv4.aem4f : config.oem4f (.text:CfgGetEntry)
                  0000d188    00000084     drivers_tivaware.aem4f : EMACSnow.oem4f (.text:EMACSnow_processPhyInterrupt)
                  0000d20c    00000084     stk.aem4f : tcpprot.oem4f (.text:TcpPrAttach)
                  0000d290    00000084     dsplib-cm4f.lib : arm_rms_f32.obj (.text:arm_rms_f32)
                  0000d314    00000084     os.aem4f : mem.oem4f (.text:mmBulkFree)
                  0000d398    00000084              : mem.oem4f (.text:mmFree)
                  0000d41c    00000004     RTOS_config_pem4f.oem4f (.text:ti_sysbios_knl_Swi_delete)
                  0000d420    00000084     sysbios.aem4f : BIOS.obj (.text:ti_sysbios_family_arm_m3_Hwi_postInit__I)
                  0000d4a4    00000084     driverlib.lib : udma.obj (.text:uDMAChannelTransferSet)
                  0000d528    00000082     nettool_ipv4.aem4f : dhcpsm.oem4f (.text:StateRenewRebind)
                  0000d5aa    00000002     hal_userled_stub.aem4f : llled.oem4f (.text:_llUserLedInit)
                  0000d5ac    00000080     drivers_tivaware.aem4f : EMACSnow.oem4f (.text:EMACSnow_emacStop)
                  0000d62c    00000080                            : EMACSnow.oem4f (.text:EMACSnow_processPendingTx)
                  0000d6ac    00000080     stk.aem4f : lli.oem4f (.text:LLINew)
                  0000d72c    00000080     netctrl_min_ipv4.aem4f : netsrv.oem4f (.text:NS_BootTask)
                  0000d7ac    00000080     stk.aem4f : pbm.oem4f (.text:PBM_alloc)
                  0000d82c    00000080               : raw.oem4f (.text:RawOutput)
                  0000d8ac    0000007f     RTOS_config_pem4f.oem4f (.text:ti_ndk_config_Global_NetworkIPAddr)
                  0000d92b    00000001     --HOLE-- [fill = 0]
                  0000d92c    0000007e     stk.aem4f : fileuser.oem4f (.text:fdClose)
                  0000d9aa    00000002     hal_userled_stub.aem4f : llled.oem4f (.text:_llUserLedShutdown)
                  0000d9ac    0000007c     adc_sample.obj (.text:ADC_Seq0_ISR)
                  0000da28    0000007c     nettool_ipv4.aem4f : config.oem4f (.text:CfgGetNextEntry)
                  0000daa4    0000007c     drivers_tivaware.aem4f : EMACSnow.oem4f (.text:EMACSnow_hwiIntFxn)
                  0000db20    0000007c     stk.aem4f : igmp.oem4f (.text:IGMPDoMCast)
                  0000db9c    0000007c               : igmp.oem4f (.text:IGMPJoin)
                  0000dc18    0000007c               : socket.oem4f (.text:NDK_setsockopt)
                  0000dc94    0000007c               : nimu.oem4f (.text:NIMURegister)
                  0000dd10    0000007c               : pbm.oem4f (.text:PBM_free)
                  0000dd8c    0000007a     driverlib.lib : adc.obj (.text:ADCSequenceStepConfigure)
                  0000de06    0000007a     stk.aem4f : sock.oem4f (.text:SockAccept)
                  0000de80    0000007a     rtsv7M4_T_le_v4SPD16_eabi.lib : memset_t2.obj (.text)
                  0000defa    00000002     hal_ser_stub.aem4f : llserstb.oem4f (.text:llSerialService)
                  0000defc    00000078     driverlib.lib : emac.obj (.text:EMACInit)
                  0000df74    00000078     stk.aem4f : socket.oem4f (.text:NDK_sendto)
                  0000dfec    00000078               : tcptime.oem4f (.text:TcpXmitTimer)
                  0000e064    00000078               : fileuser.oem4f (.text:fdOpenSession)
                  0000e0dc    00000078     os.aem4f : task.oem4f (.text:llExit)
                  0000e154    00000076     stk.aem4f : pipe.oem4f (.text:PipeSend)
                  0000e1ca    00000002     rtsv7M4_T_le_v4SPD16_eabi.lib : i_div0.obj (.text)
                  0000e1cc    00000075     stk.aem4f : tcptime.oem4f (.text:TcpTimeoutSackRexmt)
                  0000e241    00000001     --HOLE-- [fill = 0]
                  0000e242    00000002     RTOS_config_pem4f.oem4f (.text:ti_ndk_config_Global_NetworkClose)
                  0000e244    00000074     stk.aem4f : igmp.oem4f (.text:IGMPLeaveHostGroup)
                  0000e2b8    00000074               : nimu.oem4f (.text:NIMUShutdown)
                  0000e32c    00000074               : raweth.oem4f (.text:RawEthRxPacket)
                  0000e3a0    00000074               : sockpcb.oem4f (.text:SockPcbConnect)
                  0000e414    00000074     eth_network.obj (.text:netOpenHook)
                  0000e488    00000074     sysbios.aem4f : BIOS.obj (.text:ti_sysbios_knl_Clock_start__E)
                  0000e4fc    00000074     ti.uia.runtime.aem4f : QueueDescriptor.oem4f (.text:ti_uia_runtime_QueueDescriptor_addToList__E)
                  0000e570    00000072     os.aem4f : semaphore.oem4f (.text:SemCreateBinary)
                  0000e5e2    00000070     stk.aem4f : socket.oem4f (.text:NDK_accept)
                  0000e652    00000070               : socket.oem4f (.text:NDK_send)
                  0000e6c2    00000002     RTOS_config_pem4f.oem4f (.text:ti_sysbios_BIOS_nullFunc__I)
                  0000e6c4    00000070     stk.aem4f : rtable.oem4f (.text:RtFlush)
                  0000e734    00000070     netctrl_min_ipv4.aem4f : netsrv.oem4f (.text:SPConfig)
                  0000e7a4    00000070     stk.aem4f : sock.oem4f (.text:SockShutdown)
                  0000e814    00000070     nettool_ipv4.aem4f : dhcptags.oem4f (.text:dhcpDecodeType)
                  0000e884    0000006e     stk.aem4f : socket.oem4f (.text:NDK_recv)
                  0000e8f2    00000002     RTOS_config_pem4f.oem4f (.text:ti_uia_loggers_LoggerStopMode_setFilterLevel__E)
                  0000e8f4    0000006e     stk.aem4f : rtable.oem4f (.text:RtWalkNext)
                  0000e962    0000006e               : sockpcb.oem4f (.text:SockPcbFindRaw)
                  0000e9d0    0000006d               : node.oem4f (.text:NodeNew)
                  0000ea3d    00000001     --HOLE-- [fill = 0]
                  0000ea3e    00000002     ti.uia.loggers.aem4f : LoggerStopMode.oem4f (.text:ti_uia_loggers_LoggerStopMode_setPriority__E)
                  0000ea40    0000006d     ti.targets.arm.rtsarm.aem4f : System.oem4f (.text:xdc_runtime_System_formatNum__I)
                  0000eaad    00000001     --HOLE-- [fill = 0]
                  0000eaae    00000002     RTOS_config_pem4f.oem4f (.text:xdc_runtime_Startup_reset__I)
                  0000eab0    0000006c     os.aem4f : ossys.oem4f (.text:DbgPrintf)
                  0000eb1c    0000006c     stk.aem4f : node.oem4f (.text:NodeTreeNew)
                  0000eb88    0000006c               : raweth.oem4f (.text:RawEthTxPacket)
                  0000ebf4    0000006c               : udp.oem4f (.text:UdpChecksum)
                  0000ec60    0000006c     dsplib-cm4f.lib : arm_offset_f32.obj (.text:arm_offset_f32)
                  0000eccc    0000006c                     : arm_scale_f32.obj (.text:arm_scale_f32)
                  0000ed38    0000006c     sysbios.aem4f : BIOS.obj (.text:ti_sysbios_knl_Swi_restoreHwi__E)
                  0000eda4    00000004     RTOS_config_pem4f.oem4f (.text:ti_sysbios_knl_Task_delete)
                  0000eda8    0000006c     sysbios.aem4f : BIOS.obj (.text:ti_sysbios_utils_Load_taskCreateHook__E)
                  0000ee14    0000006c     ti.targets.arm.rtsarm.aem4f : Error.oem4f (.text:xdc_runtime_Error_print__E)
                  0000ee80    0000006c                                 : Memory.oem4f (.text:xdc_runtime_Memory_alloc__E)
                  0000eeec    0000006a     stk.aem4f : tcpprot.oem4f (.text:TcpPrInherit)
                  0000ef56    00000002     --HOLE-- [fill = 0]
                  0000ef58    00000068     driverlib.lib : interrupt.obj (.text:IntEnable)
                  0000efc0    00000068     stk.aem4f : socket.oem4f (.text:NDK_socket)
                  0000f028    00000068               : pbm.oem4f (.text:PBM_open)
                  0000f090    00000068               : sock.oem4f (.text:SockListen)
                  0000f0f8    00000068     adc_sample.obj (.text:TIMER_ADC_init)
                  0000f160    00000068     stk.aem4f : rtable.oem4f (.text:_RtNodeInsert)
                  0000f1c8    00000068     rtsv7M4_T_le_v4SPD16_eabi.lib : copy_decompress_lzss.obj (.text:decompress:lzss)
                  0000f230    00000068                                   : trgmsg.obj (.text)
                  0000f298    00000068     sysbios.aem4f : BIOS.obj (.text:ti_sysbios_utils_Load_addTask__E)
                  0000f300    00000066     ti.uia.loggers.aem4f : LoggerStopMode.oem4f (.text:ti_uia_loggers_LoggerStopMode_flush__E)
                  0000f366    00000066     ti.targets.arm.rtsarm.aem4f : Core-mem.oem4f (.text:xdc_runtime_Core_deleteObject__I)
                  0000f3cc    00000064     nettool_ipv4.aem4f : config.oem4f (.text:CfgFree)
                  0000f430    00000064     drivers_tivaware.aem4f : GPIOTiva.oem4f (.text:GPIO_hwiIntFxn)
                  0000f494    00000064     stk.aem4f : pbm.oem4f (.text:PBMQ_enq)
                  0000f4f8    00000064               : sockint.oem4f (.text:SockSpawnAbort)
                  0000f55c    00000064     hal_timer_bios.aem4f : lltimer.oem4f (.text:llTimerTick)
                  0000f5c0    00000064     sysbios.aem4f : BIOS.obj (.text:ti_sysbios_family_arm_lm4_Timer_Module_startup__E)
                  0000f624    00000064     RTOS_config_pem4f.oem4f (.text:ti_sysbios_family_arm_m3_Hwi_create)
                  0000f688    00000064     stk.aem4f : lliin.oem4f (.text:updateRtTable)
                  0000f6ec    00000062               : ipin.oem4f (.text:IPRouteIP)
                  0000f74e    00000002     --HOLE-- [fill = 0]
                  0000f750    00000062               : sb.oem4f (.text:SBNew)
                  0000f7b2    00000002     --HOLE-- [fill = 0]
                  0000f7b4    00000060     nettool_ipv4.aem4f : config.oem4f (.text:CfgGetEntryCnt)
                  0000f814    00000060     stk.aem4f : file.oem4f (.text:FdWaitEvent)
                  0000f874    00000060               : nimu.oem4f (.text:NIMUUnregister)
                  0000f8d4    00000060               : node.oem4f (.text:NodeFind)
                  0000f934    00000060               : rtc.oem4f (.text:RTCMsg)
                  0000f994    00000060               : tcp.oem4f (.text:TcpChecksum)
                  0000f9f4    00000060     driverlib.lib : timer.obj (.text:TimerConfigure)
                  0000fa54    00000060     nettool_ipv4.aem4f : dhcptags.oem4f (.text:dhcpBuildOptions)
                  0000fab4    00000004     ti.uia.loggers.aem4f : LoggerStopMode.oem4f (.text:ti_uia_loggers_LoggerStopMode_getContents__E)
                  0000fab8    00000060     sysbios.aem4f : BIOS.obj (.text:ti_sysbios_family_arm_lm4_Timer_isrStub__E)
                  0000fb18    00000060                   : BIOS.obj (.text:ti_sysbios_knl_Clock_logTick__E)
                  0000fb78    00000060                   : BIOS.obj (.text:ti_sysbios_utils_Load_logCPULoad__I)
                  0000fbd8    00000060                   : BIOS.obj (.text:ti_sysbios_utils_Load_updateCurrentThreadTime__E)
                  0000fc38    0000005e     stk.aem4f : route.oem4f (.text:RtRemove)
                  0000fc96    0000005e     nettool_ipv4.aem4f : dhcpsm.oem4f (.text:StateSelecting)
                  0000fcf4    0000005e     stk.aem4f : vlan.oem4f (.text:VLANReceivePacket)
                  0000fd52    00000002     --HOLE-- [fill = 0]
                  0000fd54    0000005c     nettool_ipv4.aem4f : config.oem4f (.text:CfgSetExecuteOrder)
                  0000fdb0    0000005c     stk.aem4f : nimu.oem4f (.text:NIMUIoctlSpecialCmd)
                  0000fe0c    0000005c     netctrl_min_ipv4.aem4f : netsrv.oem4f (.text:SPService)
                  0000fe68    0000005c     RTOS_config_pem4f.oem4f (.text:ti_sysbios_knl_Swi_create)
                  0000fec4    00000004     RTOS_config_pem4f.oem4f (.text:ti_uia_loggers_LoggerStopMode_getFilterLevel__E)
                  0000fec8    0000005c     sysbios.aem4f : BIOS.obj (.text:ti_sysbios_knl_Swi_schedule__I)
                  0000ff24    0000005c     RTOS_config_pem4f.oem4f (.text:ti_sysbios_knl_Task_create)
                  0000ff80    0000005b     ti.targets.arm.rtsarm.aem4f : Text.oem4f (.text:xdc_runtime_Text_putLab__E)
                  0000ffdb    00000001     --HOLE-- [fill = 0]
                  0000ffdc    0000005a     stk.aem4f : route.oem4f (.text:RtRedirect)
                  00010036    0000005a               : tcpprot.oem4f (.text:TcpValidateMetrics)
                  00010090    0000005a     nettool_ipv4.aem4f : dhcpbild.oem4f (.text:dhcpBuildDecline)
                  000100ea    0000005a     os.aem4f : mem.oem4f (.text:mmCopy)
                  00010144    0000005a     RTOS_config_pem4f.oem4f (.text:ti_ndk_config_tcp_init)
                  0001019e    00000002     --HOLE-- [fill = 0]
                  000101a0    00000058     stk.aem4f : bind.oem4f (.text:BindFree)
                  000101f8    00000058     boot.aem4f : boot.oem4f (.text)
                  00010250    00000058     driverlib.lib : emac.obj (.text:EMACPHYConfigSet)
                  000102a8    00000058     stk.aem4f : igmp.oem4f (.text:IGMPTimer)
                  00010300    00000058     os.aem4f : semaphore.oem4f (.text:SemCreate)
                  00010358    00000058     driverlib.lib : timer.obj (.text:TimerControlTrigger)
                  000103b0    00000058     sysbios.aem4f : m3_Hwi_asm_switch.obj (.text:ti_sysbios_family_arm_m3_Hwi_initStacks__E)
                  00010408    00000056     driverlib.lib : gpio.obj (.text:GPIOIntTypeSet)
                  0001045e    00000002     --HOLE-- [fill = 0]
                  00010460    00000054     nettool_ipv4.aem4f : config.oem4f (.text:CfgEntryDeRef)
                  000104b4    00000054     stk.aem4f : igmp.oem4f (.text:IGMPLeave)
                  00010508    00000054               : rawethsock_pcb.oem4f (.text:RawEthSockPcbAttach)
                  0001055c    00000054               : sockpcb.oem4f (.text:SockCleanPcb)
                  000105b0    00000054               : tcptime.oem4f (.text:TcpTimeoutPersist)
                  00010604    00000054     rtsv7M4_T_le_v4SPD16_eabi.lib : exit.obj (.text)
                  00010658    00000054     sysbios.aem4f : BIOS.obj (.text:ti_sysbios_knl_Swi_Instance_finalize__E)
                  000106ac    00000004     ti.uia.loggers.aem4f : LoggerStopMode.oem4f (.text:ti_uia_loggers_LoggerStopMode_getInstanceId__E)
                  000106b0    00000054     sysbios.aem4f : BIOS.obj (.text:ti_sysbios_utils_Load_taskSwitchHook__E)
                  00010704    00000054     ti.targets.arm.rtsarm.aem4f : Assert.oem4f (.text:xdc_runtime_Assert_raise__I)
                  00010758    00000052     stk.aem4f : tcpprot.oem4f (.text:TcpPrDetach)
                  000107aa    00000002     --HOLE-- [fill = 0]
                  000107ac    00000050     drivers_tivaware.aem4f : GPIOTiva.oem4f (.text:GPIO_setCallback)
                  000107fc    00000050                            : GPIOTiva.oem4f (.text:GPIO_toggle)
                  0001084c    00000050     stk.aem4f : socket.oem4f (.text:NDK_bind)
                  0001089c    00000050               : route.oem4f (.text:RtNew)
                  000108ec    00000050     driverlib.lib : sysctl.obj (.text:SysCtlPeripheralReset)
                  0001093c    00000050     Boot.aem4f : Boot_sysctl.oem4f (.text:_SysCtlFrequencyGet)
                  0001098c    00000004     ti.uia.loggers.aem4f : LoggerStopMode.oem4f (.text:ti_uia_loggers_LoggerStopMode_getMaxLength__E)
                  00010990    00000050     sysbios.aem4f : BIOS.obj (.text:ti_sysbios_family_arm_m3_Hwi_Module_startup__E)
                  000109e0    00000050     ti.targets.arm.rtsarm.aem4f : Startup.oem4f (.text:xdc_runtime_Startup_exec__E)
                  00010a30    00000050                                 : Text.oem4f (.text:xdc_runtime_Text_visitRope2__I)
                  00010a80    0000004e     stk.aem4f : node.oem4f (.text:NodeDeRef)
                  00010ace    0000004e     nettool_ipv4.aem4f : config.oem4f (.text:_CfgEntryScan)
                  00010b1c    0000004c                        : ipaddr.oem4f (.text:NtAddNetwork)
                  00010b68    0000004c     stk.aem4f : sockint.oem4f (.text:SockValidateRoute)
                  00010bb4    0000004c     rtsv7M4_T_le_v4SPD16_eabi.lib : cpy_tbl.obj (.text)
                  00010c00    0000004c     sysbios.aem4f : BIOS.obj (.text:ti_sysbios_heaps_HeapMem_getStats__E)
                  00010c4c    00000004     ti.uia.loggers.aem4f : LoggerStopMode.oem4f (.text:ti_uia_loggers_LoggerStopMode_getPriority__E)
                  00010c50    0000004c     sysbios.aem4f : BIOS.obj (.text:ti_sysbios_knl_Swi_runLoop__I)
                  00010c9c    00000004     ti.uia.loggers.aem4f : LoggerStopMode.oem4f (.text:ti_uia_loggers_LoggerStopMode_getTransferType__E)
                  00010ca0    0000004c     sysbios.aem4f : BIOS.obj (.text:ti_sysbios_knl_Task_allBlockedFunction__I)
                  00010cec    0000004c     ti.uia.loggers.aem4f : LoggerStopMode.oem4f (.text:ti_uia_loggers_LoggerStopMode_Module_startup__E)
                  00010d38    0000004b     main.obj (.text:main)
                  00010d83    00000001     --HOLE-- [fill = 0]
                  00010d84    0000004a     netctrl_min_ipv4.aem4f : netsrv.oem4f (.text:ServiceKill)
                  00010dce    0000004a     stk.aem4f : sock.oem4f (.text:SockDisconnect)
                  00010e18    0000004a               : timer.oem4f (.text:TimerNew)
                  00010e62    00000048     nettool_ipv4.aem4f : config.oem4f (.text:CfgNew)
                  00010eaa    00000002     --HOLE-- [fill = 0]
                  00010eac    00000048     driverlib.lib : gpio.obj (.text:GPIOPinConfigure)
                  00010ef4    00000048     stk.aem4f : lli.oem4f (.text:LLIMsg)
                  00010f3c    00000048               : node.oem4f (.text:NodeWalk)
                  00010f84    00000048               : rawethsock_pcb.oem4f (.text:RawEthSockPcbDetach)
                  00010fcc    00000048               : sockpcb.oem4f (.text:SockPcbResolveChain)
                  00011014    00000048               : tcpprot.oem4f (.text:TcpDrop)
                  0001105c    00000048               : lli.oem4f (.text:_LLIExpListInsert)
                  000110a4    00000048               : rtable.oem4f (.text:_RtExpListInsert)
                  000110ec    00000048     driverlib.lib : sysctl.obj (.text:_SysCtlFrequencyGet)
                  00011134    00000048     dsplib-cm4f.lib : arm_copy_f32.obj (.text:arm_copy_f32)
                  0001117c    00000048     stk.aem4f : file.oem4f (.text:fdint_lockfd)
                  000111c4    00000004     ti.targets.arm.rtsarm.aem4f : Error.oem4f (.text:xdc_runtime_Error_getMsg__E)
                  000111c8    00000048     sysbios.aem4f : BIOS.obj (.text:ti_sysbios_family_arm_m3_Hwi_disableInterrupt__E)
                  00011210    00000048                   : BIOS.obj (.text:ti_sysbios_family_arm_m3_Hwi_enableInterrupt__E)
                  00011258    00000048                   : BIOS.obj (.text:ti_sysbios_family_arm_m3_Hwi_excReserved__I)
                  000112a0    00000048                   : BIOS.obj (.text:ti_sysbios_knl_Task_deleteTerminatedTasksFunc__I)
                  000112e8    00000048                   : BIOS.obj (.text:ti_sysbios_utils_Load_taskDeleteHook__E)
                  00011330    00000048     driverlib.lib : udma.obj (.text:uDMAChannelAttributeDisable)
                  00011378    00000048                   : udma.obj (.text:uDMAChannelAttributeEnable)
                  000113c0    00000046     nettool_ipv4.aem4f : ipaddr.oem4f (.text:NtIfIdx2Ip)
                  00011406    00000046     stk.aem4f : rawethsock.oem4f (.text:RawEthSockSend)
                  0001144c    00000046               : tcpprot.oem4f (.text:TcpPrCtlError)
                  00011492    00000046     os.aem4f : mem.oem4f (.text:mmZeroInit)
                  000114d8    00000046     ti.targets.arm.rtsarm.aem4f : Core-params.oem4f (.text:xdc_runtime_Core_assignParams__I)
                  0001151e    00000002     --HOLE-- [fill = 0]
                  00011520    00000044     drivers_tivaware.aem4f : EMACSnow.oem4f (.text:EMACSnow_processTransmitted)
                  00011564    00000044     stk.aem4f : icmp.oem4f (.text:ICMPChecksum)
                  000115a8    00000044               : ipfrag.oem4f (.text:IPReasmFree)
                  000115ec    00000044               : lli.oem4f (.text:LLIGetValidTime)
                  00011630    00000044               : rtable.oem4f (.text:RouteMsg)
                  00011674    00000044               : rtable.oem4f (.text:RtWalkEnd)
                  000116b8    00000044               : sockpcb.oem4f (.text:SockPcbDetach)
                  000116fc    00000044               : timer.oem4f (.text:TimerListInsert)
                  00011740    00000044     hal_timer_bios.aem4f : lltimer.oem4f (.text:llTimerGetTime)
                  00011784    00000004     ti.targets.arm.rtsarm.aem4f : Error.oem4f (.text:xdc_runtime_Error_getSite__E)
                  00011788    00000044     sysbios.aem4f : BIOS.obj (.text:ti_sysbios_family_arm_lm4_Timer_stop__E)
                  000117cc    00000004     RTOS_config_pem4f.oem4f (.text:xdc_runtime_System_Module_GateProxy_enter__E)
                  000117d0    00000044     sysbios.aem4f : BIOS.obj (.text:ti_sysbios_family_arm_m3_Hwi_getStackInfo__E)
                  00011814    00000004     RTOS_config_pem4f.oem4f (.text:xdc_runtime_System_Module_GateProxy_leave__E)
                  00011818    00000044     sysbios.aem4f : BIOS.obj (.text:ti_sysbios_utils_Load_removeTask__E)
                  0001185c    00000044     ti.uia.loggers.aem4f : LoggerStopMode.oem4f (.text:ti_uia_loggers_LoggerStopMode_initBuffer__I)
                  000118a0    00000044     ti.targets.arm.rtsarm.aem4f : Error.oem4f (.text:xdc_runtime_Error_setX__E)
                  000118e4    00000044                                 : SysMin.oem4f (.text:xdc_runtime_SysMin_flush__E)
                  00011928    00000044                                 : Text.oem4f (.text:xdc_runtime_Text_xprintf__I)
                  0001196c    00000042     stk.aem4f : socket.oem4f (.text:NDK_listen)
                  000119ae    00000042               : tcpprot.oem4f (.text:TcpPrSendOOB)
                  000119f0    00000042               : fileuser.oem4f (.text:fdCloseSession)
                  00011a32    00000002     --HOLE-- [fill = 0]
                  00011a34    00000040               : lliin.oem4f (.text:LLIValidateRoute)
                  00011a74    00000040               : pbm.oem4f (.text:PBM_copy)
                  00011ab4    00000040               : sockpcb.oem4f (.text:SockPcbRtChange)
                  00011af4    00000040               : tcpprot.oem4f (.text:TcpPrSend)
                  00011b34    00000040     rtsv7M4_T_le_v4SPD16_eabi.lib : u_divt2.obj (.text)
                  00011b74    00000004     ti.targets.arm.rtsarm.aem4f : System.oem4f (.text:xdc_runtime_System_aprintf_va__F)
                  00011b78    00000040     sysbios.aem4f : BIOS.obj (.text:ti_sysbios_family_arm_lm4_Timer_startup__E)
                  00011bb8    0000003e     driverlib.lib : adc.obj (.text:ADCSequenceConfigure)
                  00011bf6    0000003e     nettool_ipv4.aem4f : dhcpmain.oem4f (.text:DHCPClose)
                  00011c34    0000003e     stk.aem4f : nimu.oem4f (.text:NIMUAllocateName)
                  00011c72    0000003e     os.aem4f : task.oem4f (.text:TaskCreate)
                  00011cb0    0000003e     stk.aem4f : tcpprot.oem4f (.text:TcpPrDisconnect)
                  00011cee    0000003e               : file.oem4f (.text:fdint_unlockfd)
                  00011d2c    0000003c     nettool_ipv4.aem4f : config.oem4f (.text:CfgEntryGetData)
                  00011d68    0000003c     driverlib.lib : emac.obj (.text:EMACIntDisable)
                  00011da4    0000003c     stk.aem4f : node.oem4f (.text:NodeUpdatePL)
                  00011de0    0000003c               : rtable.oem4f (.text:RtWalkBegin)
                  00011e1c    0000003c               : tcpprot.oem4f (.text:TcpPrConnect)
                  00011e58    0000003c               : tcptime.oem4f (.text:TcpSetPersist)
                  00011e94    0000003c               : rtc.oem4f (.text:_RTCSendRtAdv)
                  00011ed0    0000003c               : rtable.oem4f (.text:_RtNodeRemove)
                  00011f0c    0000003c     hal_timer_bios.aem4f : lltimer.oem4f (.text:_llTimerInit)
                  00011f48    0000003c     sysbios.aem4f : BIOS.obj (.text:ti_sysbios_family_arm_m3_Hwi_excSvCall__I)
                  00011f84    00000004     ti.targets.arm.rtsarm.aem4f : System.oem4f (.text:xdc_runtime_System_printf_va__F)
                  00011f88    0000003c     sysbios.aem4f : BIOS.obj (.text:ti_sysbios_heaps_HeapMem_init__I)
                  00011fc4    00000004     --HOLE-- [fill = 0]
                  00011fc8    0000003c                   : BIOS.obj (.text:ti_sysbios_knl_Swi_startup__E)
                  00012004    0000003a     driverlib.lib : emac.obj (.text:EMACIntEnable)
                  0001203e    00000002     --HOLE-- [fill = 0]
                  00012040    00000038                   : emac.obj (.text:EMACConfigGet)
                  00012078    00000038     stk.aem4f : ipfrag.oem4f (.text:IPReasmTimeout)
                  000120b0    00000038               : node.oem4f (.text:NodeGetRt)
                  000120e8    00000038     driverlib.lib : sysctl.obj (.text:SysCtlPeripheralReady)
                  00012120    00000038     stk.aem4f : tcpprot.oem4f (.text:TcpClose)
                  00012158    00000038               : timer.oem4f (.text:TimerHSTick)
                  00012190    00000038     nettool_ipv4.aem4f : dhcpbild.oem4f (.text:dhcpBuildDiscover)
                  000121c8    00000038                        : dhcptags.oem4f (.text:dhcpOptionsClear)
                  00012200    00000038     stk.aem4f : file.oem4f (.text:fdint_waitevent)
                  00012238    00000038     sysbios.aem4f : BIOS.obj (.text:ti_sysbios_family_arm_m3_Hwi_excNoIsr__I)
                  00012270    00000038     RTOS_config_pem4f.oem4f (.text:ti_sysbios_knl_Clock_create)
                  000122a8    00000038     sysbios.aem4f : BIOS.obj (.text:ti_sysbios_knl_Task_processVitalTaskFlag__I)
                  000122e0    00000038     ti.targets.arm.rtsarm.aem4f : SysMin.oem4f (.text:xdc_runtime_SysMin_putch__E)
                  00012318    00000038                                 : System.oem4f (.text:xdc_runtime_System_atexit__E)
                  00012350    00000036     stk.aem4f : ip.oem4f (.text:IPChecksum)
                  00012386    00000002     --HOLE-- [fill = 0]
                  00012388    00000034     nettool_ipv4.aem4f : config.oem4f (.text:CfgSetService)
                  000123bc    00000034     driverlib.lib : emac.obj (.text:EMACConfigSet)
                  000123f0    00000034                   : emac.obj (.text:EMACIntClear)
                  00012424    00000034     drivers_tivaware.aem4f : EMACSnow.oem4f (.text:EMACSnow_emacPoll)
                  00012458    00000034                            : EMACSnow.oem4f (.text:EMACSnow_isLinkUp)
                  0001248c    00000034                            : EMAC.oem4f (.text:EMAC_init)
                  000124c0    00000034     stk.aem4f : exec.oem4f (.text:ExecClose)
                  000124f4    00000034               : nimu.oem4f (.text:NIMUFindByName)
                  00012528    00000034               : nimu.oem4f (.text:NIMUInit)
                  0001255c    00000034               : rawethsock.oem4f (.text:RawEthSockNotify)
                  00012590    00000034               : sockprot.oem4f (.text:SockPrCtlError)
                  000125c4    00000034     driverlib.lib : sysctl.obj (.text:SysCtlPeripheralEnable)
                  000125f8    00000034     os.aem4f : mem.oem4f (.text:mmUnInitPage)
                  0001262c    00000004     --HOLE-- [fill = 0]
                  00012630    00000034     sysbios.aem4f : BIOS.obj (.text:ti_sysbios_family_arm_m3_Hwi_Instance_finalize__E)
                  00012664    00000004     --HOLE-- [fill = 0]
                  00012668    00000034                   : BIOS.obj (.text:ti_sysbios_family_arm_m3_Hwi_excNmi__I)
                  0001269c    00000004     --HOLE-- [fill = 0]
                  000126a0    00000034                   : BIOS.obj (.text:ti_sysbios_hal_Hwi_checkStack)
                  000126d4    00000034     RTOS_config_pem4f.oem4f (.text:ti_sysbios_knl_Semaphore_create)
                  00012708    00000034     ti.uia.loggers.aem4f : LoggerStopMode.oem4f (.text:ti_uia_loggers_LoggerStopMode_reset__E)
                  0001273c    00000034     ti.targets.arm.rtsarm.aem4f : Core-label.oem4f (.text:xdc_runtime_Core_assignLabel__I)
                  00012770    00000033                                 : Text.oem4f (.text:xdc_runtime_Text_printVisFxn__I)
                  000127a3    00000001     --HOLE-- [fill = 0]
                  000127a4    00000032     nettool_ipv4.aem4f : config.oem4f (.text:CfgGetImmediate)
                  000127d6    00000032     stk.aem4f : route.oem4f (.text:RtDeRef)
                  00012808    00000032               : route.oem4f (.text:RtSetFailure)
                  0001283a    00000032               : sb.oem4f (.text:SBFlush)
                  0001286c    00000032               : sb.oem4f (.text:SBSetMax)
                  0001289e    00000032               : sock.oem4f (.text:SockIntAbort)
                  000128d0    00000032     nettool_ipv4.aem4f : config.oem4f (.text:_CfgAcquire)
                  00012902    00000032                        : dhcpsm.oem4f (.text:dhcpIPRemove)
                  00012934    00000004     --HOLE-- [fill = 0]
                  00012938    00000032     sysbios.aem4f : BIOS.obj (.text:ti_sysbios_hal_Hwi_initStack)
                  0001296a    00000006     driverlib.lib : emac.obj (.text:EMACRxDMADescriptorListSet)
                  00012970    00000032     sysbios.aem4f : BIOS.obj (.text:ti_sysbios_knl_Semaphore_pendTimeout__I)
                  000129a2    00000030     driverlib.lib : emac.obj (.text:EMACAddrSet)
                  000129d2    00000002     --HOLE-- [fill = 0]
                  000129d4    00000030     drivers_tivaware.aem4f : EMACSnow.oem4f (.text:EMACSnow_handlePackets)
                  00012a04    00000030     netctrl_min_ipv4.aem4f : netsrv.oem4f (.text:NS_PreBoot)
                  00012a34    00000030     stk.aem4f : sock.oem4f (.text:SockBind)
                  00012a64    00000030               : sock.oem4f (.text:SockGetName)
                  00012a94    00000030     nettool_ipv4.aem4f : dhcpsock.oem4f (.text:dhcpPacketSend)
                  00012ac4    00000030     stk.aem4f : listlib.oem4f (.text:list_remove_node)
                  00012af4    00000030     RTOS_config_pem4f.oem4f (.text:ti_sysbios_BIOS_atExitFunc__I)
                  00012b24    00000004     --HOLE-- [fill = 0]
                  00012b28    00000030     sysbios.aem4f : BIOS.obj (.text:ti_sysbios_family_arm_m3_TaskSupport_start__E)
                  00012b58    00000030     RTOS_config_pem4f.oem4f (.text:ti_sysbios_gates_GateHwi_Object__create__S)
                  00012b88    00000030     RTOS_config_pem4f.oem4f (.text:ti_sysbios_gates_GateMutex_Object__create__S)
                  00012bb8    00000030     RTOS_config_pem4f.oem4f (.text:ti_sysbios_heaps_HeapMem_Object__create__S)
                  00012be8    00000030     RTOS_config_pem4f.oem4f (.text:ti_sysbios_knl_Semaphore_construct)
                  00012c18    00000030     RTOS_config_pem4f.oem4f (.text:ti_uia_loggers_LoggerStopMode_Object__create__S)
                  00012c48    00000030     ti.targets.arm.rtsarm.aem4f : SysMin.oem4f (.text:xdc_runtime_SysMin_abort__E)
                  00012c78    00000030                                 : System.oem4f (.text:xdc_runtime_System_processAtExit__E)
                  00012ca8    0000002e     stk.aem4f : sb.oem4f (.text:SBFree)
                  00012cd6    0000002c     driverlib.lib : emac.obj (.text:EMACIntStatus)
                  00012d02    0000002c     stk.aem4f : file.oem4f (.text:FdSignalEvent)
                  00012d2e    00000002     --HOLE-- [fill = 0]
                  00012d30    0000002c               : igmp.oem4f (.text:IGMPTestGroup)
                  00012d5c    0000002c     os.aem4f : task.oem4f (.text:NDK_hookCreate)
                  00012d88    0000002c     stk.aem4f : nimu.oem4f (.text:NIMUAllocateIndex)
                  00012db4    0000002c               : nimu.oem4f (.text:NIMUPacketServiceCheck)
                  00012de0    0000002c               : pipe.oem4f (.text:PipeClose)
                  00012e0c    0000002c               : sockpcb.oem4f (.text:SockPcbAttach)
                  00012e38    0000002c               : lli.oem4f (.text:_LLIExpListRemove)
                  00012e64    0000002c               : lli.oem4f (.text:_LLITimeoutFlush)
                  00012e90    0000002c               : rtable.oem4f (.text:_RtExpListRemove)
                  00012ebc    0000002c     RTOS_config_pem4f.oem4f (.text:ti_sysbios_knl_Clock_doTick__I)
                  00012ee8    0000002c     RTOS_config_pem4f.oem4f (.text:ti_sysbios_knl_Queue_construct)
                  00012f14    00000004     --HOLE-- [fill = 0]
                  00012f18    0000002c     sysbios.aem4f : BIOS.obj (.text:ti_sysbios_knl_Task_restore__E)
                  00012f44    0000002c     driverlib.lib : udma.obj (.text:uDMAChannelAssign)
                  00012f70    0000002c     ti.targets.arm.rtsarm.aem4f : Text.oem4f (.text:xdc_runtime_Text_cordText__E)
                  00012f9c    0000002a     driverlib.lib : gpio.obj (.text:GPIODirModeSet)
                  00012fc6    0000002a     stk.aem4f : pbm.oem4f (.text:PBMQ_deq)
                  00012ff0    0000002a     netctrl_min_ipv4.aem4f : netsrv.oem4f (.text:ServiceCallback)
                  0001301a    0000002a     nettool_ipv4.aem4f : config.oem4f (.text:_CfgRelease)
                  00013044    0000002a     ti.targets.arm.rtsarm.aem4f : System.oem4f (.text:xdc_runtime_System_putchar__I)
                  0001306e    00000002     --HOLE-- [fill = 0]
                  00013070    00000028     stk.aem4f : bind.oem4f (.text:BindFindByNet)
                  00013098    00000028               : lli.oem4f (.text:LLIFree)
                  000130c0    00000028     netctrl_min_ipv4.aem4f : netctrl.oem4f (.text:NC_SystemClose)
                  000130e8    00000028     stk.aem4f : nimu.oem4f (.text:NIMUCreatePacket)
                  00013110    00000028               : nimu.oem4f (.text:NIMUPacketService)
                  00013138    00000028               : tcpin.oem4f (.text:TcpEnterTimeWait)
                  00013160    00000028               : timer.oem4f (.text:TimerListRemove)
                  00013188    00000028               : vlan.oem4f (.text:VLANFindSourceInterface)
                  000131b0    00000028               : vlan.oem4f (.text:VLANInit)
                  000131d8    00000028     nettool_ipv4.aem4f : dhcpsock.oem4f (.text:dhcpPacketReceive)
                  00013200    00000028     rtsv7M4_T_le_v4SPD16_eabi.lib : e_sqrtf.obj (.text)
                  00013228    00000028     drivers_tivaware.aem4f : EMACSnow.oem4f (.text:signalLinkChange)
                  00013250    00000028     RTOS_config_pem4f.oem4f (.text:ti_sysbios_BIOS_startFunc__I)
                  00013278    00000028     sysbios.aem4f : BIOS.obj (.text:ti_sysbios_knl_Swi_Module_startup__E)
                  000132a0    00000028     driverlib.lib : udma.obj (.text:uDMAChannelModeGet)
                  000132c8    00000026     nettool_ipv4.aem4f : config.oem4f (.text:CfgEntryInfo)
                  000132ee    00000026     driverlib.lib : emac.obj (.text:EMACPHYRead)
                  00013314    00000026                   : emac.obj (.text:EMACPHYWrite)
                  0001333a    00000026     stk.aem4f : rawethsock.oem4f (.text:RawEthSockClose)
                  00013360    00000026     RTOS_config_pem4f.oem4f (.text:ti_ndk_config_udp_init)
                  00013386    00000026     sysbios.aem4f : m3_Hwi_asm.obj (.text:ti_sysbios_family_arm_m3_Hwi_pendSV__I)
                  000133ac    00000026     ti.targets.arm.rtsarm.aem4f : System.oem4f (.text:xdc_runtime_System_avprintf__E)
                  000133d2    00000002     --HOLE-- [fill = 0]
                  000133d4    00000024     stk.aem4f : bind.oem4f (.text:BindFindByHost)
                  000133f8    00000024               : bind.oem4f (.text:BindGetIFByDBCast)
                  0001341c    00000024     drivers_tivaware.aem4f : EMACSnow.oem4f (.text:EMACSnow_pkt_service)
                  00013440    00000024                            : EMACSnow.oem4f (.text:EMACSnow_primeRx)
                  00013464    00000024     stk.aem4f : exec.oem4f (.text:ExecTimer)
                  00013488    00000024               : nimu.oem4f (.text:NIMUFindByIndex)
                  000134ac    00000024               : rtc.oem4f (.text:RTCAddHook)
                  000134d0    00000024               : rawethsock_pcb.oem4f (.text:RawEthSockPcbFind)
                  000134f4    00000024               : route.oem4f (.text:RtFree)
                  00013518    00000024               : route.oem4f (.text:RtSetTimeout)
                  0001353c    00000024               : sockpcb.oem4f (.text:SockPcbCleanup)
                  00013560    00000024               : tcpprot.oem4f (.text:TcpPrListen)
                  00013584    00000024               : tcptime.oem4f (.text:TcpTimeoutWait2)
                  000135a8    00000024     nettool_ipv4.aem4f : config.oem4f (.text:_CfgEntryProcess)
                  000135cc    00000024     RTOS_config_pem4f.oem4f (.text:ti_sysbios_BIOS_registerRTSLock__I)
                  000135f0    00000024     RTOS_config_pem4f.oem4f (.text:ti_sysbios_BIOS_removeRTSLock__I)
                  00013614    00000004     --HOLE-- [fill = 0]
                  00013618    00000024     sysbios.aem4f : BIOS.obj (.text:ti_sysbios_family_arm_m3_Hwi_doTaskRestore__I)
                  0001363c    00000024     RTOS_config_pem4f.oem4f (.text:ti_sysbios_gates_GateMutex_Object__delete__S)
                  00013660    00000024     sysbios.aem4f : BIOS.obj (.text:ti_sysbios_knl_Clock_Module_startup__E)
                  00013684    00000024     RTOS_config_pem4f.oem4f (.text:ti_sysbios_knl_Semaphore_Object__delete__S)
                  000136a8    00000024     driverlib.lib : udma.obj (.text:uDMAChannelControlSet)
                  000136cc    00000024     ti.targets.arm.rtsarm.aem4f : System.oem4f (.text:xdc_runtime_System_vprintf__E)
                  000136f0    00000022     nettool_ipv4.aem4f : config.oem4f (.text:CfgEntryRef)
                  00013712    00000022     stk.aem4f : vlan.oem4f (.text:VLANFindNode)
                  00013734    00000022     eth_network.obj (.text:setsockopt)
                  00013756    00000002     --HOLE-- [fill = 0]
                  00013758    00000022     sysbios.aem4f : BIOS.obj (.text:ti_sysbios_family_arm_lm4_Timer_write__I)
                  0001377a    00000022     RTOS_config_pem4f.oem4f (.text:xdc_runtime_SysMin_output__I)
                  0001379c    00000020     netctrl_min_ipv4.aem4f : netctrl.oem4f (.text:NC_BootComplete)
                  000137bc    00000020     stk.aem4f : nimu.oem4f (.text:NIMUGetNumOfObject)
                  000137dc    00000020               : rtc.oem4f (.text:RTCRemoveHook)
                  000137fc    00000020               : tcp.oem4f (.text:TcpTimeoutRemove)
                  0001381c    00000020     Boot.aem4f : Boot_sysctl.oem4f (.text:_SysCtlMemTimingGet)
                  0001383c    00000020     RTOS_config_pem4f.oem4f (.text:ti_sysbios_BIOS_rtsLock__I)
                  0001385c    00000020     RTOS_config_pem4f.oem4f (.text:ti_sysbios_family_arm_m3_Hwi_Object__delete__S)
                  0001387c    00000020     sysbios.aem4f : m3_Hwi_asm.obj (.text:ti_sysbios_family_arm_m3_Hwi_excHandlerAsm__I)
                  0001389c    00000004     --HOLE-- [fill = 0]
                  000138a0    00000020                   : BIOS.obj (.text:ti_sysbios_family_arm_m3_Hwi_excHandler__I)
                  000138c0    00000020     RTOS_config_pem4f.oem4f (.text:ti_sysbios_gates_GateHwi_Object__delete__S)
                  000138e0    00000020     RTOS_config_pem4f.oem4f (.text:ti_sysbios_heaps_HeapMem_Object__delete__S)
                  00013900    00000020     sysbios.aem4f : BIOS.obj (.text:ti_sysbios_knl_Idle_run__E)
                  00013920    00000020     RTOS_config_pem4f.oem4f (.text:ti_sysbios_knl_Semaphore_Object__destruct__S)
                  00013940    00000020     RTOS_config_pem4f.oem4f (.text:ti_sysbios_knl_Swi_Object__delete__S)
                  00013960    00000020     RTOS_config_pem4f.oem4f (.text:ti_sysbios_knl_Task_Object__delete__S)
                  00013980    00000020     RTOS_config_pem4f.oem4f (.text:ti_uia_loggers_LoggerStopMode_Object__delete__S)
                  000139a0    00000020     ti.targets.arm.rtsarm.aem4f : Registry.oem4f (.text:xdc_runtime_Registry_findById__E)
                  000139c0    00000020                                 : SysMin.oem4f (.text:xdc_runtime_SysMin_Module_startup__E)
                  000139e0    0000001e     stk.aem4f : listlib.oem4f (.text:list_remove)
                  000139fe    0000001e     eth_network.obj (.text:recv)
                  00013a1c    0000001e     eth_network.obj (.text:send)
                  00013a3a    0000001e     RTOS_config_pem4f.oem4f (.text:ti_sysbios_BIOS_errorRaiseHook__I)
                  00013a58    0000001e     sysbios.aem4f : m3_Hwi_asm_switch.obj (.text:ti_sysbios_family_xxx_Hwi_switchAndRunFunc)
                  00013a76    00000002     --HOLE-- [fill = 0]
                  00013a78    0000001c     stk.aem4f : bind.oem4f (.text:BindFindByIF)
                  00013a94    0000001c               : exec.oem4f (.text:ExecBroadcast)
                  00013ab0    0000001c     os.aem4f : ossys.oem4f (.text:NDK_sprintf)
                  00013acc    0000001c     stk.aem4f : nimu.oem4f (.text:NIMUAddHeader)
                  00013ae8    0000001c               : sockprot.oem4f (.text:SockPrDetach)
                  00013b04    0000001c     os.aem4f : task.oem4f (.text:TaskDestroy)
                  00013b20    0000001c     driverlib.lib : sysctl.obj (.text:_SysCtlMemTimingGet)
                  00013b3c    0000001c     drivers_tivaware.aem4f : GPIOTiva.oem4f (.text:getGpioIntIndex)
                  00013b58    0000001c     RTOS_config_pem4f.oem4f (.text:ti_ndk_config_global_taskCreateHook)
                  00013b74    00000004     --HOLE-- [fill = 0]
                  00013b78    0000001c     sysbios.aem4f : BIOS.obj (.text:ti_sysbios_gates_GateMutex_Instance_init__E)
                  00013b94    0000001c     RTOS_config_pem4f.oem4f (.text:ti_sysbios_knl_Queue_Object__destruct__S)
                  00013bb0    0000001c     sysbios.aem4f : BIOS.obj (.text:ti_sysbios_knl_Task_enter__I)
                  00013bcc    0000001c     ti.uia.loggers.aem4f : LoggerStopMode.oem4f (.text:ti_uia_loggers_LoggerStopMode_Instance_init__E)
                  00013be8    0000001c     ti.targets.arm.rtsarm.aem4f : Error.oem4f (.text:xdc_runtime_Error_raiseX__E)
                  00013c04    0000001c                                 : Memory.oem4f (.text:xdc_runtime_Memory_valloc__E)
                  00013c20    0000001c                                 : SysMin.oem4f (.text:xdc_runtime_SysMin_exit__E)
                  00013c3c    0000001c                                 : System.oem4f (.text:xdc_runtime_System_abort__E)
                  00013c58    0000001a     stk.aem4f : bind.oem4f (.text:BindGetIP)
                  00013c72    0000001a               : sockint.oem4f (.text:SockSetOOBMark)
                  00013c8c    0000001a               : file.oem4f (.text:fdint_getfdt)
                  00013ca6    0000001a     RTOS_config_pem4f.oem4f (.text:ti_sysbios_family_arm_m3_Hwi_Handle__label__S)
                  00013cc0    0000001a     RTOS_config_pem4f.oem4f (.text:ti_sysbios_gates_GateHwi_Handle__label__S)
                  00013cda    0000001a     RTOS_config_pem4f.oem4f (.text:ti_sysbios_gates_GateMutex_Handle__label__S)
                  00013cf4    0000001a     RTOS_config_pem4f.oem4f (.text:ti_sysbios_heaps_HeapMem_Handle__label__S)
                  00013d0e    0000001a     RTOS_config_pem4f.oem4f (.text:ti_sysbios_knl_Swi_Handle__label__S)
                  00013d28    0000001a     RTOS_config_pem4f.oem4f (.text:ti_sysbios_knl_Task_Handle__label__S)
                  00013d42    00000006     driverlib.lib : emac.obj (.text:EMACTxDMADescriptorListSet)
                  00013d48    0000001a     sysbios.aem4f : BIOS.obj (.text:ti_sysbios_knl_Task_sleepTimeout__I)
                  00013d62    0000001a     RTOS_config_pem4f.oem4f (.text:ti_uia_loggers_LoggerStopMode_Handle__label__S)
                  00013d7c    0000001a     RTOS_config_pem4f.oem4f (.text:xdc_runtime_System_aprintf__E)
                  00013d96    0000001a     RTOS_config_pem4f.oem4f (.text:xdc_runtime_System_printf__E)
                  00013db0    00000018     driverlib.lib : adc.obj (.text:ADCClockConfigSet)
                  00013dc8    00000018     drivers_tivaware.aem4f : EMACSnow.oem4f (.text:EMACSnow_emacSend)
                  00013de0    00000018     stk.aem4f : ip.oem4f (.text:IPRtChange)
                  00013df8    00000018               : rawethsock_pcb.oem4f (.text:RawEthSockPcbCleanup)
                  00013e10    00000018     nettool_ipv4.aem4f : ipaddr.oem4f (.text:RouteHook)
                  00013e28    00000018     stk.aem4f : tcpin.oem4f (.text:SEQ_GEQ)
                  00013e40    00000018               : tcpout.oem4f (.text:SEQ_GEQ)
                  00013e58    00000018               : tcpin.oem4f (.text:SEQ_GT)
                  00013e70    00000018               : tcpout.oem4f (.text:SEQ_GT)
                  00013e88    00000018               : tcpin.oem4f (.text:SEQ_LEQ)
                  00013ea0    00000018               : tcpout.oem4f (.text:SEQ_LEQ)
                  00013eb8    00000018               : tcpin.oem4f (.text:SEQ_LT)
                  00013ed0    00000018               : tcpout.oem4f (.text:SEQ_LT)
                  00013ee8    00000018               : tcp.oem4f (.text:TcpTimeoutAdd)
                  00013f00    00000018     nettool_ipv4.aem4f : dhcpsock.oem4f (.text:dhcpSocketClose)
                  00013f18    00000018     stk.aem4f : listlib.oem4f (.text:list_add)
                  00013f30    00000018     rtsv7M4_T_le_v4SPD16_eabi.lib : args_main.obj (.text)
                  00013f48    00000018                                   : strcmp.obj (.text)
                  00013f60    00000018     RTOS_config_pem4f.oem4f (.text:ti_sysbios_BIOS_rtsUnlock__I)
                  00013f78    00000018     RTOS_config_pem4f.oem4f (.text:ti_sysbios_family_arm_lm4_Timer_Module__startupDone__F)
                  00013f90    00000018     RTOS_config_pem4f.oem4f (.text:ti_sysbios_family_arm_m3_Hwi_Module__startupDone__F)
                  00013fa8    00000018     sysbios.aem4f : m3_TaskSupport_asm.obj (.text:ti_sysbios_family_arm_m3_TaskSupport_swap__E)
                  00013fc0    00000018                   : BIOS.obj (.text:ti_sysbios_gates_GateMutex_leave__E)
                  00013fd8    00000018     driverlib.lib : udma.obj (.text:uDMAChannelEnable)
                  00013ff0    00000018     ti.targets.arm.rtsarm.aem4f : Error.oem4f (.text:xdc_runtime_Error_check__E)
                  00014008    00000018                                 : System.oem4f (.text:xdc_runtime_System_exit__E)
                  00014020    00000018                                 : Text.oem4f (.text:xdc_runtime_Text_ropeText__E)
                  00014038    00000016     driverlib.lib : emac.obj (.text:EMACReset)
                  0001404e    00000016                   : emac.obj (.text:EMACRxEnable)
                  00014064    00000016                   : emac.obj (.text:EMACTxEnable)
                  0001407a    00000016     stk.aem4f : file.oem4f (.text:fdint_freefdt)
                  00014090    00000016     RTOS_config_pem4f.oem4f (.text:ti_sysbios_BIOS_exitFunc__I)
                  000140a6    00000016     eth_network.obj (.text:ti_sysbios_knl_Task_Params_init)
                  000140bc    00000016     ti.uia.loggers.aem4f : LoggerStopMode.oem4f (.text:ti_uia_loggers_LoggerStopMode_disable__E)
                  000140d2    00000016                          : LoggerStopMode.oem4f (.text:ti_uia_loggers_LoggerStopMode_enable__E)
                  000140e8    00000016     ti.targets.arm.rtsarm.aem4f : System.oem4f (.text:xdc_runtime_System_vsprintf__E)
                  000140fe    00000014     stk.aem4f : bind.oem4f (.text:BindIPHost2IF)
                  00014112    00000002     --HOLE-- [fill = 0]
                  00014114    00000014     driverlib.lib : flash.obj (.text:FlashUserGet)
                  00014128    00000014     netctrl_min_ipv4.aem4f : netctrl.oem4f (.text:NC_NetStop)
                  0001413c    00000014     os.aem4f : task.oem4f (.text:NDK_hookExit)
                  00014150    00000014     stk.aem4f : nimu.oem4f (.text:NIMUSendPacket)
                  00014164    00000014     nettool_ipv4.aem4f : ipaddr.oem4f (.text:NtRemoveNetwork)
                  00014178    00000014     stk.aem4f : rawethsock_pcb.oem4f (.text:RawEthSockPcbInit)
                  0001418c    00000014               : timer.oem4f (.text:TimerFree)
                  000141a0    00000014     eth_network.obj (.text:accept)
                  000141b4    00000014     eth_network.obj (.text:bind)
                  000141c8    00000014     main.obj (.text:initSamplesTask)
                  000141dc    00000014     rtsv7M4_T_le_v4SPD16_eabi.lib : _lock.obj (.text)
                  000141f0    00000014                                   : strcpy.obj (.text)
                  00014204    00000014                                   : strlen.obj (.text)
                  00014218    00000014     eth_network.obj (.text:socket)
                  0001422c    00000014     RTOS_config_pem4f.oem4f (.text:ti_ndk_config_global_taskExitHook)
                  00014240    00000014     RTOS_config_pem4f.oem4f (.text:ti_sysbios_family_arm_m3_Hwi_Object__get__S)
                  00014254    00000004     --HOLE-- [fill = 0]
                  00014258    00000014     sysbios.aem4f : BIOS.obj (.text:ti_sysbios_family_arm_m3_Hwi_switchFromBootStack__E)
                  0001426c    00000014     RTOS_config_pem4f.oem4f (.text:ti_sysbios_heaps_HeapMem_Object__get__S)
                  00014280    00000014     RTOS_config_pem4f.oem4f (.text:ti_sysbios_knl_Swi_Object__get__S)
                  00014294    00000014     RTOS_config_pem4f.oem4f (.text:ti_sysbios_knl_Task_Object__first__S)
                  000142a8    00000014     RTOS_config_pem4f.oem4f (.text:ti_sysbios_knl_Task_Object__get__S)
                  000142bc    00000014     RTOS_config_pem4f.oem4f (.text:ti_sysbios_knl_Task_Object__next__S)
                  000142d0    00000012     driverlib.lib : adc.obj (.text:ADCHardwareOversampleConfigure)
                  000142e2    00000012                   : gpio.obj (.text:GPIOPinTypeADC)
                  000142f4    00000012                   : gpio.obj (.text:GPIOPinTypeEthernetLED)
                  00014306    00000012     stk.aem4f : sockprot.oem4f (.text:SockPrAttach)
                  00014318    00000012               : sockint.oem4f (.text:SockSetOOBData)
                  0001432a    00000012     driverlib.lib : timer.obj (.text:TimerLoadSet)
                  0001433c    00000012     main.obj (.text:heartBeat_Task)
                  0001434e    00000012     nettool_ipv4.aem4f : inetaddr.oem4f (.text:inet_addr)
                  00014360    00000012     sysbios.aem4f : BIOS.obj (.text:ti_sysbios_hal_Hwi_Module_startup__E)
                  00014372    00000006     driverlib.lib : gpio.obj (.text:GPIOIntClear)
                  00014378    00000012     sysbios.aem4f : BIOS.obj (.text:ti_sysbios_knl_Semaphore_reset__E)
                  0001438a    00000012     RTOS_config_pem4f.oem4f (.text:xdc_runtime_Startup_exec__I)
                  0001439c    00000010     RTOS_config_pem4f.oem4f (.text:.bootCodeSection:ti_catalog_arm_cortexm4_tiva_ce_Boot_init__I)
                  000143ac    00000010     driverlib.lib : adc.obj (.text:ADCSequenceDMAEnable)
                  000143bc    00000010     stk.aem4f : bind.oem4f (.text:BindIF2IPHost)
                  000143cc    00000010               : bind.oem4f (.text:BindIFNet2IPHost)
                  000143dc    00000010     driverlib.lib : emac.obj (.text:EMACFrameFilterSet)
                  000143ec    00000010     stk.aem4f : exec.oem4f (.text:ExecHRef)
                  000143fc    00000010     netctrl_min_ipv4.aem4f : netctrl.oem4f (.text:NC_IPUpdate)
                  0001440c    00000010     stk.aem4f : nimu.oem4f (.text:NIMUGetRsvdSizeInfo)
                  0001441c    00000010     eth_network.obj (.text:listen)
                  0001442c    00000004     --HOLE-- [fill = 0]
                  00014430    00000010     sysbios.aem4f : BIOS.obj (.text:ti_sysbios_BIOS_getCpuFreq__E)
                  00014440    00000010                   : BIOS.obj (.text:ti_sysbios_BIOS_setThreadType__E)
                  00014450    00000010                   : BIOS.obj (.text:ti_sysbios_BIOS_start__E)
                  00014460    00000010                   : BIOS.obj (.text:ti_sysbios_family_arm_lm4_TimestampProvider_rolloverFunc__E)
                  00014470    00000010                   : m3_TaskSupport_asm.obj (.text:ti_sysbios_family_arm_m3_TaskSupport_glue)
                  00014480    00000010                   : BIOS.obj (.text:ti_sysbios_gates_GateMutex_Instance_finalize__E)
                  00014490    00000010                   : BIOS.obj (.text:ti_sysbios_knl_Semaphore_Instance_finalize__E)
                  000144a0    00000010                   : BIOS.obj (.text:ti_sysbios_knl_Swi_disable__E)
                  000144b0    00000010                   : BIOS.obj (.text:ti_sysbios_knl_Task_disable__E)
                  000144c0    00000010     RTOS_config_pem4f.oem4f (.text:ti_uia_loggers_LoggerStopMode_Object__get__S)
                  000144d0    00000010     ti.uia.loggers.aem4f : LoggerStopMode.oem4f (.text:ti_uia_loggers_LoggerStopMode_isEmpty__E)
                  000144e0    00000010     driverlib.lib : udma.obj (.text:uDMADisable)
                  000144f0    00000010                   : udma.obj (.text:uDMAEnable)
                  00014500    00000010     ti.targets.arm.rtsarm.aem4f : Gate.oem4f (.text:xdc_runtime_Gate_leaveSystem__E)
                  00014510    00000010                                 : Memory.oem4f (.text:xdc_runtime_Memory_free__E)
                  00014520    00000010                                 : SysMin.oem4f (.text:xdc_runtime_SysMin_ready__E)
                  00014530    00000010                                 : System.oem4f (.text:xdc_runtime_System_vsnprintf__E)
                  00014540    00000010     RTOS_config_pem4f.oem4f (.text:xdc_runtime_Text_visitRope__I)
                  00014550    0000000e     driverlib.lib : adc.obj (.text:ADCSequenceDisable)
                  0001455e    0000000e                   : adc.obj (.text:ADCSequenceEnable)
                  0001456c    0000000e     drivers_tivaware.aem4f : EMACSnow.oem4f (.text:EMACSnow_emacioctl)
                  0001457a    0000000e     stk.aem4f : exec.oem4f (.text:ExecLowResource)
                  00014588    0000000e     driverlib.lib : gpio.obj (.text:GPIOIntStatus)
                  00014596    0000000e                   : timer.obj (.text:TimerEnable)
                  000145a4    0000000e     rtsv7M4_T_le_v4SPD16_eabi.lib : copy_decompress_none.obj (.text:decompress:none)
                  000145b2    00000006     driverlib.lib : gpio.obj (.text:GPIOPinRead)
                  000145b8    0000000e     sysbios.aem4f : BIOS.obj (.text:ti_sysbios_knl_Idle_loop__E)
                  000145c6    00000002     --HOLE-- [fill = 0]
                  000145c8    0000000e                   : BIOS.obj (.text:ti_sysbios_knl_Queue_empty__E)
                  000145d6    0000000c     driverlib.lib : adc.obj (.text:ADCReferenceSet)
                  000145e2    00000002     --HOLE-- [fill = 0]
                  000145e4    0000000c     stk.aem4f : bind.oem4f (.text:BindGetFirst)
                  000145f0    0000000c     nettool_ipv4.aem4f : config.oem4f (.text:CfgSetDefault)
                  000145fc    0000000c     drivers_tivaware.aem4f : EMACSnow.oem4f (.text:EMACSnow_init)
                  00014608    0000000c     os.aem4f : task.oem4f (.text:NDK_hookInit)
                  00014614    0000000c     stk.aem4f : nimu.oem4f (.text:NIMUSetRsvdSizeInfo)
                  00014620    0000000c     os.aem4f : task.oem4f (.text:NotifyLowResource)
                  0001462c    0000000c     stk.aem4f : pbm.oem4f (.text:PBM_close)
[...]
00017728  ti_sysbios_knl_Task_Module__loggerFxn2__C                            
0001772c  ti_sysbios_knl_Task_Module__loggerFxn4__C                            
00017730  ti_sysbios_knl_Task_Module__loggerObj__C                             
00017734  ti_sysbios_knl_Task_Object__count__C                                 
00017738  ti_sysbios_knl_Task_Object__heap__C                                  
0001773c  ti_sysbios_knl_Task_allBlockedFunc__C                                
00017740  ti_sysbios_knl_Task_defaultStackHeap__C                              
00017744  ti_sysbios_knl_Task_defaultStackSize__C                              
00017748  ti_sysbios_knl_Task_numConstructedTasks__C                           
0001774c  ti_sysbios_utils_Load_LS_cpuLoad__C                                  
00017750  ti_sysbios_utils_Load_LS_taskLoad__C                                 
00017754  ti_sysbios_utils_Load_Module_State_taskList__O                       
00017758  ti_sysbios_utils_Load_Module__diagsEnabled__C                        
0001775c  ti_sysbios_utils_Load_Module__diagsIncluded__C                       
00017760  ti_sysbios_utils_Load_Module__diagsMask__C                           
00017764  ti_sysbios_utils_Load_Module__loggerFxn1__C                          
00017768  ti_sysbios_utils_Load_Module__loggerFxn4__C                          
0001776c  ti_sysbios_utils_Load_Module__loggerObj__C                           
00017770  ti_sysbios_utils_Load_postUpdate__C                                  
00017774  ti_sysbios_utils_Load_windowInMs__C                                  
00017778  ti_uia_loggers_LoggerStopMode_Module__diagsEnabled__C                
0001777c  ti_uia_loggers_LoggerStopMode_Module__diagsIncluded__C               
00017780  ti_uia_loggers_LoggerStopMode_Module__diagsMask__C                   
00017784  ti_uia_loggers_LoggerStopMode_Object__count__C                       
00017788  ti_uia_runtime_ILoggerSnapshot_Interface__BASE__C                    
0001778c  ti_uia_runtime_IUIATransfer_Interface__BASE__C                       
00017790  xdc_runtime_Assert_E_assertFailed__C                                 
00017794  xdc_runtime_Core_A_initializedParams__C                              
00017798  xdc_runtime_Core_Module__diagsEnabled__C                             
0001779c  xdc_runtime_Core_Module__diagsIncluded__C                            
000177a0  xdc_runtime_Core_Module__diagsMask__C                                
000177a4  xdc_runtime_Error_E_memory__C                                        
000177a8  xdc_runtime_Error_Module__diagsEnabled__C                            
000177ac  xdc_runtime_Error_Module__diagsIncluded__C                           
000177b0  xdc_runtime_Error_Module__diagsMask__C                               
000177b4  xdc_runtime_Error_Module__loggerFxn8__C                              
000177b8  xdc_runtime_Error_Module__loggerObj__C                               
000177bc  xdc_runtime_Error_policyFxn__C                                       
000177c0  xdc_runtime_Error_raiseHook__C                                       
000177c4  xdc_runtime_IFilterLogger_Interface__BASE__C                         
000177c8  xdc_runtime_IGateProvider_Interface__BASE__C                         
000177cc  xdc_runtime_IHeap_Interface__BASE__C                                 
000177d0  xdc_runtime_ILogger_Interface__BASE__C                               
000177d4  xdc_runtime_IModule_Interface__BASE__C                               
000177d8  xdc_runtime_Log_L_error__C                                           
000177dc  xdc_runtime_Memory_defaultHeapInstance__C                            
000177e0  xdc_runtime_Startup_execImpl__C                                      
000177e4  xdc_runtime_Startup_lastFxns__A                                      
000177e8  xdc_runtime_Startup_maxPasses__C                                     
000177ec  xdc_runtime_Startup_sfxnRts__C                                       
000177f0  xdc_runtime_Startup_sfxnTab__C                                       
000177f4  xdc_runtime_SysMin_bufSize__C                                        
000177f8  xdc_runtime_SysMin_outputFunc__C                                     
000177fc  xdc_runtime_System_Module__gateObj__C                                
00017800  xdc_runtime_System_abortFxn__C                                       
00017804  xdc_runtime_System_exitFxn__C                                        
00017808  xdc_runtime_System_extendFxn__C                                      
0001780c  xdc_runtime_System_maxAtexitHandlers__C                              
00017810  xdc_runtime_Text_charTab__C                                          
00017814  xdc_runtime_Text_nameEmpty__C                                        
00017818  xdc_runtime_Text_nameStatic__C                                       
0001781c  xdc_runtime_Text_nameUnknown__C                                      
00017820  xdc_runtime_Text_nodeTab__C                                          
00017824  xdc_runtime_Text_visitRopeFxn__C                                     
00017828  ti_sysbios_family_arm_m3_Hwi_Module__id__C                           
0001782a  ti_sysbios_family_arm_m3_Hwi_Module__loggerDefined__C                
0001782c  ti_sysbios_gates_GateMutex_Module__id__C                             
0001782e  ti_sysbios_hal_Hwi_Module__id__C                                     
00017830  ti_sysbios_heaps_HeapMem_Module__id__C                               
00017832  ti_sysbios_knl_Clock_Module__id__C                                   
00017834  ti_sysbios_knl_Clock_Module__loggerDefined__C                        
00017836  ti_sysbios_knl_Semaphore_Module__id__C                               
00017838  ti_sysbios_knl_Semaphore_Module__loggerDefined__C                    
0001783a  ti_sysbios_knl_Swi_Module__id__C                                     
0001783c  ti_sysbios_knl_Swi_Module__loggerDefined__C                          
0001783e  ti_sysbios_knl_Task_Module__id__C                                    
00017840  ti_sysbios_knl_Task_Module__loggerDefined__C                         
00017842  ti_sysbios_utils_Load_Module__id__C                                  
00017844  ti_sysbios_utils_Load_Module__loggerDefined__C                       
00017846  ti_sysbios_utils_Load_autoAddTasks__C                                
00017848  ti_sysbios_utils_Load_updateInIdle__C                                
0001784a  ti_uia_loggers_LoggerStopMode_Module__id__C                          
0001784c  ti_uia_loggers_LoggerStopMode_isTimestampEnabled__C                  
0001784e  xdc_runtime_Core_Module__id__C                                       
00017850  xdc_runtime_Error_Module__loggerDefined__C                           
00017852  xdc_runtime_Error_maxDepth__C                                        
00017854  xdc_runtime_Memory_Module__id__C                                     
00017856  xdc_runtime_SysMin_flushAtExit__C                                    
00017858  xdc_runtime_Text_charCnt__C                                          
0001785a  xdc_runtime_Text_isLoaded__C                                         
0001785c  xdc_runtime_Text_registryModsLastId__C                               
0001785e  xdc_runtime_Text_unnamedModsLastId__C                                
00017860  __TI_static_base__                                                   
00017d04  __TI_Handler_Table_Base                                              
00017d10  __TI_Handler_Table_Limit                                             
00017d20  __TI_CINIT_Base                                                      
00017d38  __TI_CINIT_Limit                                                     
20000000  ti_sysbios_family_arm_m3_Hwi_ramVectors                              
20000400  ti_sysbios_heaps_HeapMem_Instance_State_0_buf__A                     
20005400  ti_ndk_config_Global_pit                                             
200054a8  ti_ndk_config_Global_pitBuffer                                       
20009ca8  _ICMPIn                                                              
20009cf4  PBMQ_free                                                            
20009d00  ti_ndk_config_Global_pBufMem                                         
2000d900  ti_ndk_config_Global_pHdrMem                                         
2000dbf8  g_float32_ai0                                                        
2000fbf8  g_float32_scope                                                      
20011c00  ti_uia_loggers_LoggerStopMode_Instance_State_0_packetArray__A        
20012c00  ti_uia_loggers_LoggerStopMode_Instance_State_2_packetArray__A        
20013c00  udmaCtrlTable                                                        
20014c00  ti_sysbios_knl_Task_Instance_State_0_stack__A                        
20014e00  ti_sysbios_knl_Task_Instance_State_1_stack__A                        
20015000  ti_sysbios_knl_Task_Instance_State_2_stack__A                        
20015200  ti_sysbios_knl_Task_Instance_State_3_stack__A                        
20015800  ti_sysbios_knl_Task_Instance_State_4_stack__A                        
20015a00  g_uint16_adc0_ping                                                   
20016200  g_uint16_adc0_pong                                                   
20016a00  g_uint16_adc1_ping                                                   
20017200  g_uint16_adc1_pong                                                   
20017a00  ti_uia_loggers_LoggerStopMode_Instance_State_1_packetArray__A        
20017e00  ti_sysbios_family_arm_m3_Hwi_dispatchTable                           
20018160  __CIOBUF_                                                            
20018380  tcps                                                                 
2001869c  xdc_runtime_SysMin_Module_State_0_outbuf__A                          
2001871c  ips                                                                  
20018784  nimu_mcb                                                             
200187e8  _ICMPOut                                                             
20018874  tpseudo                                                              
20018880  ti_uia_loggers_LoggerStopMode_Instance_State_0_hdr__A                
200188b0  vlan_mcb                                                             
20018900  ti_uia_loggers_LoggerStopMode_Instance_State_1_hdr__A                
20018930  udps                                                                 
20018954  BlockCount                                                           
20018980  ti_uia_loggers_LoggerStopMode_Instance_State_2_hdr__A                
200189b0  BlockMax                                                             
200189cc  PageCount                                                            
200189e8  PageMax                                                              
20018a04  stkEvent                                                             
20018a30  raweths                                                              
20018a40  raws                                                                 
20018a50  upseudo                                                              
20018a5c  emacObjects                                                          
20018a64  ti_sysbios_knl_Task_Instance_State_0_hookEnv__A                      
20018a6c  ti_sysbios_knl_Task_Instance_State_1_hookEnv__A                      
20018a74  ti_sysbios_knl_Task_Instance_State_2_hookEnv__A                      
20018a7c  ti_sysbios_knl_Task_Instance_State_3_hookEnv__A                      
20018a84  ti_sysbios_knl_Task_Instance_State_4_hookEnv__A                      
20018aac  _IGMPInDiscard                                                       
20018ab0  _IGMPInQuery                                                         
20018ab4  _IGMPInQueryGroup                                                    
20018ab8  _IGMPInResponse                                                      
20018abc  _IGMPOutResponse                                                     
20018ac0  g_ulStatus                                                           
20018ad4  raweth_pcb                                                           
20018ad8  ti_sysbios_knl_Task_Object__table__V                                 
20018c68  _ipcfg                                                               
20018d1c  ti_uia_loggers_LoggerStopMode_Object__table__V                       
20018db8  ti_sysbios_utils_Load_Module__state__V                               
20018e50  ti_sysbios_utils_Load_Module_State_0_taskEnv__A                      
20018edc  ti_sysbios_family_arm_lm4_Timer_Object__table__V                     
20018f5c  ti_sysbios_knl_Swi_Module_State_0_readyQ__A                          
20018fdc  ti_sysbios_knl_Task_Module_State_0_readyQ__A                         
2001905c  ti_sysbios_family_arm_m3_Hwi_Object__table__V                        
200190bc  ti_sysbios_knl_Semaphore_Object__table__V                            
2001915a  ti_sysbios_family_arm_m3_Hwi_Module_State_0_excActive__A             
2001915c  ti_sysbios_knl_Task_Module__state__V                                 
20019220  ti_sysbios_family_arm_lm4_Timer_Module_State_0_device__A             
20019260  ti_sysbios_gates_GateMutex_Object__table__V                          
200192cc  ti_sysbios_family_arm_m3_Hwi_Module__state__V                        
20019300  enablePrefetch                                                       
20019304  phyCounter                                                           
20019332  xdc_runtime_Error_Module__state__V                                   
20019364  ti_sysbios_knl_Swi_Object__table__V                                  
20019394  ti_sysbios_knl_Clock_Module__state__V                                
200193c0  pstrMsgName                                                          
200193e8  _oscfg                                                               
2001940c  PITCount                                                             
20019410  PITUsed                                                              
20019414  PITHigh                                                              
20019430  ti_sysbios_BIOS_Module__state__V                                     
20019454  ti_sysbios_family_arm_lm4_Timer_Module_State_0_handles__A            
20019490  ti_ndk_config_Global_Id2Size                                         
200194ac  ti_sysbios_knl_Swi_Module__state__V                                  
200194c8  ti_ndk_config_Global_HostName                                        
200194cc  LocalIPAddr                                                          
200194d0  LocalIPMask                                                          
200194d4  GatewayIP                                                            
200194d8  DomainName                                                           
200194dc  __xdc__init__addr                                                    
20019510  ti_sysbios_heaps_HeapMem_Object__table__V                            
2001953c  gpioPinConfigs                                                       
20019554  _IGMPForceVersion1                                                   
2001955c  __TI_cleanup_ptr                                                     
20019560  __TI_dtors_ptr                                                       
20019564  __TI_enable_exit_profile_output                                      
20019568  rms_ai0                                                              
2001956c  maxValue                                                             
20019570  maxIndex                                                             
20019574  ti_sysbios_family_arm_lm4_Timer_Module__state__V                     
20019580  ti_sysbios_knl_Task_Module__root__V                                  
2001958c  ti_uia_runtime_QueueDescriptor_Module__state__V                      
20019598  xdc_runtime_SysMin_Module__state__V                                  
200195b0  _lock                                                                
200195b4  _unlock                                                              
200195b8  NIMUDeviceTable                                                      
200195c0  gpioCallbackFunctions                                                
200195d8  _ICMPInErrors                                                        
200195dc  _ICMPOutErrors                                                       
200195e0  _IPExecuting                                                         
200195f8  tcp_iss                                                              
200195fc  ptTimeFirst                                                          
20019608  ti_uia_runtime_QueueDescriptor_gPtrToFirstDescriptor                 
2001960c  ti_uia_runtime_QueueDescriptor_gUpdateCount                          
20019610  ti_sysbios_family_arm_lm4_TimestampProvider_Module__state__V         
20019618  ti_sysbios_family_arm_m3_Hwi_Module__root__V                         
20019620  ti_sysbios_gates_GateHwi_Module__root__V                             
20019628  ti_sysbios_gates_GateMutex_Module__root__V                           
20019630  ti_sysbios_heaps_HeapMem_Module__root__V                             
20019638  ti_sysbios_knl_Clock_Module__root__V                                 
20019640  ti_sysbios_knl_Queue_Module__root__V                                 
20019648  ti_sysbios_knl_Semaphore_Module__root__V                             
20019650  ti_sysbios_knl_Swi_Module__root__V                                   
20019658  ti_uia_loggers_LoggerStopMode_Module__root__V                        
20019660  xdc_runtime_Registry_Module__state__V                                
20019668  xdc_runtime_Startup_Module__state__V                                 
20019670  xdc_runtime_System_Module_State_0_atexitHandlers__A                  
20019678  xdc_runtime_System_Module__state__V                                  
20019680  macAddress                                                           
200196a0  errno                                                                
200196a4  main_func_sp                                                         
200196ac  _IPReasmPtr                                                          
200196bc  ti_sysbios_family_arm_m3_Hwi_Module_State_0_excContext__A            
200196c0  ti_sysbios_family_arm_m3_Hwi_Module_State_0_excStack__A              
200196c4  ti_sysbios_gates_GateHwi_Object__table__V                            
200196c8  ti_sysbios_knl_Task_Module_State_0_idleTask__A                       
200196cc  ti_sysbios_utils_Load_Module_State_0_runningTask__A                  
200196d0  ti_sysbios_utils_Load_Module_State_0_taskStartTime__A                
200196d4  xdc_runtime_Memory_Module__state__V                                  
200196d8  __stack                                                              
20019ed8  __STACK_END                                                          
e000e000  ti_sysbios_family_arm_m3_Hwi_nvic                                    
ffffffff  __TI_pprof_out_hndl                                                  
ffffffff  __TI_prof_data_size                                                  
ffffffff  __TI_prof_data_start                                                 
ffffffff  __binit__                                                            
ffffffff  __c_args__                                                           
ffffffff  binit                                                                
UNDEFED   SHT$$INIT_ARRAY$$Base                                                
UNDEFED   SHT$$INIT_ARRAY$$Limit                                               

[1227 symbols]
