******************************************************************************
                  TI ARM Linker PC v16.9.3                     
******************************************************************************
>> Linked Fri Sep 22 01:02:51 2017

OUTPUT FILE NAME:   <TM4C_RTOS_TCP_IP_SendReceive.out>
ENTRY POINT SYMBOL: "_c_int00"  address: 00012fc1


MEMORY CONFIGURATION

         name            origin    length      used     unused   attr    fill
----------------------  --------  ---------  --------  --------  ----  --------
  FLASH                 00000000   00100000  0002e254  000d1dac  R  X
  SRAM                  20000000   00040000  0001d4b4  00022b4c  RW X


SEGMENT ALLOCATION MAP

run origin  load origin   length   init length attrs members
----------  ----------- ---------- ----------- ----- -------
00000000    00000000    0002e260   0002e260    r-x
  00000000    00000000    0000003c   0000003c    r-- .resetVecs
  00000040    00000040    000177ca   000177ca    r-x .text
  0001780c    0001780c    00016566   00016566    r-- .const
  0002dd78    0002dd78    000004e8   000004e8    r-- .cinit
20000000    20000000    00000360   00000000    rw-
  20000000    20000000    00000360   00000000    rw- .vecs
20000400    20000400    0001d154   00000000    rw-
  20000400    20000400    0001bd3c   00000000    rw- .bss
  2001c13c    2001c13c    00000c18   00000000    rw- .data
  2001cd54    2001cd54    00000800   00000000    rw- .stack


SECTION ALLOCATION MAP

 output                                  attributes/
section   page    origin      length       input sections
--------  ----  ----------  ----------   ----------------
.text      0    00000040    000177ca     
                  00000040    0000113e     rtsv7M4_T_le_v4SPD16_eabi.lib : _printfi.obj (.text)
                  0000117e    00000002     hal_userled_stub.aem4f : llled.oem4f (.text:LED_TOGGLE)
                  00001180    00000c68     stk.aem4f : tcpin.oem4f (.text:TcpInput)
                  00001de8    000008b8               : tcpout.oem4f (.text:TcpOutput)
                  000026a0    0000070a     dsplib-cm4f.lib : arm_cfft_radix8_f32.obj (.text:arm_radix8_butterfly_f32)
                  00002daa    0000045e                     : arm_cfft_f32.obj (.text:arm_cfft_radix8by4_f32)
                  00003208    00000430     sysbios.aem4f : BIOS.obj (.text:ti_sysbios_family_arm_m3_Hwi_excDumpRegs__I)
                  00003638    00000408     stk.aem4f : ipout.oem4f (.text:IPTxPacket)
                  00003a40    00000384               : ipin.oem4f (.text:IPRxPacket)
                  00003dc4    0000034c     ti.targets.arm.rtsarm.aem4f : System.oem4f (.text:xdc_runtime_System_doPrint__I)
                  00004110    00000324     rtsv7M4_T_le_v4SPD16_eabi.lib : trgdrv.obj (.text)
                  00004434    00000004     driverlib.lib : adc.obj (.text:ADCIntClearEx)
                  00004438    000002ec     sysbios.aem4f : BIOS.obj (.text:ti_sysbios_knl_Semaphore_pend__E)
                  00004724    00000004     stk.aem4f : bind.oem4f (.text:BindGetIF)
                  00004728    000002c0     sysbios.aem4f : BIOS.obj (.text:ti_sysbios_knl_Task_Instance_finalize__E)
                  000049e8    00000284     stk.aem4f : sock.oem4f (.text:SockSet)
                  00004c6c    00000004               : bind.oem4f (.text:BindGetNext)
                  00004c70    00000258     sysbios.aem4f : BIOS.obj (.text:ti_sysbios_heaps_HeapMem_free__E)
                  00004ec8    0000024c     stk.aem4f : ipfrag.oem4f (.text:IPReasm)
                  00005114    00000004     os.aem4f : ossys.oem4f (.text:NDK_vsprintf)
                  00005118    00000248     sysbios.aem4f : BIOS.obj (.text:ti_sysbios_heaps_HeapMem_alloc__E)
                  00005360    0000023c     stk.aem4f : icmpin.oem4f (.text:ICMPInput)
                  0000559c    00000238               : udp.oem4f (.text:UdpInput)
                  000057d4    00000204     driverlib.lib : sysctl.obj (.text:SysCtlClockFreqSet)
                  000059d8    00000204     Boot.aem4f : Boot_sysctl.oem4f (.text:ti_catalog_arm_cortexm4_tiva_ce_Boot_sysCtlClockFreqSetI__I)
                  00005bdc    00000004     stk.aem4f : node.oem4f (.text:NodeSetRt)
                  00005be0    00000200     sysbios.aem4f : BIOS.obj (.text:ti_sysbios_knl_Task_sleep__E)
                  00005de0    000001fc                   : BIOS.obj (.text:ti_sysbios_family_arm_m3_Hwi_excHandlerMax__I)
                  00005fdc    000001f4     stk.aem4f : sock.oem4f (.text:SockRecv)
                  000061d0    000001f4     rtsv7M4_T_le_v4SPD16_eabi.lib : ull_div_t2.obj (.text)
                  000063c4    00000004     stk.aem4f : rawethsock_prot.oem4f (.text:RawEthSockPrAttach)
                  000063c8    000001f4     sysbios.aem4f : BIOS.obj (.text:ti_sysbios_knl_Task_Instance_init__E)
                  000065bc    000001e8     eth_network.obj (.text:tcpHandler)
                  000067a4    00000004     stk.aem4f : rawethsock_prot.oem4f (.text:RawEthSockPrDetach)
                  000067a8    000001bc     sysbios.aem4f : BIOS.obj (.text:ti_sysbios_family_arm_lm4_Timer_start__E)
                  00006964    000001b8     drivers_tivaware.aem4f : EMACSnow.oem4f (.text:EMACSnow_NIMUInit)
                  00006b1c    000001b6     rtsv7M4_T_le_v4SPD16_eabi.lib : fd_add_t2.obj (.text)
                  00006cd2    00000002     stk.aem4f : nat.oem4f (.text:NatMsg)
                  00006cd4    000001b0               : lliout.oem4f (.text:LLITxIpPacket)
                  00006e84    000001ac               : lliin.oem4f (.text:LLIRxPacket)
                  00007030    0000019c     os.aem4f : mem.oem4f (.text:mmAlloc)
                  000071cc    00000198     stk.aem4f : igmp.oem4f (.text:IGMPInput)
                  00007364    00000198     main.obj (.text:signalProcessing_Task)
                  000074fc    00000190     stk.aem4f : sock.oem4f (.text:SockNew)
                  0000768c    00000004     os.aem4f : semaphore.oem4f (.text:SemPend)
                  00007690    00000188     sysbios.aem4f : BIOS.obj (.text:ti_sysbios_knl_Task_setPri__E)
                  00007818    00000186     dsplib-cm4f.lib : arm_cfft_f32.obj (.text:arm_cfft_radix8by2_f32)
                  0000799e    00000002     os.aem4f : task.oem4f (.text:_TaskInit)
                  000079a0    0000017c     sysbios.aem4f : BIOS.obj (.text:ti_sysbios_family_arm_lm4_TimestampProvider_get64__E)
                  00007b1c    00000174     netctrl_min_ipv4.aem4f : netctrl.oem4f (.text:NC_NetStart)
                  00007c90    00000174     sysbios.aem4f : BIOS.obj (.text:ti_sysbios_family_arm_m3_Hwi_excBusFault__I)
                  00007e04    00000170     stk.aem4f : rtc.oem4f (.text:RTCReport)
                  00007f74    0000016a               : sb.oem4f (.text:SBRead)
                  000080de    00000002     os.aem4f : task.oem4f (.text:_TaskShutdown)
                  000080e0    00000164     sysbios.aem4f : BIOS.obj (.text:ti_sysbios_family_arm_m3_Hwi_excUsageFault__I)
                  00008244    00000160     stk.aem4f : sock.oem4f (.text:SockConnect)
                  000083a4    00000158     nettool_ipv4.aem4f : dhcpmain.oem4f (.text:DHCPOpen)
                  000084fc    00000150     drivers_tivaware.aem4f : GPIOTiva.oem4f (.text:GPIO_setConfig)
                  0000864c    00000004     os.aem4f : semaphore.oem4f (.text:SemPost)
                  00008650    00000148     sysbios.aem4f : BIOS.obj (.text:ti_sysbios_family_arm_m3_Hwi_excMemFault__I)
                  00008798    00000144     stk.aem4f : bind.oem4f (.text:BindNew)
                  000088dc    00000140               : tcp.oem4f (.text:TcpTimeoutCheck)
                  00008a1c    00000004     os.aem4f : semaphore.oem4f (.text:SemReset)
                  00008a20    00000140     sysbios.aem4f : BIOS.obj (.text:ti_sysbios_knl_Semaphore_post__E)
                  00008b60    0000013c     nettool_ipv4.aem4f : config.oem4f (.text:CfgAddEntry)
                  00008c9c    0000013c     stk.aem4f : sockint.oem4f (.text:SockNotify)
                  00008dd8    0000013c               : sock.oem4f (.text:SockSend)
                  00008f14    00000004     os.aem4f : task.oem4f (.text:TaskSelf)
                  00008f18    0000013c     sysbios.aem4f : BIOS.obj (.text:ti_sysbios_heaps_HeapMem_Instance_init__E)
                  00009054    00000004     os.aem4f : task.oem4f (.text:TaskSetPri)
                  00009058    0000013c     sysbios.aem4f : BIOS.obj (.text:ti_sysbios_knl_Clock_workFunc__E)
                  00009194    00000138     dsplib-cm4f.lib : arm_cmplx_mag_f32.obj (.text:arm_cmplx_mag_f32)
                  000092cc    00000004     driverlib.lib : timer.obj (.text:TimerADCEventSet)
                  000092d0    00000138     sysbios.aem4f : BIOS.obj (.text:ti_sysbios_family_arm_m3_Hwi_dispatchC__I)
                  00009408    00000138     RTOS_config_pem4f.oem4f (.text:ti_uia_loggers_LoggerStopMode_writeMemoryRange__E)
                  00009540    00000136     rtsv7M4_T_le_v4SPD16_eabi.lib : fd_div_t2.obj (.text)
                  00009676    00000002     hal_ser_stub.aem4f : llserstb.oem4f (.text:_llSerialServiceCheck)
                  00009678    00000134     stk.aem4f : icmp.oem4f (.text:ICMPGenPacket)
                  000097ac    00000130     driverlib.lib : gpio.obj (.text:GPIOPadConfigSet)
                  000098dc    0000012c     EK_TM4C1294XL.obj (.text:EK_TM4C1294XL_initEMAC)
                  00009a08    00000124     stk.aem4f : sockpcb.oem4f (.text:SockPcbResolve)
                  00009b2c    00000124               : udp.oem4f (.text:UdpOutput)
                  00009c50    00000124     RTOS_config_pem4f.oem4f (.text:ti_ndk_config_Global_stackThread)
                  00009d74    00000004     hal_ser_stub.aem4f : llserstb.oem4f (.text:_llSerialInit)
                  00009d78    0000011c     sysbios.aem4f : BIOS.obj (.text:ti_sysbios_knl_Clock_Instance_init__E)
                  00009e94    00000004     stk.aem4f : listlib.oem4f (.text:list_get_head)
                  00009e98    0000011c     sysbios.aem4f : BIOS.obj (.text:ti_sysbios_knl_Swi_run__I)
                  00009fb4    00000118     stk.aem4f : tcpout.oem4f (.text:TcpGenPacket)
                  0000a0cc    00000118     ti.targets.arm.rtsarm.aem4f : Error.oem4f (.text:xdc_runtime_Error_policyDefault__E)
                  0000a1e4    00000114     stk.aem4f : nimu.oem4f (.text:NIMUIoctl)
                  0000a2f8    00000114     RTOS_config_pem4f.oem4f (.text:ti_uia_loggers_LoggerStopMode_write8__E)
                  0000a40c    00000110     stk.aem4f : node.oem4f (.text:NodeTreeFree)
                  0000a51c    00000110               : raw.oem4f (.text:RawInput)
                  0000a62c    00000004               : listlib.oem4f (.text:list_get_next)
                  0000a630    00000110     sysbios.aem4f : BIOS.obj (.text:ti_sysbios_knl_Task_schedule__I)
                  0000a740    0000010c     stk.aem4f : rtable.oem4f (.text:RtFind)
                  0000a84c    0000010a               : route.oem4f (.text:RtCreate)
                  0000a956    00000002     hal_ser_stub.aem4f : llserstb.oem4f (.text:_llSerialShutdown)
                  0000a958    00000108     drivers_tivaware.aem4f : EMACSnow.oem4f (.text:EMACSnow_emacStart)
                  0000aa60    00000108     sysbios.aem4f : BIOS.obj (.text:ti_sysbios_knl_Task_exit__E)
                  0000ab68    00000104     os.aem4f : task.oem4f (.text:llEnter)
                  0000ac6c    00000102     nettool_ipv4.aem4f : dhcppkt.oem4f (.text:dhcpPacketProcess)
                  0000ad6e    00000102                        : inetaddr.oem4f (.text:inet_aton)
                  0000ae70    00000100     stk.aem4f : igmp.oem4f (.text:IGMPSendReply)
                  0000af70    00000100     adc_sample.obj (.text:adcPinConfig)
                  0000b070    00000100     ti.targets.arm.rtsarm.aem4f : Core-mem.oem4f (.text:xdc_runtime_Core_createObject__I)
                  0000b170    000000fc     netctrl_min_ipv4.aem4f : netctrl.oem4f (.text:NetScheduler)
                  0000b26c    000000fc     dsplib-cm4f.lib : arm_rfft_fast_init_f32.obj (.text:arm_rfft_fast_init_f32)
                  0000b368    000000fc     rtsv7M4_T_le_v4SPD16_eabi.lib : fd_mul_t2.obj (.text)
                  0000b464    000000fc                                   : s_scalbn.obj (.text)
                  0000b560    000000fc     eth_network.obj (.text:tcpWorker)
                  0000b65c    00000004     RTOS_config_pem4f.oem4f (.text:ti_ndk_config_Global_NetworkOpen)
                  0000b660    000000fc     sysbios.aem4f : BIOS.obj (.text:ti_sysbios_knl_Task_postInit__I)
                  0000b75c    00000004     RTOS_config_pem4f.oem4f (.text:ti_sysbios_BIOS_RtsGateProxy_enter__E)
                  0000b760    000000fc     sysbios.aem4f : BIOS.obj (.text:ti_sysbios_knl_Task_startCore__E)
                  0000b85c    000000fc     RTOS_config_pem4f.oem4f (.text:ti_uia_loggers_LoggerStopMode_write4__E)
                  0000b958    000000f8     adc_sample.obj (.text:ADC_init)
                  0000ba50    000000f8     stk.aem4f : pipe.oem4f (.text:PipeRecv)
                  0000bb48    000000f8     sysbios.aem4f : BIOS.obj (.text:ti_sysbios_utils_Load_updateThreadContexts__E)
                  0000bc40    000000f8     ti.targets.arm.rtsarm.aem4f : Startup.oem4f (.text:xdc_runtime_Startup_startMods__I)
                  0000bd38    000000f8     RTOS_config_pem4f.oem4f (.text:xdc_runtime_System_printfExtend__I)
                  0000be30    000000f4     os.aem4f : task.oem4f (.text:TaskGetEnv)
                  0000bf24    000000f4     sysbios.aem4f : m3_Hwi_asm.obj (.text:ti_sysbios_family_arm_m3_Hwi_dispatch__I)
                  0000c018    000000f0     stk.aem4f : lliout.oem4f (.text:LLIGenArpPacket)
                  0000c108    000000f0               : sock.oem4f (.text:SockClose)
                  0000c1f8    000000f0     RTOS_config_pem4f.oem4f (.text:ti_uia_loggers_LoggerStopMode_write2__E)
                  0000c2e8    000000ec     RTOS_config_pem4f.oem4f (.text:ti_uia_loggers_LoggerStopMode_write1__E)
                  0000c3d4    000000e8     adc_sample.obj (.text:DMA_init)
                  0000c4bc    000000e8     os.aem4f : task.oem4f (.text:TaskSetEnv)
                  0000c5a4    000000e0     stk.aem4f : tcptime.oem4f (.text:TcpTimeoutRexmt)
                  0000c684    000000dc               : sb.oem4f (.text:SBWrite)
                  0000c760    000000dc     nettool_ipv4.aem4f : dhcpsock.oem4f (.text:dhcpSocketOpen)
                  0000c83c    000000dc                        : dhcpsm.oem4f (.text:dhcpState)
                  0000c918    000000dc     RTOS_config_pem4f.oem4f (.text:ti_uia_loggers_LoggerStopMode_write0__E)
                  0000c9f4    000000d8     stk.aem4f : node.oem4f (.text:NodeAdd)
                  0000cacc    000000d8               : tcpprot.oem4f (.text:TcpPrSetOption)
                  0000cba4    00000004     RTOS_config_pem4f.oem4f (.text:ti_sysbios_BIOS_RtsGateProxy_leave__E)
                  0000cba8    000000d8     sysbios.aem4f : BIOS.obj (.text:ti_sysbios_family_arm_lm4_TimestampProvider_get32__E)
                  0000cc80    000000d6     dsplib-cm4f.lib : arm_cfft_f32.obj (.text:arm_cfft_f32)
                  0000cd56    00000002     hal_userled_stub.aem4f : llled.oem4f (.text:_llUserLedInit)
                  0000cd58    000000d4     drivers_tivaware.aem4f : EMACSnow.oem4f (.text:EMACSnow_handleRx)
                  0000ce2c    000000d4     stk.aem4f : sockpcb.oem4f (.text:SockPcbBind)
                  0000cf00    000000d4     sysbios.aem4f : BIOS.obj (.text:ti_sysbios_knl_Swi_Instance_init__E)
                  0000cfd4    000000d1     stk.aem4f : nimu.oem4f (.text:NIMUReceivePacket)
                  0000d0a5    00000001     --HOLE-- [fill = 0]
                  0000d0a6    00000002     hal_userled_stub.aem4f : llled.oem4f (.text:_llUserLedShutdown)
                  0000d0a8    000000cc     stk.aem4f : icmp.oem4f (.text:ICMPSendRtAdv)
                  0000d174    000000cc     nettool_ipv4.aem4f : dhcpbild.oem4f (.text:dhcpBuildHeader)
                  0000d240    000000cc                        : dhcpsm.oem4f (.text:dhcpIPAdd)
                  0000d30c    000000cc                        : dhcppkt.oem4f (.text:dhcpVerifyMessage)
                  0000d3d8    000000cc     ti.targets.arm.rtsarm.aem4f : Core-smem.oem4f (.text:xdc_runtime_Core_constructObject__I)
                  0000d4a4    000000c8     stk.aem4f : rawethsock.oem4f (.text:RawEthSockNew)
                  0000d56c    000000c8     netctrl_min_ipv4.aem4f : netsrv.oem4f (.text:SPIpNet)
                  0000d634    000000c4     drivers_tivaware.aem4f : EMACSnow.oem4f (.text:EMACSnow_InitDMADescriptors)
                  0000d6f8    000000c4     stk.aem4f : igmp.oem4f (.text:IGMPJoinHostGroup)
                  0000d7bc    000000c4     nettool_ipv4.aem4f : dhcpsm.oem4f (.text:StateBound)
                  0000d880    000000c4     sysbios.aem4f : BIOS.obj (.text:ti_sysbios_utils_Load_logLoads__I)
                  0000d944    000000c0     dsplib-cm4f.lib : arm_bitreversal2.obj (.text)
                  0000da04    000000bc     stk.aem4f : sockpcb.oem4f (.text:SockPcbFind)
                  0000dac0    000000bc               : vlan.oem4f (.text:VLANDeinit)
                  0000db7c    00000004     sysbios.aem4f : BIOS.obj (.text:ti_sysbios_family_arm_lm4_Timer_masterEnable__I)
                  0000db80    000000bc                   : BIOS.obj (.text:ti_sysbios_family_arm_m3_Hwi_excDebugMon__I)
                  0000dc3c    00000004     RTOS_config_pem4f.oem4f (.text:ti_sysbios_family_arm_m3_Hwi_delete)
                  0000dc40    000000bc     sysbios.aem4f : BIOS.obj (.text:ti_sysbios_family_arm_m3_Hwi_excHardFault__I)
                  0000dcfc    000000b8     EK_TM4C1294XL.obj (.text:EK_TM4C1294XL_initGeneral)
                  0000ddb4    000000b8     stk.aem4f : icmpin.oem4f (.text:ICMPRevSrcRoute)
                  0000de6c    000000b8               : lli.oem4f (.text:_LLITimeoutCheck)
                  0000df24    00000004     RTOS_config_pem4f.oem4f (.text:ti_sysbios_family_arm_m3_TaskSupport_Module__startupDone__S)
                  0000df28    000000b8     sysbios.aem4f : BIOS.obj (.text:ti_sysbios_knl_Task_unblockI__E)
                  0000dfe0    000000b4     stk.aem4f : tcptime.oem4f (.text:TcpTimeoutKeep)
                  0000e094    00000004     RTOS_config_pem4f.oem4f (.text:ti_sysbios_heaps_HeapMem_Module_GateProxy_enter__E)
                  0000e098    000000b4     sysbios.aem4f : BIOS.obj (.text:ti_sysbios_gates_GateMutex_enter__E)
                  0000e14c    00000004     RTOS_config_pem4f.oem4f (.text:ti_sysbios_heaps_HeapMem_Module_GateProxy_leave__E)
                  0000e150    000000b4     sysbios.aem4f : BIOS.obj (.text:ti_sysbios_knl_Task_checkStacks__E)
                  0000e204    000000b0     stk.aem4f : rawethsock.oem4f (.text:RawEthSockSet)
                  0000e2b4    000000b0     dsplib-cm4f.lib : arm_max_f32.obj (.text:arm_max_f32)
                  0000e364    00000004     RTOS_config_pem4f.oem4f (.text:ti_sysbios_knl_Clock_TimerProxy_getMaxTicks__E)
                  0000e368    000000b0     sysbios.aem4f : BIOS.obj (.text:ti_sysbios_utils_Load_idleFxn__E)
                  0000e418    000000b0                   : BIOS.obj (.text:ti_sysbios_utils_Load_updateLoads__E)
                  0000e4c8    000000ac     stk.aem4f : rtable.oem4f (.text:RtTimeoutCheck)
                  0000e574    000000ac     RTOS_config_pem4f.oem4f (.text:ti_ndk_config_ip_init)
                  0000e620    000000ac     sysbios.aem4f : BIOS.obj (.text:ti_sysbios_family_arm_lm4_Timer_enableTiva__I)
                  0000e6cc    00000004     RTOS_config_pem4f.oem4f (.text:ti_sysbios_knl_Clock_TimerProxy_getPeriod__E)
                  0000e6d0    000000ac     sysbios.aem4f : BIOS.obj (.text:ti_sysbios_knl_Swi_post__E)
                  0000e77c    000000a8     stk.aem4f : sockint.oem4f (.text:SockCreatePacket)
                  0000e824    00000004     RTOS_config_pem4f.oem4f (.text:ti_sysbios_knl_Queue_destruct)
                  0000e828    000000a8     sysbios.aem4f : BIOS.obj (.text:ti_sysbios_family_arm_lm4_Timer_enableTimers__I)
                  0000e8d0    000000a8                   : BIOS.obj (.text:ti_sysbios_knl_Task_blockI__E)
                  0000e978    000000a4     dsplib-cm4f.lib : arm_rfft_fast_f32.obj (.text:stage_rfft_f32)
                  0000ea1c    000000a0     stk.aem4f : ip.oem4f (.text:IPGetRoute)
                  0000eabc    000000a0     auto_init.aem4f : auto_init.oem4f (.text)
                  0000eb5c    000000a0     ti.targets.arm.rtsarm.aem4f : Text.oem4f (.text:xdc_runtime_Text_putMod__E)
                  0000ebfc    0000009e     stk.aem4f : nimu.oem4f (.text:NIMUAddEthernetHeader)
                  0000ec9a    0000009e     nettool_ipv4.aem4f : dhcpbild.oem4f (.text:dhcpBuildRequest)
                  0000ed38    0000009c     stk.aem4f : exec.oem4f (.text:ExecOpen)
                  0000edd4    0000009c     rtsv7M4_T_le_v4SPD16_eabi.lib : memcpy_t2.obj (.text)
                  0000ee70    0000009c     sysbios.aem4f : BIOS.obj (.text:ti_sysbios_knl_Semaphore_Instance_init__E)
                  0000ef0c    0000009a     dsplib-cm4f.lib : arm_rfft_fast_f32.obj (.text:merge_rfft_f32)
                  0000efa6    00000002     hal_ser_stub.aem4f : llserstb.oem4f (.text:llSerialService)
                  0000efa8    0000009a     ti.targets.arm.rtsarm.aem4f : Text.oem4f (.text:xdc_runtime_Text_putSite__E)
                  0000f042    00000002     rtsv7M4_T_le_v4SPD16_eabi.lib : i_div0.obj (.text)
                  0000f044    00000098     netctrl_min_ipv4.aem4f : netctrl.oem4f (.text:NC_SystemOpen)
                  0000f0dc    00000098                            : netsrv.oem4f (.text:ServiceScan)
                  0000f174    00000098     Boot.aem4f : Boot.oem4f (.text:ti_catalog_arm_cortexm4_tiva_ce_Boot_sysCtlClockFreqSet__E)
                  0000f20c    00000094     nettool_ipv4.aem4f : config.oem4f (.text:CfgRemoveEntry)
                  0000f2a0    00000094     sysbios.aem4f : BIOS.obj (.text:ti_sysbios_family_arm_m3_Hwi_Instance_init__E)
                  0000f334    00000004     RTOS_config_pem4f.oem4f (.text:ti_sysbios_knl_Semaphore_delete)
                  0000f338    00000094     sysbios.aem4f : BIOS.obj (.text:ti_sysbios_family_arm_m3_Hwi_initNVIC__E)
                  0000f3cc    00000090     nettool_ipv4.aem4f : config.oem4f (.text:CfgExecute)
                  0000f45c    00000090     stk.aem4f : igmp.oem4f (.text:IGMPMsg)
                  0000f4ec    00000090     os.aem4f : mem.oem4f (.text:mmBulkAlloc)
                  0000f57c    00000004     RTOS_config_pem4f.oem4f (.text:ti_sysbios_knl_Semaphore_destruct)
                  0000f580    00000090     sysbios.aem4f : BIOS.obj (.text:ti_sysbios_knl_Task_Module_startup__E)
                  0000f610    00000090                   : BIOS.obj (.text:ti_sysbios_utils_Load_startup__E)
                  0000f6a0    00000090     ti.uia.loggers.aem4f : LoggerStopMode.oem4f (.text:ti_uia_loggers_LoggerStopMode_initQueueDescriptor__E)
                  0000f730    0000008c     drivers_tivaware.aem4f : GPIOTiva.oem4f (.text:GPIO_init)
                  0000f7bc    0000008c     stk.aem4f : ip.oem4f (.text:IPMsg)
                  0000f848    0000008c     os.aem4f : mem.oem4f (.text:_mmInit)
                  0000f8d4    0000008c              : mem.oem4f (.text:mmInitPage)
                  0000f960    0000008c     sysbios.aem4f : m3_TaskSupport_asm.obj (.text:ti_sysbios_family_arm_m3_TaskSupport_buildTaskStack)
                  0000f9ec    0000008a     netctrl_min_ipv4.aem4f : netsrv.oem4f (.text:SPRoute)
                  0000fa76    00000002     RTOS_config_pem4f.oem4f (.text:ti_ndk_config_Global_NetworkClose)
                  0000fa78    00000088     netctrl_min_ipv4.aem4f : netsrv.oem4f (.text:ServiceSpawn)
                  0000fb00    00000088     stk.aem4f : sockpcb.oem4f (.text:SockPcbCtlError)
                  0000fb88    00000086     nettool_ipv4.aem4f : dhcpsm.oem4f (.text:StateRequesting)
                  0000fc0e    00000086     rtsv7M4_T_le_v4SPD16_eabi.lib : fd_cmp_t2.obj (.text:__aeabi_cdcmple)
                  0000fc94    00000086                                   : fd_cmp_t2.obj (.text:__aeabi_cdrcmple)
                  0000fd1a    00000002     RTOS_config_pem4f.oem4f (.text:ti_sysbios_BIOS_nullFunc__I)
                  0000fd1c    00000084     adc_sample.obj (.text:ADC_Seq1_ISR)
                  0000fda0    00000084     nettool_ipv4.aem4f : config.oem4f (.text:CfgGetEntry)
                  0000fe24    00000084     drivers_tivaware.aem4f : EMACSnow.oem4f (.text:EMACSnow_processPhyInterrupt)
                  0000fea8    00000084     stk.aem4f : tcpprot.oem4f (.text:TcpPrAttach)
                  0000ff2c    00000084     dsplib-cm4f.lib : arm_rms_f32.obj (.text:arm_rms_f32)
                  0000ffb0    00000084     os.aem4f : mem.oem4f (.text:mmBulkFree)
                  00010034    00000084              : mem.oem4f (.text:mmFree)
                  000100b8    00000084     sysbios.aem4f : BIOS.obj (.text:ti_sysbios_family_arm_m3_Hwi_postInit__I)
                  0001013c    00000084     driverlib.lib : udma.obj (.text:uDMAChannelTransferSet)
                  000101c0    00000082     nettool_ipv4.aem4f : dhcpsm.oem4f (.text:StateRenewRebind)
                  00010242    00000002     RTOS_config_pem4f.oem4f (.text:ti_uia_loggers_LoggerStopMode_setFilterLevel__E)
                  00010244    00000080     drivers_tivaware.aem4f : EMACSnow.oem4f (.text:EMACSnow_emacStop)
                  000102c4    00000080                            : EMACSnow.oem4f (.text:EMACSnow_processPendingTx)
                  00010344    00000080     stk.aem4f : lli.oem4f (.text:LLINew)
                  000103c4    00000080     netctrl_min_ipv4.aem4f : netsrv.oem4f (.text:NS_BootTask)
                  00010444    00000080     stk.aem4f : pbm.oem4f (.text:PBM_alloc)
                  000104c4    00000080               : raw.oem4f (.text:RawOutput)
                  00010544    0000007f     RTOS_config_pem4f.oem4f (.text:ti_ndk_config_Global_NetworkIPAddr)
                  000105c3    00000001     --HOLE-- [fill = 0]
                  000105c4    0000007e     stk.aem4f : fileuser.oem4f (.text:fdClose)
                  00010642    00000002     ti.uia.loggers.aem4f : LoggerStopMode.oem4f (.text:ti_uia_loggers_LoggerStopMode_setPriority__E)
                  00010644    0000007c     adc_sample.obj (.text:ADC_Seq0_ISR)
                  000106c0    0000007c     nettool_ipv4.aem4f : config.oem4f (.text:CfgGetNextEntry)
                  0001073c    0000007c     drivers_tivaware.aem4f : EMACSnow.oem4f (.text:EMACSnow_hwiIntFxn)
                  000107b8    0000007c     stk.aem4f : igmp.oem4f (.text:IGMPDoMCast)
                  00010834    0000007c               : igmp.oem4f (.text:IGMPJoin)
                  000108b0    0000007c               : socket.oem4f (.text:NDK_setsockopt)
                  0001092c    0000007c               : nimu.oem4f (.text:NIMURegister)
                  000109a8    0000007c               : pbm.oem4f (.text:PBM_free)
                  00010a24    0000007a     driverlib.lib : adc.obj (.text:ADCSequenceStepConfigure)
                  00010a9e    0000007a     stk.aem4f : sock.oem4f (.text:SockAccept)
                  00010b18    0000007a     rtsv7M4_T_le_v4SPD16_eabi.lib : memset_t2.obj (.text)
                  00010b92    00000002     RTOS_config_pem4f.oem4f (.text:xdc_runtime_Startup_reset__I)
                  00010b94    00000078     driverlib.lib : emac.obj (.text:EMACInit)
                  00010c0c    00000078     stk.aem4f : socket.oem4f (.text:NDK_sendto)
                  00010c84    00000078               : tcptime.oem4f (.text:TcpXmitTimer)
                  00010cfc    00000078               : fileuser.oem4f (.text:fdOpenSession)
                  00010d74    00000078     os.aem4f : task.oem4f (.text:llExit)
                  00010dec    00000076     stk.aem4f : pipe.oem4f (.text:PipeSend)
                  00010e62    00000002     --HOLE-- [fill = 0]
                  00010e64    00000075               : tcptime.oem4f (.text:TcpTimeoutSackRexmt)
                  00010ed9    00000003     --HOLE-- [fill = 0]
                  00010edc    00000074               : igmp.oem4f (.text:IGMPLeaveHostGroup)
                  00010f50    00000074               : nimu.oem4f (.text:NIMUShutdown)
                  00010fc4    00000074               : raweth.oem4f (.text:RawEthRxPacket)
                  00011038    00000074               : sockpcb.oem4f (.text:SockPcbConnect)
                  000110ac    00000074     eth_network.obj (.text:netOpenHook)
                  00011120    00000074     sysbios.aem4f : BIOS.obj (.text:ti_sysbios_knl_Clock_start__E)
                  00011194    00000074     ti.uia.runtime.aem4f : QueueDescriptor.oem4f (.text:ti_uia_runtime_QueueDescriptor_addToList__E)
                  00011208    00000072     os.aem4f : semaphore.oem4f (.text:SemCreateBinary)
                  0001127a    00000070     stk.aem4f : socket.oem4f (.text:NDK_accept)
                  000112ea    00000070               : socket.oem4f (.text:NDK_send)
                  0001135a    00000002     --HOLE-- [fill = 0]
                  0001135c    00000070               : rtable.oem4f (.text:RtFlush)
                  000113cc    00000070     netctrl_min_ipv4.aem4f : netsrv.oem4f (.text:SPConfig)
                  0001143c    00000070     stk.aem4f : sock.oem4f (.text:SockShutdown)
                  000114ac    00000070     nettool_ipv4.aem4f : dhcptags.oem4f (.text:dhcpDecodeType)
                  0001151c    0000006e     stk.aem4f : socket.oem4f (.text:NDK_recv)
                  0001158a    00000002     --HOLE-- [fill = 0]
                  0001158c    0000006e               : rtable.oem4f (.text:RtWalkNext)
                  000115fa    0000006e               : sockpcb.oem4f (.text:SockPcbFindRaw)
                  00011668    0000006d               : node.oem4f (.text:NodeNew)
                  000116d5    00000003     --HOLE-- [fill = 0]
                  000116d8    0000006d     ti.targets.arm.rtsarm.aem4f : System.oem4f (.text:xdc_runtime_System_formatNum__I)
                  00011745    00000003     --HOLE-- [fill = 0]
                  00011748    0000006c     os.aem4f : ossys.oem4f (.text:DbgPrintf)
                  000117b4    0000006c     stk.aem4f : node.oem4f (.text:NodeTreeNew)
                  00011820    0000006c               : raweth.oem4f (.text:RawEthTxPacket)
                  0001188c    0000006c               : udp.oem4f (.text:UdpChecksum)
                  000118f8    0000006c     dsplib-cm4f.lib : arm_offset_f32.obj (.text:arm_offset_f32)
                  00011964    0000006c                     : arm_scale_f32.obj (.text:arm_scale_f32)
                  000119d0    0000006c     sysbios.aem4f : BIOS.obj (.text:ti_sysbios_knl_Swi_restoreHwi__E)
                  00011a3c    00000004     RTOS_config_pem4f.oem4f (.text:ti_sysbios_knl_Swi_delete)
                  00011a40    0000006c     sysbios.aem4f : BIOS.obj (.text:ti_sysbios_utils_Load_taskCreateHook__E)
                  00011aac    0000006c     ti.targets.arm.rtsarm.aem4f : Error.oem4f (.text:xdc_runtime_Error_print__E)
                  00011b18    0000006c                                 : Memory.oem4f (.text:xdc_runtime_Memory_alloc__E)
                  00011b84    0000006a     stk.aem4f : tcpprot.oem4f (.text:TcpPrInherit)
                  00011bee    00000002     --HOLE-- [fill = 0]
                  00011bf0    00000068     driverlib.lib : interrupt.obj (.text:IntEnable)
                  00011c58    00000068     stk.aem4f : socket.oem4f (.text:NDK_socket)
                  00011cc0    00000068               : pbm.oem4f (.text:PBM_open)
                  00011d28    00000068               : sock.oem4f (.text:SockListen)
                  00011d90    00000068     adc_sample.obj (.text:TIMER_ADC_init)
                  00011df8    00000068     stk.aem4f : rtable.oem4f (.text:_RtNodeInsert)
                  00011e60    00000068     dsplib-cm4f.lib : arm_mean_f32.obj (.text:arm_mean_f32)
                  00011ec8    00000068     rtsv7M4_T_le_v4SPD16_eabi.lib : copy_decompress_lzss.obj (.text:decompress:lzss)
                  00011f30    00000068                                   : trgmsg.obj (.text)
                  00011f98    00000068     sysbios.aem4f : BIOS.obj (.text:ti_sysbios_utils_Load_addTask__E)
                  00012000    00000066     ti.uia.loggers.aem4f : LoggerStopMode.oem4f (.text:ti_uia_loggers_LoggerStopMode_flush__E)
                  00012066    00000066     ti.targets.arm.rtsarm.aem4f : Core-mem.oem4f (.text:xdc_runtime_Core_deleteObject__I)
                  000120cc    00000064     nettool_ipv4.aem4f : config.oem4f (.text:CfgFree)
                  00012130    00000064     drivers_tivaware.aem4f : GPIOTiva.oem4f (.text:GPIO_hwiIntFxn)
                  00012194    00000064     stk.aem4f : pbm.oem4f (.text:PBMQ_enq)
                  000121f8    00000064               : sockint.oem4f (.text:SockSpawnAbort)
                  0001225c    00000064     hal_timer_bios.aem4f : lltimer.oem4f (.text:llTimerTick)
                  000122c0    00000064     rtsv7M4_T_le_v4SPD16_eabi.lib : s_frexp.obj (.text)
                  00012324    00000004     RTOS_config_pem4f.oem4f (.text:ti_sysbios_knl_Task_delete)
                  00012328    00000064     sysbios.aem4f : BIOS.obj (.text:ti_sysbios_family_arm_lm4_Timer_Module_startup__E)
                  0001238c    00000064     RTOS_config_pem4f.oem4f (.text:ti_sysbios_family_arm_m3_Hwi_create)
                  000123f0    00000064     stk.aem4f : lliin.oem4f (.text:updateRtTable)
                  00012454    00000062               : ipin.oem4f (.text:IPRouteIP)
                  000124b6    00000002     --HOLE-- [fill = 0]
                  000124b8    00000062               : sb.oem4f (.text:SBNew)
                  0001251a    00000002     --HOLE-- [fill = 0]
                  0001251c    00000060     nettool_ipv4.aem4f : config.oem4f (.text:CfgGetEntryCnt)
                  0001257c    00000060     stk.aem4f : file.oem4f (.text:FdWaitEvent)
                  000125dc    00000060               : nimu.oem4f (.text:NIMUUnregister)
                  0001263c    00000060               : node.oem4f (.text:NodeFind)
                  0001269c    00000060               : rtc.oem4f (.text:RTCMsg)
                  000126fc    00000060               : tcp.oem4f (.text:TcpChecksum)
                  0001275c    00000060     driverlib.lib : timer.obj (.text:TimerConfigure)
                  000127bc    00000060     nettool_ipv4.aem4f : dhcptags.oem4f (.text:dhcpBuildOptions)
                  0001281c    00000060     rtsv7M4_T_le_v4SPD16_eabi.lib : sprintf.obj (.text)
                  0001287c    00000004     ti.uia.loggers.aem4f : LoggerStopMode.oem4f (.text:ti_uia_loggers_LoggerStopMode_getContents__E)
                  00012880    00000060     sysbios.aem4f : BIOS.obj (.text:ti_sysbios_family_arm_lm4_Timer_isrStub__E)
                  000128e0    00000060                   : BIOS.obj (.text:ti_sysbios_knl_Clock_logTick__E)
                  00012940    00000060                   : BIOS.obj (.text:ti_sysbios_utils_Load_logCPULoad__I)
                  000129a0    00000060                   : BIOS.obj (.text:ti_sysbios_utils_Load_updateCurrentThreadTime__E)
                  00012a00    0000005e     stk.aem4f : route.oem4f (.text:RtRemove)
                  00012a5e    0000005e     nettool_ipv4.aem4f : dhcpsm.oem4f (.text:StateSelecting)
                  00012abc    0000005e     stk.aem4f : vlan.oem4f (.text:VLANReceivePacket)
                  00012b1a    00000002     --HOLE-- [fill = 0]
                  00012b1c    0000005c     nettool_ipv4.aem4f : config.oem4f (.text:CfgSetExecuteOrder)
                  00012b78    0000005c     stk.aem4f : nimu.oem4f (.text:NIMUIoctlSpecialCmd)
                  00012bd4    0000005c     netctrl_min_ipv4.aem4f : netsrv.oem4f (.text:SPService)
                  00012c30    0000005c     RTOS_config_pem4f.oem4f (.text:ti_sysbios_knl_Swi_create)
                  00012c8c    00000004     RTOS_config_pem4f.oem4f (.text:ti_uia_loggers_LoggerStopMode_getFilterLevel__E)
                  00012c90    0000005c     sysbios.aem4f : BIOS.obj (.text:ti_sysbios_knl_Swi_schedule__I)
                  00012cec    0000005c     RTOS_config_pem4f.oem4f (.text:ti_sysbios_knl_Task_create)
                  00012d48    0000005b     ti.targets.arm.rtsarm.aem4f : Text.oem4f (.text:xdc_runtime_Text_putLab__E)
                  00012da3    00000001     --HOLE-- [fill = 0]
                  00012da4    0000005a     stk.aem4f : route.oem4f (.text:RtRedirect)
                  00012dfe    0000005a               : tcpprot.oem4f (.text:TcpValidateMetrics)
                  00012e58    0000005a     nettool_ipv4.aem4f : dhcpbild.oem4f (.text:dhcpBuildDecline)
                  00012eb2    0000005a     os.aem4f : mem.oem4f (.text:mmCopy)
                  00012f0c    0000005a     RTOS_config_pem4f.oem4f (.text:ti_ndk_config_tcp_init)
                  00012f66    00000002     --HOLE-- [fill = 0]
                  00012f68    00000058     stk.aem4f : bind.oem4f (.text:BindFree)
                  00012fc0    00000058     boot.aem4f : boot.oem4f (.text)
                  00013018    00000058     driverlib.lib : emac.obj (.text:EMACPHYConfigSet)
                  00013070    00000058     stk.aem4f : igmp.oem4f (.text:IGMPTimer)
                  000130c8    00000058     os.aem4f : semaphore.oem4f (.text:SemCreate)
                  00013120    00000058     driverlib.lib : timer.obj (.text:TimerControlTrigger)
                  00013178    00000058     sysbios.aem4f : m3_Hwi_asm_switch.obj (.text:ti_sysbios_family_arm_m3_Hwi_initStacks__E)
                  000131d0    00000056     driverlib.lib : gpio.obj (.text:GPIOIntTypeSet)
                  00013226    00000002     --HOLE-- [fill = 0]
                  00013228    00000054     nettool_ipv4.aem4f : config.oem4f (.text:CfgEntryDeRef)
                  0001327c    00000054     stk.aem4f : igmp.oem4f (.text:IGMPLeave)
                  000132d0    00000054               : rawethsock_pcb.oem4f (.text:RawEthSockPcbAttach)
                  00013324    00000054               : sockpcb.oem4f (.text:SockCleanPcb)
                  00013378    00000054               : tcptime.oem4f (.text:TcpTimeoutPersist)
                  000133cc    00000054     rtsv7M4_T_le_v4SPD16_eabi.lib : exit.obj (.text)
                  00013420    00000054                                   : ltoa.obj (.text)
                  00013474    00000004     ti.uia.loggers.aem4f : LoggerStopMode.oem4f (.text:ti_uia_loggers_LoggerStopMode_getInstanceId__E)
                  00013478    00000054     sysbios.aem4f : BIOS.obj (.text:ti_sysbios_knl_Swi_Instance_finalize__E)
                  000134cc    00000004     ti.uia.loggers.aem4f : LoggerStopMode.oem4f (.text:ti_uia_loggers_LoggerStopMode_getMaxLength__E)
                  000134d0    00000054     sysbios.aem4f : BIOS.obj (.text:ti_sysbios_utils_Load_taskSwitchHook__E)
                  00013524    00000054     ti.targets.arm.rtsarm.aem4f : Assert.oem4f (.text:xdc_runtime_Assert_raise__I)
                  00013578    00000052     stk.aem4f : tcpprot.oem4f (.text:TcpPrDetach)
                  000135ca    00000002     --HOLE-- [fill = 0]
                  000135cc    00000050     drivers_tivaware.aem4f : GPIOTiva.oem4f (.text:GPIO_setCallback)
                  0001361c    00000050                            : GPIOTiva.oem4f (.text:GPIO_toggle)
                  0001366c    00000050     stk.aem4f : socket.oem4f (.text:NDK_bind)
                  000136bc    00000050               : route.oem4f (.text:RtNew)
                  0001370c    00000050     driverlib.lib : sysctl.obj (.text:SysCtlPeripheralReset)
                  0001375c    00000050     Boot.aem4f : Boot_sysctl.oem4f (.text:_SysCtlFrequencyGet)
                  000137ac    00000004     ti.uia.loggers.aem4f : LoggerStopMode.oem4f (.text:ti_uia_loggers_LoggerStopMode_getPriority__E)
                  000137b0    00000050     sysbios.aem4f : BIOS.obj (.text:ti_sysbios_family_arm_m3_Hwi_Module_startup__E)
                  00013800    00000050     ti.targets.arm.rtsarm.aem4f : Startup.oem4f (.text:xdc_runtime_Startup_exec__E)
                  00013850    00000050                                 : Text.oem4f (.text:xdc_runtime_Text_visitRope2__I)
                  000138a0    0000004e     stk.aem4f : node.oem4f (.text:NodeDeRef)
                  000138ee    0000004e     nettool_ipv4.aem4f : config.oem4f (.text:_CfgEntryScan)
                  0001393c    0000004c                        : ipaddr.oem4f (.text:NtAddNetwork)
                  00013988    0000004c     stk.aem4f : sockint.oem4f (.text:SockValidateRoute)
                  000139d4    0000004c     rtsv7M4_T_le_v4SPD16_eabi.lib : atoi.obj (.text)
                  00013a20    0000004c                                   : cpy_tbl.obj (.text)
                  00013a6c    00000004     ti.uia.loggers.aem4f : LoggerStopMode.oem4f (.text:ti_uia_loggers_LoggerStopMode_getTransferType__E)
                  00013a70    0000004c     sysbios.aem4f : BIOS.obj (.text:ti_sysbios_heaps_HeapMem_getStats__E)
                  00013abc    00000004     ti.targets.arm.rtsarm.aem4f : Error.oem4f (.text:xdc_runtime_Error_getMsg__E)
                  00013ac0    0000004c     sysbios.aem4f : BIOS.obj (.text:ti_sysbios_knl_Swi_runLoop__I)
                  00013b0c    00000004     ti.targets.arm.rtsarm.aem4f : Error.oem4f (.text:xdc_runtime_Error_getSite__E)
                  00013b10    0000004c     sysbios.aem4f : BIOS.obj (.text:ti_sysbios_knl_Task_allBlockedFunction__I)
                  00013b5c    0000004c     ti.uia.loggers.aem4f : LoggerStopMode.oem4f (.text:ti_uia_loggers_LoggerStopMode_Module_startup__E)
                  00013ba8    0000004b     main.obj (.text:main)
                  00013bf3    00000001     --HOLE-- [fill = 0]
                  00013bf4    0000004a     netctrl_min_ipv4.aem4f : netsrv.oem4f (.text:ServiceKill)
                  00013c3e    0000004a     stk.aem4f : sock.oem4f (.text:SockDisconnect)
                  00013c88    0000004a               : timer.oem4f (.text:TimerNew)
                  00013cd2    00000048     nettool_ipv4.aem4f : config.oem4f (.text:CfgNew)
                  00013d1a    00000002     --HOLE-- [fill = 0]
                  00013d1c    00000048     driverlib.lib : gpio.obj (.text:GPIOPinConfigure)
                  00013d64    00000048     stk.aem4f : lli.oem4f (.text:LLIMsg)
                  00013dac    00000048               : node.oem4f (.text:NodeWalk)
                  00013df4    00000048               : rawethsock_pcb.oem4f (.text:RawEthSockPcbDetach)
                  00013e3c    00000048               : sockpcb.oem4f (.text:SockPcbResolveChain)
                  00013e84    00000048               : tcpprot.oem4f (.text:TcpDrop)
                  00013ecc    00000048               : lli.oem4f (.text:_LLIExpListInsert)
                  00013f14    00000048               : rtable.oem4f (.text:_RtExpListInsert)
                  00013f5c    00000048     driverlib.lib : sysctl.obj (.text:_SysCtlFrequencyGet)
                  00013fa4    00000048     dsplib-cm4f.lib : arm_copy_f32.obj (.text:arm_copy_f32)
                  00013fec    00000048     stk.aem4f : file.oem4f (.text:fdint_lockfd)
                  00014034    00000048     rtsv7M4_T_le_v4SPD16_eabi.lib : fd_toi_t2.obj (.text)
                  0001407c    00000004     RTOS_config_pem4f.oem4f (.text:xdc_runtime_System_Module_GateProxy_enter__E)
                  00014080    00000048     sysbios.aem4f : BIOS.obj (.text:ti_sysbios_family_arm_m3_Hwi_disableInterrupt__E)
                  000140c8    00000048                   : BIOS.obj (.text:ti_sysbios_family_arm_m3_Hwi_enableInterrupt__E)
                  00014110    00000048                   : BIOS.obj (.text:ti_sysbios_family_arm_m3_Hwi_excReserved__I)
                  00014158    00000048                   : BIOS.obj (.text:ti_sysbios_knl_Task_deleteTerminatedTasksFunc__I)
                  000141a0    00000048                   : BIOS.obj (.text:ti_sysbios_utils_Load_taskDeleteHook__E)
                  000141e8    00000048     driverlib.lib : udma.obj (.text:uDMAChannelAttributeDisable)
                  00014230    00000048                   : udma.obj (.text:uDMAChannelAttributeEnable)
                  00014278    00000046     nettool_ipv4.aem4f : ipaddr.oem4f (.text:NtIfIdx2Ip)
                  000142be    00000046     stk.aem4f : rawethsock.oem4f (.text:RawEthSockSend)
                  00014304    00000046               : tcpprot.oem4f (.text:TcpPrCtlError)
                  0001434a    00000046     os.aem4f : mem.oem4f (.text:mmZeroInit)
                  00014390    00000046     ti.targets.arm.rtsarm.aem4f : Core-params.oem4f (.text:xdc_runtime_Core_assignParams__I)
                  000143d6    00000002     --HOLE-- [fill = 0]
                  000143d8    00000044     drivers_tivaware.aem4f : EMACSnow.oem4f (.text:EMACSnow_processTransmitted)
                  0001441c    00000044     stk.aem4f : icmp.oem4f (.text:ICMPChecksum)
                  00014460    00000044               : ipfrag.oem4f (.text:IPReasmFree)
                  000144a4    00000044               : lli.oem4f (.text:LLIGetValidTime)
                  000144e8    00000044               : rtable.oem4f (.text:RouteMsg)
                  0001452c    00000044               : rtable.oem4f (.text:RtWalkEnd)
                  00014570    00000044               : sockpcb.oem4f (.text:SockPcbDetach)
                  000145b4    00000044               : timer.oem4f (.text:TimerListInsert)
                  000145f8    00000044     hal_timer_bios.aem4f : lltimer.oem4f (.text:llTimerGetTime)
                  0001463c    00000004     RTOS_config_pem4f.oem4f (.text:xdc_runtime_System_Module_GateProxy_leave__E)
                  00014640    00000044     sysbios.aem4f : BIOS.obj (.text:ti_sysbios_family_arm_lm4_Timer_stop__E)
                  00014684    00000004     ti.targets.arm.rtsarm.aem4f : System.oem4f (.text:xdc_runtime_System_aprintf_va__F)
                  00014688    00000044     sysbios.aem4f : BIOS.obj (.text:ti_sysbios_family_arm_m3_Hwi_getStackInfo__E)
                  000146cc    00000004     ti.targets.arm.rtsarm.aem4f : System.oem4f (.text:xdc_runtime_System_printf_va__F)
                  000146d0    00000044     sysbios.aem4f : BIOS.obj (.text:ti_sysbios_utils_Load_removeTask__E)
                  00014714    00000044     ti.uia.loggers.aem4f : LoggerStopMode.oem4f (.text:ti_uia_loggers_LoggerStopMode_initBuffer__I)
                  00014758    00000044     ti.targets.arm.rtsarm.aem4f : Error.oem4f (.text:xdc_runtime_Error_setX__E)
                  0001479c    00000044                                 : SysMin.oem4f (.text:xdc_runtime_SysMin_flush__E)
                  000147e0    00000044                                 : Text.oem4f (.text:xdc_runtime_Text_xprintf__I)
                  00014824    00000042     stk.aem4f : socket.oem4f (.text:NDK_listen)
                  00014866    00000042               : tcpprot.oem4f (.text:TcpPrSendOOB)
                  000148a8    00000042               : fileuser.oem4f (.text:fdCloseSession)
                  000148ea    00000002     --HOLE-- [fill = 0]
                  000148ec    00000040               : lliin.oem4f (.text:LLIValidateRoute)
                  0001492c    00000040               : pbm.oem4f (.text:PBM_copy)
                  0001496c    00000040               : sockpcb.oem4f (.text:SockPcbRtChange)
                  000149ac    00000040               : tcpprot.oem4f (.text:TcpPrSend)
                  000149ec    00000040     rtsv7M4_T_le_v4SPD16_eabi.lib : u_divt2.obj (.text)
                  00014a2c    00000004     --HOLE-- [fill = 0]
                  00014a30    00000040     sysbios.aem4f : BIOS.obj (.text:ti_sysbios_family_arm_lm4_Timer_startup__E)
                  00014a70    0000003e     driverlib.lib : adc.obj (.text:ADCSequenceConfigure)
                  00014aae    0000003e     nettool_ipv4.aem4f : dhcpmain.oem4f (.text:DHCPClose)
                  00014aec    0000003e     stk.aem4f : nimu.oem4f (.text:NIMUAllocateName)
                  00014b2a    0000003e     os.aem4f : task.oem4f (.text:TaskCreate)
                  00014b68    0000003e     stk.aem4f : tcpprot.oem4f (.text:TcpPrDisconnect)
                  00014ba6    0000003e     dsplib-cm4f.lib : arm_rfft_fast_f32.obj (.text:arm_rfft_fast_f32)
                  00014be4    0000003e     stk.aem4f : file.oem4f (.text:fdint_unlockfd)
                  00014c22    0000003c     nettool_ipv4.aem4f : config.oem4f (.text:CfgEntryGetData)
                  00014c5e    0000003c     driverlib.lib : emac.obj (.text:EMACIntDisable)
                  00014c9a    0000003c     stk.aem4f : node.oem4f (.text:NodeUpdatePL)
                  00014cd6    00000002     --HOLE-- [fill = 0]
                  00014cd8    0000003c               : rtable.oem4f (.text:RtWalkBegin)
                  00014d14    0000003c               : tcpprot.oem4f (.text:TcpPrConnect)
                  00014d50    0000003c               : tcptime.oem4f (.text:TcpSetPersist)
                  00014d8c    0000003c               : rtc.oem4f (.text:_RTCSendRtAdv)
                  00014dc8    0000003c               : rtable.oem4f (.text:_RtNodeRemove)
                  00014e04    0000003c     hal_timer_bios.aem4f : lltimer.oem4f (.text:_llTimerInit)
                  00014e40    0000003c     sysbios.aem4f : BIOS.obj (.text:ti_sysbios_family_arm_m3_Hwi_excSvCall__I)
                  00014e7c    00000004     --HOLE-- [fill = 0]
                  00014e80    0000003c                   : BIOS.obj (.text:ti_sysbios_heaps_HeapMem_init__I)
                  00014ebc    00000004     --HOLE-- [fill = 0]
                  00014ec0    0000003c                   : BIOS.obj (.text:ti_sysbios_knl_Swi_startup__E)
                  00014efc    0000003a     driverlib.lib : emac.obj (.text:EMACIntEnable)
                  00014f36    00000002     --HOLE-- [fill = 0]
                  00014f38    00000038                   : emac.obj (.text:EMACConfigGet)
                  00014f70    00000038     stk.aem4f : ipfrag.oem4f (.text:IPReasmTimeout)
                  00014fa8    00000038               : node.oem4f (.text:NodeGetRt)
                  00014fe0    00000038     driverlib.lib : sysctl.obj (.text:SysCtlPeripheralReady)
                  00015018    00000038     stk.aem4f : tcpprot.oem4f (.text:TcpClose)
                  00015050    00000038               : timer.oem4f (.text:TimerHSTick)
                  00015088    00000038     nettool_ipv4.aem4f : dhcpbild.oem4f (.text:dhcpBuildDiscover)
                  000150c0    00000038                        : dhcptags.oem4f (.text:dhcpOptionsClear)
                  000150f8    00000038     stk.aem4f : file.oem4f (.text:fdint_waitevent)
                  00015130    00000038     rtsv7M4_T_le_v4SPD16_eabi.lib : fs_tod_t2.obj (.text)
                  00015168    00000038     sysbios.aem4f : BIOS.obj (.text:ti_sysbios_family_arm_m3_Hwi_excNoIsr__I)
                  000151a0    00000038     RTOS_config_pem4f.oem4f (.text:ti_sysbios_knl_Clock_create)
                  000151d8    00000038     sysbios.aem4f : BIOS.obj (.text:ti_sysbios_knl_Task_processVitalTaskFlag__I)
                  00015210    00000038     ti.targets.arm.rtsarm.aem4f : SysMin.oem4f (.text:xdc_runtime_SysMin_putch__E)
                  00015248    00000038                                 : System.oem4f (.text:xdc_runtime_System_atexit__E)
                  00015280    00000036     stk.aem4f : ip.oem4f (.text:IPChecksum)
                  000152b6    00000002     --HOLE-- [fill = 0]
                  000152b8    00000034     nettool_ipv4.aem4f : config.oem4f (.text:CfgSetService)
                  000152ec    00000034     driverlib.lib : emac.obj (.text:EMACConfigSet)
                  00015320    00000034                   : emac.obj (.text:EMACIntClear)
                  00015354    00000034     drivers_tivaware.aem4f : EMACSnow.oem4f (.text:EMACSnow_emacPoll)
                  00015388    00000034                            : EMACSnow.oem4f (.text:EMACSnow_isLinkUp)
                  000153bc    00000034                            : EMAC.oem4f (.text:EMAC_init)
                  000153f0    00000034     stk.aem4f : exec.oem4f (.text:ExecClose)
                  00015424    00000034               : nimu.oem4f (.text:NIMUFindByName)
                  00015458    00000034               : nimu.oem4f (.text:NIMUInit)
                  0001548c    00000034               : rawethsock.oem4f (.text:RawEthSockNotify)
                  000154c0    00000034               : sockprot.oem4f (.text:SockPrCtlError)
                  000154f4    00000034     driverlib.lib : sysctl.obj (.text:SysCtlPeripheralEnable)
                  00015528    00000034     os.aem4f : mem.oem4f (.text:mmUnInitPage)
                  0001555c    00000004     --HOLE-- [fill = 0]
                  00015560    00000034     sysbios.aem4f : BIOS.obj (.text:ti_sysbios_family_arm_m3_Hwi_Instance_finalize__E)
                  00015594    00000004     --HOLE-- [fill = 0]
                  00015598    00000034                   : BIOS.obj (.text:ti_sysbios_family_arm_m3_Hwi_excNmi__I)
                  000155cc    00000004     --HOLE-- [fill = 0]
                  000155d0    00000034                   : BIOS.obj (.text:ti_sysbios_hal_Hwi_checkStack)
                  00015604    00000034     RTOS_config_pem4f.oem4f (.text:ti_sysbios_knl_Semaphore_create)
                  00015638    00000034     ti.uia.loggers.aem4f : LoggerStopMode.oem4f (.text:ti_uia_loggers_LoggerStopMode_reset__E)
                  0001566c    00000034     ti.targets.arm.rtsarm.aem4f : Core-label.oem4f (.text:xdc_runtime_Core_assignLabel__I)
                  000156a0    00000033                                 : Text.oem4f (.text:xdc_runtime_Text_printVisFxn__I)
                  000156d3    00000001     --HOLE-- [fill = 0]
                  000156d4    00000032     nettool_ipv4.aem4f : config.oem4f (.text:CfgGetImmediate)
                  00015706    00000032     stk.aem4f : route.oem4f (.text:RtDeRef)
                  00015738    00000032               : route.oem4f (.text:RtSetFailure)
                  0001576a    00000032               : sb.oem4f (.text:SBFlush)
                  0001579c    00000032               : sb.oem4f (.text:SBSetMax)
                  000157ce    00000032               : sock.oem4f (.text:SockIntAbort)
                  00015800    00000032     nettool_ipv4.aem4f : config.oem4f (.text:_CfgAcquire)
                  00015832    00000032                        : dhcpsm.oem4f (.text:dhcpIPRemove)
                  00015864    00000004     --HOLE-- [fill = 0]
                  00015868    00000032     sysbios.aem4f : BIOS.obj (.text:ti_sysbios_hal_Hwi_initStack)
                  0001589a    00000006     driverlib.lib : emac.obj (.text:EMACRxDMADescriptorListSet)
                  000158a0    00000032     sysbios.aem4f : BIOS.obj (.text:ti_sysbios_knl_Semaphore_pendTimeout__I)
                  000158d2    00000030     driverlib.lib : emac.obj (.text:EMACAddrSet)
                  00015902    00000002     --HOLE-- [fill = 0]
                  00015904    00000030     drivers_tivaware.aem4f : EMACSnow.oem4f (.text:EMACSnow_handlePackets)
                  00015934    00000030     netctrl_min_ipv4.aem4f : netsrv.oem4f (.text:NS_PreBoot)
                  00015964    00000030     stk.aem4f : sock.oem4f (.text:SockBind)
                  00015994    00000030               : sock.oem4f (.text:SockGetName)
                  000159c4    00000030     nettool_ipv4.aem4f : dhcpsock.oem4f (.text:dhcpPacketSend)
                  000159f4    00000030     stk.aem4f : listlib.oem4f (.text:list_remove_node)
                  00015a24    00000030     RTOS_config_pem4f.oem4f (.text:ti_sysbios_BIOS_atExitFunc__I)
                  00015a54    00000004     --HOLE-- [fill = 0]
                  00015a58    00000030     sysbios.aem4f : BIOS.obj (.text:ti_sysbios_family_arm_m3_TaskSupport_start__E)
                  00015a88    00000030     RTOS_config_pem4f.oem4f (.text:ti_sysbios_gates_GateHwi_Object__create__S)
                  00015ab8    00000030     RTOS_config_pem4f.oem4f (.text:ti_sysbios_gates_GateMutex_Object__create__S)
                  00015ae8    00000030     RTOS_config_pem4f.oem4f (.text:ti_sysbios_heaps_HeapMem_Object__create__S)
                  00015b18    00000030     RTOS_config_pem4f.oem4f (.text:ti_sysbios_knl_Semaphore_construct)
                  00015b48    00000030     RTOS_config_pem4f.oem4f (.text:ti_uia_loggers_LoggerStopMode_Object__create__S)
                  00015b78    00000030     ti.targets.arm.rtsarm.aem4f : SysMin.oem4f (.text:xdc_runtime_SysMin_abort__E)
                  00015ba8    00000030                                 : System.oem4f (.text:xdc_runtime_System_processAtExit__E)
                  00015bd8    0000002e     stk.aem4f : sb.oem4f (.text:SBFree)
                  00015c06    0000002e     rtsv7M4_T_le_v4SPD16_eabi.lib : i_tofd_t2.obj (.text)
                  00015c34    0000002c     driverlib.lib : emac.obj (.text:EMACIntStatus)
                  00015c60    0000002c     stk.aem4f : file.oem4f (.text:FdSignalEvent)
                  00015c8c    0000002c               : igmp.oem4f (.text:IGMPTestGroup)
                  00015cb8    0000002c     os.aem4f : task.oem4f (.text:NDK_hookCreate)
                  00015ce4    0000002c     stk.aem4f : nimu.oem4f (.text:NIMUAllocateIndex)
                  00015d10    0000002c               : nimu.oem4f (.text:NIMUPacketServiceCheck)
                  00015d3c    0000002c               : pipe.oem4f (.text:PipeClose)
                  00015d68    0000002c               : sockpcb.oem4f (.text:SockPcbAttach)
                  00015d94    0000002c               : lli.oem4f (.text:_LLIExpListRemove)
                  00015dc0    0000002c               : lli.oem4f (.text:_LLITimeoutFlush)
                  00015dec    0000002c               : rtable.oem4f (.text:_RtExpListRemove)
                  00015e18    0000002c     RTOS_config_pem4f.oem4f (.text:ti_sysbios_knl_Clock_doTick__I)
                  00015e44    0000002c     RTOS_config_pem4f.oem4f (.text:ti_sysbios_knl_Queue_construct)
                  00015e70    0000002c     sysbios.aem4f : BIOS.obj (.text:ti_sysbios_knl_Task_restore__E)
                  00015e9c    0000002c     driverlib.lib : udma.obj (.text:uDMAChannelAssign)
                  00015ec8    0000002c     ti.targets.arm.rtsarm.aem4f : Text.oem4f (.text:xdc_runtime_Text_cordText__E)
                  00015ef4    0000002a     driverlib.lib : gpio.obj (.text:GPIODirModeSet)
                  00015f1e    0000002a     stk.aem4f : pbm.oem4f (.text:PBMQ_deq)
                  00015f48    0000002a     netctrl_min_ipv4.aem4f : netsrv.oem4f (.text:ServiceCallback)
                  00015f72    0000002a     nettool_ipv4.aem4f : config.oem4f (.text:_CfgRelease)
                  00015f9c    0000002a     ti.targets.arm.rtsarm.aem4f : System.oem4f (.text:xdc_runtime_System_putchar__I)
                  00015fc6    00000002     --HOLE-- [fill = 0]
                  00015fc8    00000028     stk.aem4f : bind.oem4f (.text:BindFindByNet)
                  00015ff0    00000028               : lli.oem4f (.text:LLIFree)
                  00016018    00000028     netctrl_min_ipv4.aem4f : netctrl.oem4f (.text:NC_SystemClose)
                  00016040    00000028     stk.aem4f : nimu.oem4f (.text:NIMUCreatePacket)
                  00016068    00000028               : nimu.oem4f (.text:NIMUPacketService)
                  00016090    00000028               : tcpin.oem4f (.text:TcpEnterTimeWait)
                  000160b8    00000028               : timer.oem4f (.text:TimerListRemove)
                  000160e0    00000028               : vlan.oem4f (.text:VLANFindSourceInterface)
                  00016108    00000028               : vlan.oem4f (.text:VLANInit)
                  00016130    00000028     nettool_ipv4.aem4f : dhcpsock.oem4f (.text:dhcpPacketReceive)
                  00016158    00000028     rtsv7M4_T_le_v4SPD16_eabi.lib : e_sqrtf.obj (.text)
                  00016180    00000028     drivers_tivaware.aem4f : EMACSnow.oem4f (.text:signalLinkChange)
                  000161a8    00000028     RTOS_config_pem4f.oem4f (.text:ti_sysbios_BIOS_startFunc__I)
                  000161d0    00000028     sysbios.aem4f : BIOS.obj (.text:ti_sysbios_knl_Swi_Module_startup__E)
                  000161f8    00000028     driverlib.lib : udma.obj (.text:uDMAChannelModeGet)
                  00016220    00000026     nettool_ipv4.aem4f : config.oem4f (.text:CfgEntryInfo)
                  00016246    00000026     driverlib.lib : emac.obj (.text:EMACPHYRead)
                  0001626c    00000026                   : emac.obj (.text:EMACPHYWrite)
                  00016292    00000026     stk.aem4f : rawethsock.oem4f (.text:RawEthSockClose)
                  000162b8    00000026     RTOS_config_pem4f.oem4f (.text:ti_ndk_config_udp_init)
                  000162de    00000026     sysbios.aem4f : m3_Hwi_asm.obj (.text:ti_sysbios_family_arm_m3_Hwi_pendSV__I)
                  00016304    00000026     ti.targets.arm.rtsarm.aem4f : System.oem4f (.text:xdc_runtime_System_avprintf__E)
                  0001632a    00000002     --HOLE-- [fill = 0]
                  0001632c    00000024     stk.aem4f : bind.oem4f (.text:BindFindByHost)
                  00016350    00000024               : bind.oem4f (.text:BindGetIFByDBCast)
                  00016374    00000024     drivers_tivaware.aem4f : EMACSnow.oem4f (.text:EMACSnow_pkt_service)
                  00016398    00000024                            : EMACSnow.oem4f (.text:EMACSnow_primeRx)
                  000163bc    00000024     stk.aem4f : exec.oem4f (.text:ExecTimer)
                  000163e0    00000024               : nimu.oem4f (.text:NIMUFindByIndex)
                  00016404    00000024               : rtc.oem4f (.text:RTCAddHook)
                  00016428    00000024               : rawethsock_pcb.oem4f (.text:RawEthSockPcbFind)
                  0001644c    00000024               : route.oem4f (.text:RtFree)
                  00016470    00000024               : route.oem4f (.text:RtSetTimeout)
                  00016494    00000024               : sockpcb.oem4f (.text:SockPcbCleanup)
                  000164b8    00000024               : tcpprot.oem4f (.text:TcpPrListen)
                  000164dc    00000024               : tcptime.oem4f (.text:TcpTimeoutWait2)
                  00016500    00000024     nettool_ipv4.aem4f : config.oem4f (.text:_CfgEntryProcess)
                  00016524    00000024     RTOS_config_pem4f.oem4f (.text:ti_sysbios_BIOS_registerRTSLock__I)
                  00016548    00000024     RTOS_config_pem4f.oem4f (.text:ti_sysbios_BIOS_removeRTSLock__I)
                  0001656c    00000004     --HOLE-- [fill = 0]
                  00016570    00000024     sysbios.aem4f : BIOS.obj (.text:ti_sysbios_family_arm_m3_Hwi_doTaskRestore__I)
                  00016594    00000024     RTOS_config_pem4f.oem4f (.text:ti_sysbios_gates_GateMutex_Object__delete__S)
                  000165b8    00000024     sysbios.aem4f : BIOS.obj (.text:ti_sysbios_knl_Clock_Module_startup__E)
                  000165dc    00000024     RTOS_config_pem4f.oem4f (.text:ti_sysbios_knl_Semaphore_Object__delete__S)
                  00016600    00000024     driverlib.lib : udma.obj (.text:uDMAChannelControlSet)
                  00016624    00000024     ti.targets.arm.rtsarm.aem4f : System.oem4f (.text:xdc_runtime_System_vprintf__E)
                  00016648    00000022     nettool_ipv4.aem4f : config.oem4f (.text:CfgEntryRef)
                  0001666a    00000022     stk.aem4f : vlan.oem4f (.text:VLANFindNode)
                  0001668c    00000022     eth_network.obj (.text:setsockopt)
                  000166ae    00000002     --HOLE-- [fill = 0]
                  000166b0    00000022     sysbios.aem4f : BIOS.obj (.text:ti_sysbios_family_arm_lm4_Timer_write__I)
                  000166d2    00000022     RTOS_config_pem4f.oem4f (.text:xdc_runtime_SysMin_output__I)
                  000166f4    00000020     netctrl_min_ipv4.aem4f : netctrl.oem4f (.text:NC_BootComplete)
                  00016714    00000020     stk.aem4f : nimu.oem4f (.text:NIMUGetNumOfObject)
                  00016734    00000020               : rtc.oem4f (.text:RTCRemoveHook)
                  00016754    00000020               : tcp.oem4f (.text:TcpTimeoutRemove)
                  00016774    00000020     Boot.aem4f : Boot_sysctl.oem4f (.text:_SysCtlMemTimingGet)
                  00016794    00000020     RTOS_config_pem4f.oem4f (.text:ti_sysbios_BIOS_rtsLock__I)
                  000167b4    00000020     RTOS_config_pem4f.oem4f (.text:ti_sysbios_family_arm_m3_Hwi_Object__delete__S)
                  000167d4    00000020     sysbios.aem4f : m3_Hwi_asm.obj (.text:ti_sysbios_family_arm_m3_Hwi_excHandlerAsm__I)
                  000167f4    00000004     --HOLE-- [fill = 0]
                  000167f8    00000020                   : BIOS.obj (.text:ti_sysbios_family_arm_m3_Hwi_excHandler__I)
                  00016818    00000020     RTOS_config_pem4f.oem4f (.text:ti_sysbios_gates_GateHwi_Object__delete__S)
                  00016838    00000020     RTOS_config_pem4f.oem4f (.text:ti_sysbios_heaps_HeapMem_Object__delete__S)
                  00016858    00000020     sysbios.aem4f : BIOS.obj (.text:ti_sysbios_knl_Idle_run__E)
                  00016878    00000020     RTOS_config_pem4f.oem4f (.text:ti_sysbios_knl_Semaphore_Object__destruct__S)
                  00016898    00000020     RTOS_config_pem4f.oem4f (.text:ti_sysbios_knl_Swi_Object__delete__S)
                  000168b8    00000020     RTOS_config_pem4f.oem4f (.text:ti_sysbios_knl_Task_Object__delete__S)
                  000168d8    00000020     RTOS_config_pem4f.oem4f (.text:ti_uia_loggers_LoggerStopMode_Object__delete__S)
                  000168f8    00000020     ti.targets.arm.rtsarm.aem4f : Registry.oem4f (.text:xdc_runtime_Registry_findById__E)
                  00016918    00000020                                 : SysMin.oem4f (.text:xdc_runtime_SysMin_Module_startup__E)
                  00016938    0000001e     stk.aem4f : listlib.oem4f (.text:list_remove)
                  00016956    0000001e     eth_network.obj (.text:recv)
                  00016974    0000001e     eth_network.obj (.text:send)
                  00016992    0000001e     RTOS_config_pem4f.oem4f (.text:ti_sysbios_BIOS_errorRaiseHook__I)
                  000169b0    0000001e     sysbios.aem4f : m3_Hwi_asm_switch.obj (.text:ti_sysbios_family_xxx_Hwi_switchAndRunFunc)
                  000169ce    00000002     --HOLE-- [fill = 0]
                  000169d0    0000001c     stk.aem4f : bind.oem4f (.text:BindFindByIF)
                  000169ec    0000001c               : exec.oem4f (.text:ExecBroadcast)
                  00016a08    0000001c     os.aem4f : ossys.oem4f (.text:NDK_sprintf)
                  00016a24    0000001c     stk.aem4f : nimu.oem4f (.text:NIMUAddHeader)
                  00016a40    0000001c               : sockprot.oem4f (.text:SockPrDetach)
                  00016a5c    0000001c     os.aem4f : task.oem4f (.text:TaskDestroy)
                  00016a78    0000001c     driverlib.lib : sysctl.obj (.text:_SysCtlMemTimingGet)
                  00016a94    0000001c     drivers_tivaware.aem4f : GPIOTiva.oem4f (.text:getGpioIntIndex)
                  00016ab0    0000001c     rtsv7M4_T_le_v4SPD16_eabi.lib : memccpy.obj (.text)
                  00016acc    0000001c     RTOS_config_pem4f.oem4f (.text:ti_ndk_config_global_taskCreateHook)
                  00016ae8    0000001c     sysbios.aem4f : BIOS.obj (.text:ti_sysbios_gates_GateMutex_Instance_init__E)
                  00016b04    0000001c     RTOS_config_pem4f.oem4f (.text:ti_sysbios_knl_Queue_Object__destruct__S)
                  00016b20    0000001c     sysbios.aem4f : BIOS.obj (.text:ti_sysbios_knl_Task_enter__I)
                  00016b3c    0000001c     ti.uia.loggers.aem4f : LoggerStopMode.oem4f (.text:ti_uia_loggers_LoggerStopMode_Instance_init__E)
                  00016b58    0000001c     ti.targets.arm.rtsarm.aem4f : Error.oem4f (.text:xdc_runtime_Error_raiseX__E)
                  00016b74    0000001c                                 : Memory.oem4f (.text:xdc_runtime_Memory_valloc__E)
                  00016b90    0000001c                                 : SysMin.oem4f (.text:xdc_runtime_SysMin_exit__E)
                  00016bac    0000001c                                 : System.oem4f (.text:xdc_runtime_System_abort__E)
                  00016bc8    0000001a     stk.aem4f : bind.oem4f (.text:BindGetIP)
                  00016be2    0000001a               : sockint.oem4f (.text:SockSetOOBMark)
                  00016bfc    0000001a               : file.oem4f (.text:fdint_getfdt)
                  00016c16    0000001a     RTOS_config_pem4f.oem4f (.text:ti_sysbios_family_arm_m3_Hwi_Handle__label__S)
                  00016c30    0000001a     RTOS_config_pem4f.oem4f (.text:ti_sysbios_gates_GateHwi_Handle__label__S)
                  00016c4a    0000001a     RTOS_config_pem4f.oem4f (.text:ti_sysbios_gates_GateMutex_Handle__label__S)
                  00016c64    0000001a     RTOS_config_pem4f.oem4f (.text:ti_sysbios_heaps_HeapMem_Handle__label__S)
                  00016c7e    0000001a     RTOS_config_pem4f.oem4f (.text:ti_sysbios_knl_Swi_Handle__label__S)
                  00016c98    0000001a     RTOS_config_pem4f.oem4f (.text:ti_sysbios_knl_Task_Handle__label__S)
                  00016cb2    00000006     driverlib.lib : emac.obj (.text:EMACTxDMADescriptorListSet)
                  00016cb8    0000001a     sysbios.aem4f : BIOS.obj (.text:ti_sysbios_knl_Task_sleepTimeout__I)
                  00016cd2    0000001a     RTOS_config_pem4f.oem4f (.text:ti_uia_loggers_LoggerStopMode_Handle__label__S)
                  00016cec    0000001a     RTOS_config_pem4f.oem4f (.text:xdc_runtime_System_aprintf__E)
                  00016d06    0000001a     RTOS_config_pem4f.oem4f (.text:xdc_runtime_System_printf__E)
                  00016d20    00000018     driverlib.lib : adc.obj (.text:ADCClockConfigSet)
                  00016d38    00000018     drivers_tivaware.aem4f : EMACSnow.oem4f (.text:EMACSnow_emacSend)
                  00016d50    00000018     stk.aem4f : ip.oem4f (.text:IPRtChange)
                  00016d68    00000018               : rawethsock_pcb.oem4f (.text:RawEthSockPcbCleanup)
                  00016d80    00000018     nettool_ipv4.aem4f : ipaddr.oem4f (.text:RouteHook)
                  00016d98    00000018     stk.aem4f : tcpin.oem4f (.text:SEQ_GEQ)
                  00016db0    00000018               : tcpout.oem4f (.text:SEQ_GEQ)
                  00016dc8    00000018               : tcpin.oem4f (.text:SEQ_GT)
                  00016de0    00000018               : tcpout.oem4f (.text:SEQ_GT)
                  00016df8    00000018               : tcpin.oem4f (.text:SEQ_LEQ)
                  00016e10    00000018               : tcpout.oem4f (.text:SEQ_LEQ)
                  00016e28    00000018               : tcpin.oem4f (.text:SEQ_LT)
                  00016e40    00000018               : tcpout.oem4f (.text:SEQ_LT)
                  00016e58    00000018               : tcp.oem4f (.text:TcpTimeoutAdd)
                  00016e70    00000018     nettool_ipv4.aem4f : dhcpsock.oem4f (.text:dhcpSocketClose)
                  00016e88    00000018     stk.aem4f : listlib.oem4f (.text:list_add)
                  00016ea0    00000018     rtsv7M4_T_le_v4SPD16_eabi.lib : args_main.obj (.text)
                  00016eb8    00000018                                   : strcmp.obj (.text)
                  00016ed0    00000018     RTOS_config_pem4f.oem4f (.text:ti_sysbios_BIOS_rtsUnlock__I)
                  00016ee8    00000018     RTOS_config_pem4f.oem4f (.text:ti_sysbios_family_arm_lm4_Timer_Module__startupDone__F)
                  00016f00    00000018     RTOS_config_pem4f.oem4f (.text:ti_sysbios_family_arm_m3_Hwi_Module__startupDone__F)
                  00016f18    00000018     sysbios.aem4f : m3_TaskSupport_asm.obj (.text:ti_sysbios_family_arm_m3_TaskSupport_swap__E)
                  00016f30    00000018                   : BIOS.obj (.text:ti_sysbios_gates_GateMutex_leave__E)
                  00016f48    00000018     driverlib.lib : udma.obj (.text:uDMAChannelEnable)
                  00016f60    00000018     ti.targets.arm.rtsarm.aem4f : Error.oem4f (.text:xdc_runtime_Error_check__E)
                  00016f78    00000018                                 : System.oem4f (.text:xdc_runtime_System_exit__E)
                  00016f90    00000018                                 : Text.oem4f (.text:xdc_runtime_Text_ropeText__E)
                  00016fa8    00000016     driverlib.lib : emac.obj (.text:EMACReset)
                  00016fbe    00000016                   : emac.obj (.text:EMACRxEnable)
                  00016fd4    00000016                   : emac.obj (.text:EMACTxEnable)
                  00016fea    00000016     stk.aem4f : file.oem4f (.text:fdint_freefdt)
                  00017000    00000016     rtsv7M4_T_le_v4SPD16_eabi.lib : strchr.obj (.text)
                  00017016    00000016     RTOS_config_pem4f.oem4f (.text:ti_sysbios_BIOS_exitFunc__I)
                  0001702c    00000016     eth_network.obj (.text:ti_sysbios_knl_Task_Params_init)
                  00017042    00000016     ti.uia.loggers.aem4f : LoggerStopMode.oem4f (.text:ti_uia_loggers_LoggerStopMode_disable__E)
                  00017058    00000016                          : LoggerStopMode.oem4f (.text:ti_uia_loggers_LoggerStopMode_enable__E)
                  0001706e    00000016     ti.targets.arm.rtsarm.aem4f : System.oem4f (.text:xdc_runtime_System_vsprintf__E)
                  00017084    00000014     stk.aem4f : bind.oem4f (.text:BindIPHost2IF)
                  00017098    00000014     driverlib.lib : flash.obj (.text:FlashUserGet)
                  000170ac    00000014     netctrl_min_ipv4.aem4f : netctrl.oem4f (.text:NC_NetStop)
                  000170c0    00000014     os.aem4f : task.oem4f (.text:NDK_hookExit)
                  000170d4    00000014     stk.aem4f : nimu.oem4f (.text:NIMUSendPacket)
                  000170e8    00000014     nettool_ipv4.aem4f : ipaddr.oem4f (.text:NtRemoveNetwork)
                  000170fc    00000014     stk.aem4f : rawethsock_pcb.oem4f (.text:RawEthSockPcbInit)
                  00017110    00000014               : timer.oem4f (.text:TimerFree)
                  00017124    00000014     eth_network.obj (.text:accept)
                  00017138    00000014     eth_network.obj (.text:bind)
                  0001714c    00000014     main.obj (.text:initSamplesTask)
                  00017160    00000014     rtsv7M4_T_le_v4SPD16_eabi.lib : _lock.obj (.text)
                  00017174    00000014                                   : s_copysign.obj (.text)
                  00017188    00000014                                   : strcpy.obj (.text)
                  0001719c    00000014                                   : strlen.obj (.text)
                  000171b0    00000014     eth_network.obj (.text:socket)
                  000171c4    00000014     RTOS_config_pem4f.oem4f (.text:ti_ndk_config_global_taskExitHook)
                  000171d8    00000014     RTOS_config_pem4f.oem4f (.text:ti_sysbios_family_arm_m3_Hwi_Object__get__S)
                  000171ec    00000004     --HOLE-- [fill = 0]
                  000171f0    00000014     sysbios.aem4f : BIOS.obj (.text:ti_sysbios_family_arm_m3_Hwi_switchFromBootStack__E)
                  00017204    00000014     RTOS_config_pem4f.oem4f (.text:ti_sysbios_heaps_HeapMem_Object__get__S)
                  00017218    00000014     RTOS_config_pem4f.oem4f (.text:ti_sysbios_knl_Swi_Object__get__S)
                  0001722c    00000014     RTOS_config_pem4f.oem4f (.text:ti_sysbios_knl_Task_Object__first__S)
                  00017240    00000014     RTOS_config_pem4f.oem4f (.text:ti_sysbios_knl_Task_Object__get__S)
                  00017254    00000014     RTOS_config_pem4f.oem4f (.text:ti_sysbios_knl_Task_Object__next__S)
                  00017268    00000012     driverlib.lib : adc.obj (.text:ADCHardwareOversampleConfigure)
                  0001727a    00000012                   : gpio.obj (.text:GPIOPinTypeADC)
                  0001728c    00000012                   : gpio.obj (.text:GPIOPinTypeEthernetLED)
                  0001729e    00000012     stk.aem4f : sockprot.oem4f (.text:SockPrAttach)
                  000172b0    00000012               : sockint.oem4f (.text:SockSetOOBData)
                  000172c2    00000012     driverlib.lib : timer.obj (.text:TimerLoadSet)
                  000172d4    00000012     main.obj (.text:heartBeat_Task)
                  000172e6    00000012     nettool_ipv4.aem4f : inetaddr.oem4f (.text:inet_addr)
                  000172f8    00000012     sysbios.aem4f : BIOS.obj (.text:ti_sysbios_hal_Hwi_Module_startup__E)
                  0001730a    00000006     driverlib.lib : gpio.obj (.text:GPIOIntClear)
                  00017310    00000012     sysbios.aem4f : BIOS.obj (.text:ti_sysbios_knl_Semaphore_reset__E)
                  00017322    00000012     RTOS_config_pem4f.oem4f (.text:xdc_runtime_Startup_exec__I)
                  00017334    00000010     RTOS_config_pem4f.oem4f (.text:.bootCodeSection:ti_catalog_arm_cortexm4_tiva_ce_Boot_init__I)
                  00017344    00000010     driverlib.lib : adc.obj (.text:ADCSequenceDMAEnable)
                  00017354    00000010     stk.aem4f : bind.oem4f (.text:BindIF2IPHost)
                  00017364    00000010               : bind.oem4f (.text:BindIFNet2IPHost)
                  00017374    00000010     driverlib.lib : emac.obj (.text:EMACFrameFilterSet)
                  00017384    00000010     stk.aem4f : exec.oem4f (.text:ExecHRef)
                  00017394    00000010     netctrl_min_ipv4.aem4f : netctrl.oem4f (.text:NC_IPUpdate)
                  000173a4    00000010     stk.aem4f : nimu.oem4f (.text:NIMUGetRsvdSizeInfo)
                  000173b4    00000010     eth_network.obj (.text:listen)
                  000173c4    00000004     --HOLE-- [fill = 0]
                  000173c8    00000010     sysbios.aem4f : BIOS.obj (.text:ti_sysbios_BIOS_getCpuFreq__E)
                  000173d8    00000010                   : BIOS.obj (.text:ti_sysbios_BIOS_setThreadType__E)
                  000173e8    00000010                   : BIOS.obj (.text:ti_sysbios_BIOS_start__E)
                  000173f8    00000010                   : BIOS.obj (.text:ti_sysbios_family_arm_lm4_TimestampProvider_rolloverFunc__E)
                  00017408    00000010                   : m3_TaskSupport_asm.obj (.text:ti_sysbios_family_arm_m3_TaskSupport_glue)
                  00017418    00000010                   : BIOS.obj (.text:ti_sysbios_gates_GateMutex_Instance_finalize__E)
[...]
0002dc48  ti_sysbios_knl_Task_Object__count__C                                 
0002dc4c  ti_sysbios_knl_Task_Object__heap__C                                  
0002dc50  ti_sysbios_knl_Task_allBlockedFunc__C                                
0002dc54  ti_sysbios_knl_Task_defaultStackHeap__C                              
0002dc58  ti_sysbios_knl_Task_defaultStackSize__C                              
0002dc5c  ti_sysbios_knl_Task_numConstructedTasks__C                           
0002dc60  ti_sysbios_utils_Load_LS_cpuLoad__C                                  
0002dc64  ti_sysbios_utils_Load_LS_taskLoad__C                                 
0002dc68  ti_sysbios_utils_Load_Module_State_taskList__O                       
0002dc6c  ti_sysbios_utils_Load_Module__diagsEnabled__C                        
0002dc70  ti_sysbios_utils_Load_Module__diagsIncluded__C                       
0002dc74  ti_sysbios_utils_Load_Module__diagsMask__C                           
0002dc78  ti_sysbios_utils_Load_Module__loggerFxn1__C                          
0002dc7c  ti_sysbios_utils_Load_Module__loggerFxn4__C                          
0002dc80  ti_sysbios_utils_Load_Module__loggerObj__C                           
0002dc84  ti_sysbios_utils_Load_postUpdate__C                                  
0002dc88  ti_sysbios_utils_Load_windowInMs__C                                  
0002dc8c  ti_uia_loggers_LoggerStopMode_Module__diagsEnabled__C                
0002dc90  ti_uia_loggers_LoggerStopMode_Module__diagsIncluded__C               
0002dc94  ti_uia_loggers_LoggerStopMode_Module__diagsMask__C                   
0002dc98  ti_uia_loggers_LoggerStopMode_Object__count__C                       
0002dc9c  ti_uia_runtime_ILoggerSnapshot_Interface__BASE__C                    
0002dca0  ti_uia_runtime_IUIATransfer_Interface__BASE__C                       
0002dca4  xdc_runtime_Assert_E_assertFailed__C                                 
0002dca8  xdc_runtime_Core_A_initializedParams__C                              
0002dcac  xdc_runtime_Core_Module__diagsEnabled__C                             
0002dcb0  xdc_runtime_Core_Module__diagsIncluded__C                            
0002dcb4  xdc_runtime_Core_Module__diagsMask__C                                
0002dcb8  xdc_runtime_Error_E_memory__C                                        
0002dcbc  xdc_runtime_Error_Module__diagsEnabled__C                            
0002dcc0  xdc_runtime_Error_Module__diagsIncluded__C                           
0002dcc4  xdc_runtime_Error_Module__diagsMask__C                               
0002dcc8  xdc_runtime_Error_Module__loggerFxn8__C                              
0002dccc  xdc_runtime_Error_Module__loggerObj__C                               
0002dcd0  xdc_runtime_Error_policyFxn__C                                       
0002dcd4  xdc_runtime_Error_raiseHook__C                                       
0002dcd8  xdc_runtime_IFilterLogger_Interface__BASE__C                         
0002dcdc  xdc_runtime_IGateProvider_Interface__BASE__C                         
0002dce0  xdc_runtime_IHeap_Interface__BASE__C                                 
0002dce4  xdc_runtime_ILogger_Interface__BASE__C                               
0002dce8  xdc_runtime_IModule_Interface__BASE__C                               
0002dcec  xdc_runtime_Log_L_error__C                                           
0002dcf0  xdc_runtime_Memory_defaultHeapInstance__C                            
0002dcf4  xdc_runtime_Startup_execImpl__C                                      
0002dcf8  xdc_runtime_Startup_lastFxns__A                                      
0002dcfc  xdc_runtime_Startup_maxPasses__C                                     
0002dd00  xdc_runtime_Startup_sfxnRts__C                                       
0002dd04  xdc_runtime_Startup_sfxnTab__C                                       
0002dd08  xdc_runtime_SysMin_bufSize__C                                        
0002dd0c  xdc_runtime_SysMin_outputFunc__C                                     
0002dd10  xdc_runtime_System_Module__gateObj__C                                
0002dd14  xdc_runtime_System_abortFxn__C                                       
0002dd18  xdc_runtime_System_exitFxn__C                                        
0002dd1c  xdc_runtime_System_extendFxn__C                                      
0002dd20  xdc_runtime_System_maxAtexitHandlers__C                              
0002dd24  xdc_runtime_Text_charTab__C                                          
0002dd28  xdc_runtime_Text_nameEmpty__C                                        
0002dd2c  xdc_runtime_Text_nameStatic__C                                       
0002dd30  xdc_runtime_Text_nameUnknown__C                                      
0002dd34  xdc_runtime_Text_nodeTab__C                                          
0002dd38  xdc_runtime_Text_visitRopeFxn__C                                     
0002dd3c  ti_sysbios_family_arm_m3_Hwi_Module__loggerDefined__C                
0002dd3e  ti_sysbios_gates_GateMutex_Module__id__C                             
0002dd40  ti_sysbios_hal_Hwi_Module__id__C                                     
0002dd42  ti_sysbios_heaps_HeapMem_Module__id__C                               
0002dd44  ti_sysbios_knl_Clock_Module__id__C                                   
0002dd46  ti_sysbios_knl_Clock_Module__loggerDefined__C                        
0002dd48  ti_sysbios_knl_Semaphore_Module__id__C                               
0002dd4a  ti_sysbios_knl_Semaphore_Module__loggerDefined__C                    
0002dd4c  ti_sysbios_knl_Swi_Module__id__C                                     
0002dd4e  ti_sysbios_knl_Swi_Module__loggerDefined__C                          
0002dd50  ti_sysbios_knl_Task_Module__id__C                                    
0002dd52  ti_sysbios_knl_Task_Module__loggerDefined__C                         
0002dd54  ti_sysbios_utils_Load_Module__id__C                                  
0002dd56  ti_sysbios_utils_Load_Module__loggerDefined__C                       
0002dd58  ti_sysbios_utils_Load_autoAddTasks__C                                
0002dd5a  ti_sysbios_utils_Load_updateInIdle__C                                
0002dd5c  ti_uia_loggers_LoggerStopMode_Module__id__C                          
0002dd5e  ti_uia_loggers_LoggerStopMode_isTimestampEnabled__C                  
0002dd60  xdc_runtime_Core_Module__id__C                                       
0002dd62  xdc_runtime_Error_Module__loggerDefined__C                           
0002dd64  xdc_runtime_Error_maxDepth__C                                        
0002dd66  xdc_runtime_Memory_Module__id__C                                     
0002dd68  xdc_runtime_SysMin_flushAtExit__C                                    
0002dd6a  xdc_runtime_Text_charCnt__C                                          
0002dd6c  xdc_runtime_Text_isLoaded__C                                         
0002dd6e  xdc_runtime_Text_registryModsLastId__C                               
0002dd70  xdc_runtime_Text_unnamedModsLastId__C                                
0002dd78  __TI_static_base__                                                   
0002e22c  __TI_Handler_Table_Base                                              
0002e238  __TI_Handler_Table_Limit                                             
0002e248  __TI_CINIT_Base                                                      
0002e260  __TI_CINIT_Limit                                                     
20000000  ti_sysbios_family_arm_m3_Hwi_ramVectors                              
20000400  ti_sysbios_heaps_HeapMem_Instance_State_0_buf__A                     
20005400  ti_ndk_config_Global_pit                                             
200054a8  ti_ndk_config_Global_pitBuffer                                       
20009ca8  _ICMPIn                                                              
20009cf4  PBMQ_free                                                            
20009d00  ti_ndk_config_Global_pBufMem                                         
2000d900  ti_ndk_config_Global_pHdrMem                                         
2000dbf8  fftResult                                                            
2000fbf8  g_float32_ai0                                                        
20011bf8  g_float32_scope                                                      
20013bf8  ti_sysbios_knl_Task_Instance_State_0_stack__A                        
20013df8  ti_sysbios_knl_Task_Instance_State_1_stack__A                        
200145f8  ti_sysbios_knl_Task_Instance_State_2_stack__A                        
200147f8  ti_sysbios_knl_Task_Instance_State_3_stack__A                        
20014df8  ti_sysbios_knl_Task_Instance_State_4_stack__A                        
20014ff8  fftResultMag                                                         
20016000  ti_uia_loggers_LoggerStopMode_Instance_State_0_packetArray__A        
20017000  ti_uia_loggers_LoggerStopMode_Instance_State_2_packetArray__A        
20018000  udmaCtrlTable                                                        
20019000  g_uint16_adc0_ping                                                   
20019800  g_uint16_adc0_pong                                                   
2001a000  g_uint16_adc1_ping                                                   
2001a800  g_uint16_adc1_pong                                                   
2001b000  ti_uia_loggers_LoggerStopMode_Instance_State_1_packetArray__A        
2001b400  ti_sysbios_family_arm_m3_Hwi_dispatchTable                           
2001b760  __CIOBUF_                                                            
2001b980  tcps                                                                 
2001bc9c  xdc_runtime_SysMin_Module_State_0_outbuf__A                          
2001bd1c  ips                                                                  
2001bd84  nimu_mcb                                                             
2001bde8  g_str_SendResult                                                     
2001be4c  _ICMPOut                                                             
2001bed8  vlan_mcb                                                             
2001bf00  ti_uia_loggers_LoggerStopMode_Instance_State_0_hdr__A                
2001bf54  udps                                                                 
2001bf78  emacObjects                                                          
2001bf80  ti_uia_loggers_LoggerStopMode_Instance_State_1_hdr__A                
2001bfb0  BlockCount                                                           
2001bfcc  BlockMax                                                             
2001bfe8  stkEvent                                                             
2001c000  ti_uia_loggers_LoggerStopMode_Instance_State_2_hdr__A                
2001c030  PageCount                                                            
2001c04c  PageMax                                                              
2001c08c  raweths                                                              
2001c09c  raws                                                                 
2001c0ac  tpseudo                                                              
2001c0b8  upseudo                                                              
2001c0c4  ti_sysbios_knl_Task_Instance_State_0_hookEnv__A                      
2001c0cc  ti_sysbios_knl_Task_Instance_State_1_hookEnv__A                      
2001c0d4  ti_sysbios_knl_Task_Instance_State_2_hookEnv__A                      
2001c0dc  ti_sysbios_knl_Task_Instance_State_3_hookEnv__A                      
2001c0e4  ti_sysbios_knl_Task_Instance_State_4_hookEnv__A                      
2001c110  _IGMPInDiscard                                                       
2001c114  _IGMPInQuery                                                         
2001c118  _IGMPInQueryGroup                                                    
2001c11c  _IGMPInResponse                                                      
2001c120  _IGMPOutResponse                                                     
2001c124  g_ulStatus                                                           
2001c138  raweth_pcb                                                           
2001c13c  ti_sysbios_knl_Task_Object__table__V                                 
2001c2cc  _ipcfg                                                               
2001c380  ti_uia_loggers_LoggerStopMode_Object__table__V                       
2001c41c  ti_sysbios_utils_Load_Module__state__V                               
2001c4b4  ti_sysbios_utils_Load_Module_State_0_taskEnv__A                      
2001c540  ti_sysbios_family_arm_lm4_Timer_Object__table__V                     
2001c5c0  ti_sysbios_knl_Swi_Module_State_0_readyQ__A                          
2001c640  ti_sysbios_knl_Task_Module_State_0_readyQ__A                         
2001c6c0  ti_sysbios_knl_Semaphore_Object__table__V                            
2001c724  ti_sysbios_family_arm_m3_Hwi_Object__table__V                        
2001c7d2  ti_sysbios_family_arm_m3_Hwi_Module_State_0_excActive__A             
2001c7d4  ti_sysbios_knl_Task_Module__state__V                                 
2001c898  ti_sysbios_family_arm_lm4_Timer_Module_State_0_device__A             
2001c8d8  ti_sysbios_gates_GateMutex_Object__table__V                          
2001c944  ti_sysbios_family_arm_m3_Hwi_Module__state__V                        
2001c978  enablePrefetch                                                       
2001c97c  phyCounter                                                           
2001c9aa  xdc_runtime_Error_Module__state__V                                   
2001c9dc  ti_sysbios_knl_Swi_Object__table__V                                  
2001ca0c  ti_sysbios_knl_Clock_Module__state__V                                
2001ca38  pstrMsgName                                                          
2001ca60  _oscfg                                                               
2001ca84  PITCount                                                             
2001ca88  PITUsed                                                              
2001ca8c  PITHigh                                                              
2001caa8  ti_sysbios_BIOS_Module__state__V                                     
2001cacc  ti_sysbios_family_arm_lm4_Timer_Module_State_0_handles__A            
2001cb08  ti_ndk_config_Global_Id2Size                                         
2001cb24  ti_sysbios_knl_Swi_Module__state__V                                  
2001cb40  ti_ndk_config_Global_HostName                                        
2001cb44  LocalIPAddr                                                          
2001cb48  LocalIPMask                                                          
2001cb4c  GatewayIP                                                            
2001cb50  DomainName                                                           
2001cb54  __xdc__init__addr                                                    
2001cb88  ti_sysbios_heaps_HeapMem_Object__table__V                            
2001cbb4  gpioPinConfigs                                                       
2001cbc4  rms_ai0                                                              
2001cbc8  g_float_ai0_mean                                                     
2001cbcc  maxValue                                                             
2001cbd0  maxIndex                                                             
2001cbdc  _IGMPForceVersion1                                                   
2001cbe4  __TI_cleanup_ptr                                                     
2001cbe8  __TI_dtors_ptr                                                       
2001cbec  __TI_enable_exit_profile_output                                      
2001cbf0  ti_sysbios_family_arm_lm4_Timer_Module__state__V                     
2001cbfc  ti_sysbios_knl_Task_Module__root__V                                  
2001cc08  ti_uia_runtime_QueueDescriptor_Module__state__V                      
2001cc14  xdc_runtime_SysMin_Module__state__V                                  
2001cc2c  _lock                                                                
2001cc30  _unlock                                                              
2001cc34  NIMUDeviceTable                                                      
2001cc3c  gpioCallbackFunctions                                                
2001cc54  _ICMPInErrors                                                        
2001cc58  _ICMPOutErrors                                                       
2001cc5c  _IPExecuting                                                         
2001cc74  tcp_iss                                                              
2001cc78  ptTimeFirst                                                          
2001cc84  ti_uia_runtime_QueueDescriptor_gPtrToFirstDescriptor                 
2001cc88  ti_uia_runtime_QueueDescriptor_gUpdateCount                          
2001cc8c  ti_sysbios_family_arm_lm4_TimestampProvider_Module__state__V         
2001cc94  ti_sysbios_family_arm_m3_Hwi_Module__root__V                         
2001cc9c  ti_sysbios_gates_GateHwi_Module__root__V                             
2001cca4  ti_sysbios_gates_GateMutex_Module__root__V                           
2001ccac  ti_sysbios_heaps_HeapMem_Module__root__V                             
2001ccb4  ti_sysbios_knl_Clock_Module__root__V                                 
2001ccbc  ti_sysbios_knl_Queue_Module__root__V                                 
2001ccc4  ti_sysbios_knl_Semaphore_Module__root__V                             
2001cccc  ti_sysbios_knl_Swi_Module__root__V                                   
2001ccd4  ti_uia_loggers_LoggerStopMode_Module__root__V                        
2001ccdc  xdc_runtime_Registry_Module__state__V                                
2001cce4  xdc_runtime_Startup_Module__state__V                                 
2001ccec  xdc_runtime_System_Module_State_0_atexitHandlers__A                  
2001ccf4  xdc_runtime_System_Module__state__V                                  
2001ccfc  macAddress                                                           
2001cd1c  errno                                                                
2001cd20  main_func_sp                                                         
2001cd28  _IPReasmPtr                                                          
2001cd38  ti_sysbios_family_arm_m3_Hwi_Module_State_0_excContext__A            
2001cd3c  ti_sysbios_family_arm_m3_Hwi_Module_State_0_excStack__A              
2001cd40  ti_sysbios_gates_GateHwi_Object__table__V                            
2001cd44  ti_sysbios_knl_Task_Module_State_0_idleTask__A                       
2001cd48  ti_sysbios_utils_Load_Module_State_0_runningTask__A                  
2001cd4c  ti_sysbios_utils_Load_Module_State_0_taskStartTime__A                
2001cd50  xdc_runtime_Memory_Module__state__V                                  
2001cd54  __stack                                                              
2001d554  __STACK_END                                                          
e000e000  ti_sysbios_family_arm_m3_Hwi_nvic                                    
ffffffff  __TI_pprof_out_hndl                                                  
ffffffff  __TI_prof_data_size                                                  
ffffffff  __TI_prof_data_start                                                 
ffffffff  __binit__                                                            
ffffffff  __c_args__                                                           
ffffffff  binit                                                                
UNDEFED   SHT$$INIT_ARRAY$$Base                                                
UNDEFED   SHT$$INIT_ARRAY$$Limit                                               

[1295 symbols]
