******************************************************************************
                  TI ARM Linker PC v16.9.3                     
******************************************************************************
>> Linked Wed Aug 30 00:15:04 2017

OUTPUT FILE NAME:   <TM4C_RTOS_rms.out>
ENTRY POINT SYMBOL: "_c_int00"  address: 00010771


MEMORY CONFIGURATION

         name            origin    length      used     unused   attr    fill
----------------------  --------  ---------  --------  --------  ----  --------
  FLASH                 00000000   00100000  00018272  000e7d8e  R  X
  SRAM                  20000000   00040000  00017e30  000281d0  RW X


SEGMENT ALLOCATION MAP

run origin  load origin   length   init length attrs members
----------  ----------- ---------- ----------- ----- -------
00000000    00000000    00018278   00018278    r-x
  00000000    00000000    0000003c   0000003c    r-- .resetVecs
  00000040    00000040    00014d72   00014d72    r-x .text
  00014db4    00014db4    00002fec   00002fec    r-- .const
  00017da0    00017da0    000004d8   000004d8    r-- .cinit
20000000    20000000    00000360   00000000    rw-
  20000000    20000000    00000360   00000000    rw- .vecs
20000400    20000400    00017ad0   00000000    rw-
  20000400    20000400    000166d8   00000000    rw- .bss
  20016ad8    20016ad8    00000bf8   00000000    rw- .data
  200176d0    200176d0    00000800   00000000    rw- .stack


SECTION ALLOCATION MAP

 output                                  attributes/
section   page    origin      length       input sections
--------  ----  ----------  ----------   ----------------
.text      0    00000040    00014d72     
                  00000040    00000c68     stk.aem4f : tcpin.oem4f (.text:TcpInput)
                  00000ca8    000008b8               : tcpout.oem4f (.text:TcpOutput)
                  00001560    00000430     sysbios.aem4f : BIOS.obj (.text:ti_sysbios_family_arm_m3_Hwi_excDumpRegs__I)
                  00001990    00000408     stk.aem4f : ipout.oem4f (.text:IPTxPacket)
                  00001d98    00000384               : ipin.oem4f (.text:IPRxPacket)
                  0000211c    0000034c     ti.targets.arm.rtsarm.aem4f : System.oem4f (.text:xdc_runtime_System_doPrint__I)
                  00002468    00000324     rtsv7M4_T_le_v4SPD16_eabi.lib : trgdrv.obj (.text)
                  0000278c    00000004     driverlib.lib : adc.obj (.text:ADCIntClearEx)
                  00002790    000002ec     sysbios.aem4f : BIOS.obj (.text:ti_sysbios_knl_Semaphore_pend__E)
                  00002a7c    00000004     stk.aem4f : bind.oem4f (.text:BindGetIF)
                  00002a80    000002c0     sysbios.aem4f : BIOS.obj (.text:ti_sysbios_knl_Task_Instance_finalize__E)
                  00002d40    00000284     stk.aem4f : sock.oem4f (.text:SockSet)
                  00002fc4    00000004               : bind.oem4f (.text:BindGetNext)
                  00002fc8    00000258     sysbios.aem4f : BIOS.obj (.text:ti_sysbios_heaps_HeapMem_free__E)
                  00003220    0000024c     stk.aem4f : ipfrag.oem4f (.text:IPReasm)
                  0000346c    00000004     os.aem4f : ossys.oem4f (.text:NDK_vsprintf)
                  00003470    00000248     sysbios.aem4f : BIOS.obj (.text:ti_sysbios_heaps_HeapMem_alloc__E)
                  000036b8    0000023c     stk.aem4f : icmpin.oem4f (.text:ICMPInput)
                  000038f4    00000238               : udp.oem4f (.text:UdpInput)
                  00003b2c    00000204     driverlib.lib : sysctl.obj (.text:SysCtlClockFreqSet)
                  00003d30    00000204     Boot.aem4f : Boot_sysctl.oem4f (.text:ti_catalog_arm_cortexm4_tiva_ce_Boot_sysCtlClockFreqSetI__I)
                  00003f34    00000004     stk.aem4f : node.oem4f (.text:NodeSetRt)
                  00003f38    00000200     sysbios.aem4f : BIOS.obj (.text:ti_sysbios_knl_Task_sleep__E)
                  00004138    000001fc                   : BIOS.obj (.text:ti_sysbios_family_arm_m3_Hwi_excHandlerMax__I)
                  00004334    000001f4     stk.aem4f : sock.oem4f (.text:SockRecv)
                  00004528    000001f4     sysbios.aem4f : BIOS.obj (.text:ti_sysbios_knl_Task_Instance_init__E)
                  0000471c    000001e8     eth_network.obj (.text:tcpHandler)
                  00004904    00000004     stk.aem4f : rawethsock_prot.oem4f (.text:RawEthSockPrAttach)
                  00004908    000001bc     sysbios.aem4f : BIOS.obj (.text:ti_sysbios_family_arm_lm4_Timer_start__E)
                  00004ac4    000001b8     drivers_tivaware.aem4f : EMACSnow.oem4f (.text:EMACSnow_NIMUInit)
                  00004c7c    000001b6     rtsv7M4_T_le_v4SPD16_eabi.lib : fd_add_t2.obj (.text)
                  00004e32    00000002     hal_userled_stub.aem4f : llled.oem4f (.text:LED_TOGGLE)
                  00004e34    000001b0     stk.aem4f : lliout.oem4f (.text:LLITxIpPacket)
                  00004fe4    000001ac               : lliin.oem4f (.text:LLIRxPacket)
                  00005190    0000019c     os.aem4f : mem.oem4f (.text:mmAlloc)
                  0000532c    00000198     stk.aem4f : igmp.oem4f (.text:IGMPInput)
                  000054c4    00000190               : sock.oem4f (.text:SockNew)
                  00005654    0000018c     main.obj (.text:rmsCalc_Task)
                  000057e0    00000188     sysbios.aem4f : BIOS.obj (.text:ti_sysbios_knl_Task_setPri__E)
                  00005968    0000017c                   : BIOS.obj (.text:ti_sysbios_family_arm_lm4_TimestampProvider_get64__E)
                  00005ae4    00000174     netctrl_min_ipv4.aem4f : netctrl.oem4f (.text:NC_NetStart)
                  00005c58    00000174     sysbios.aem4f : BIOS.obj (.text:ti_sysbios_family_arm_m3_Hwi_excBusFault__I)
                  00005dcc    00000170     stk.aem4f : rtc.oem4f (.text:RTCReport)
                  00005f3c    00000170     rtsv7M4_T_le_v4SPD16_eabi.lib : e_sqrt.obj (.text)
                  000060ac    0000016a     stk.aem4f : sb.oem4f (.text:SBRead)
                  00006216    00000002               : nat.oem4f (.text:NatMsg)
                  00006218    00000164     sysbios.aem4f : BIOS.obj (.text:ti_sysbios_family_arm_m3_Hwi_excUsageFault__I)
                  0000637c    00000160     stk.aem4f : sock.oem4f (.text:SockConnect)
                  000064dc    00000158     nettool_ipv4.aem4f : dhcpmain.oem4f (.text:DHCPOpen)
                  00006634    00000150     drivers_tivaware.aem4f : GPIOTiva.oem4f (.text:GPIO_setConfig)
                  00006784    00000004     stk.aem4f : rawethsock_prot.oem4f (.text:RawEthSockPrDetach)
                  00006788    00000148     sysbios.aem4f : BIOS.obj (.text:ti_sysbios_family_arm_m3_Hwi_excMemFault__I)
                  000068d0    00000144     stk.aem4f : bind.oem4f (.text:BindNew)
                  00006a14    00000140               : tcp.oem4f (.text:TcpTimeoutCheck)
                  00006b54    00000004     os.aem4f : semaphore.oem4f (.text:SemPend)
                  00006b58    00000140     sysbios.aem4f : BIOS.obj (.text:ti_sysbios_knl_Semaphore_post__E)
                  00006c98    0000013c     nettool_ipv4.aem4f : config.oem4f (.text:CfgAddEntry)
                  00006dd4    0000013c     stk.aem4f : sockint.oem4f (.text:SockNotify)
                  00006f10    0000013c               : sock.oem4f (.text:SockSend)
                  0000704c    00000004     os.aem4f : semaphore.oem4f (.text:SemPost)
                  00007050    0000013c     sysbios.aem4f : BIOS.obj (.text:ti_sysbios_heaps_HeapMem_Instance_init__E)
                  0000718c    00000004     os.aem4f : semaphore.oem4f (.text:SemReset)
                  00007190    0000013c     sysbios.aem4f : BIOS.obj (.text:ti_sysbios_knl_Clock_workFunc__E)
                  000072cc    00000004     os.aem4f : task.oem4f (.text:TaskSelf)
                  000072d0    00000138     sysbios.aem4f : BIOS.obj (.text:ti_sysbios_family_arm_m3_Hwi_dispatchC__I)
                  00007408    00000138     RTOS_config_pem4f.oem4f (.text:ti_uia_loggers_LoggerStopMode_writeMemoryRange__E)
                  00007540    00000136     rtsv7M4_T_le_v4SPD16_eabi.lib : fd_div_t2.obj (.text)
                  00007676    00000002     os.aem4f : task.oem4f (.text:_TaskInit)
                  00007678    00000134     stk.aem4f : icmp.oem4f (.text:ICMPGenPacket)
                  000077ac    00000130     driverlib.lib : gpio.obj (.text:GPIOPadConfigSet)
                  000078dc    0000012c     EK_TM4C1294XL.obj (.text:EK_TM4C1294XL_initEMAC)
                  00007a08    00000124     stk.aem4f : sockpcb.oem4f (.text:SockPcbResolve)
                  00007b2c    00000124               : udp.oem4f (.text:UdpOutput)
                  00007c50    00000124     RTOS_config_pem4f.oem4f (.text:ti_ndk_config_Global_stackThread)
                  00007d74    00000004     os.aem4f : task.oem4f (.text:TaskSetPri)
                  00007d78    0000011c     sysbios.aem4f : BIOS.obj (.text:ti_sysbios_knl_Clock_Instance_init__E)
                  00007e94    00000004     driverlib.lib : timer.obj (.text:TimerADCEventSet)
                  00007e98    0000011c     sysbios.aem4f : BIOS.obj (.text:ti_sysbios_knl_Swi_run__I)
                  00007fb4    00000118     stk.aem4f : tcpout.oem4f (.text:TcpGenPacket)
                  000080cc    00000118     ti.targets.arm.rtsarm.aem4f : Error.oem4f (.text:xdc_runtime_Error_policyDefault__E)
                  000081e4    00000114     stk.aem4f : nimu.oem4f (.text:NIMUIoctl)
                  000082f8    00000114     RTOS_config_pem4f.oem4f (.text:ti_uia_loggers_LoggerStopMode_write8__E)
                  0000840c    00000110     stk.aem4f : node.oem4f (.text:NodeTreeFree)
                  0000851c    00000110               : raw.oem4f (.text:RawInput)
                  0000862c    00000004     hal_ser_stub.aem4f : llserstb.oem4f (.text:_llSerialInit)
                  00008630    00000110     sysbios.aem4f : BIOS.obj (.text:ti_sysbios_knl_Task_schedule__I)
                  00008740    0000010c     stk.aem4f : rtable.oem4f (.text:RtFind)
                  0000884c    0000010a               : route.oem4f (.text:RtCreate)
                  00008956    00000002     os.aem4f : task.oem4f (.text:_TaskShutdown)
                  00008958    00000108     drivers_tivaware.aem4f : EMACSnow.oem4f (.text:EMACSnow_emacStart)
                  00008a60    00000108     sysbios.aem4f : BIOS.obj (.text:ti_sysbios_knl_Task_exit__E)
                  00008b68    00000104     os.aem4f : task.oem4f (.text:llEnter)
                  00008c6c    00000102     nettool_ipv4.aem4f : dhcppkt.oem4f (.text:dhcpPacketProcess)
                  00008d6e    00000102                        : inetaddr.oem4f (.text:inet_aton)
                  00008e70    00000100     stk.aem4f : igmp.oem4f (.text:IGMPSendReply)
                  00008f70    00000100     adc_sample.obj (.text:adcPinConfig)
                  00009070    00000100     ti.targets.arm.rtsarm.aem4f : Core-mem.oem4f (.text:xdc_runtime_Core_createObject__I)
                  00009170    000000fc     netctrl_min_ipv4.aem4f : netctrl.oem4f (.text:NetScheduler)
                  0000926c    000000fc     rtsv7M4_T_le_v4SPD16_eabi.lib : fd_mul_t2.obj (.text)
                  00009368    000000fc     sysbios.aem4f : BIOS.obj (.text:ti_sysbios_knl_Task_postInit__I)
                  00009464    00000004     stk.aem4f : listlib.oem4f (.text:list_get_head)
                  00009468    000000fc     sysbios.aem4f : BIOS.obj (.text:ti_sysbios_knl_Task_startCore__E)
                  00009564    000000fc     RTOS_config_pem4f.oem4f (.text:ti_uia_loggers_LoggerStopMode_write4__E)
                  00009660    000000f8     adc_sample.obj (.text:ADC_init)
                  00009758    000000f8     stk.aem4f : pipe.oem4f (.text:PipeRecv)
                  00009850    000000f8     sysbios.aem4f : BIOS.obj (.text:ti_sysbios_utils_Load_updateThreadContexts__E)
                  00009948    000000f8     ti.targets.arm.rtsarm.aem4f : Startup.oem4f (.text:xdc_runtime_Startup_startMods__I)
                  00009a40    000000f8     RTOS_config_pem4f.oem4f (.text:xdc_runtime_System_printfExtend__I)
                  00009b38    000000f4     os.aem4f : task.oem4f (.text:TaskGetEnv)
                  00009c2c    000000f4     sysbios.aem4f : m3_Hwi_asm.obj (.text:ti_sysbios_family_arm_m3_Hwi_dispatch__I)
                  00009d20    000000f0     stk.aem4f : lliout.oem4f (.text:LLIGenArpPacket)
                  00009e10    000000f0               : sock.oem4f (.text:SockClose)
                  00009f00    000000f0     RTOS_config_pem4f.oem4f (.text:ti_uia_loggers_LoggerStopMode_write2__E)
                  00009ff0    000000ec     RTOS_config_pem4f.oem4f (.text:ti_uia_loggers_LoggerStopMode_write1__E)
                  0000a0dc    000000e8     adc_sample.obj (.text:DMA_init)
                  0000a1c4    000000e8     os.aem4f : task.oem4f (.text:TaskSetEnv)
                  0000a2ac    000000e0     stk.aem4f : tcptime.oem4f (.text:TcpTimeoutRexmt)
                  0000a38c    000000dc               : sb.oem4f (.text:SBWrite)
                  0000a468    000000dc     nettool_ipv4.aem4f : dhcpsock.oem4f (.text:dhcpSocketOpen)
                  0000a544    000000dc                        : dhcpsm.oem4f (.text:dhcpState)
                  0000a620    000000dc     RTOS_config_pem4f.oem4f (.text:ti_uia_loggers_LoggerStopMode_write0__E)
                  0000a6fc    000000d8     stk.aem4f : node.oem4f (.text:NodeAdd)
                  0000a7d4    000000d8               : tcpprot.oem4f (.text:TcpPrSetOption)
                  0000a8ac    00000004               : listlib.oem4f (.text:list_get_next)
                  0000a8b0    000000d8     sysbios.aem4f : BIOS.obj (.text:ti_sysbios_family_arm_lm4_TimestampProvider_get32__E)
                  0000a988    000000d4     drivers_tivaware.aem4f : EMACSnow.oem4f (.text:EMACSnow_handleRx)
                  0000aa5c    000000d4     stk.aem4f : sockpcb.oem4f (.text:SockPcbBind)
                  0000ab30    000000d4     sysbios.aem4f : BIOS.obj (.text:ti_sysbios_knl_Swi_Instance_init__E)
                  0000ac04    000000d1     stk.aem4f : nimu.oem4f (.text:NIMUReceivePacket)
                  0000acd5    00000001     --HOLE-- [fill = 0]
                  0000acd6    00000002     hal_ser_stub.aem4f : llserstb.oem4f (.text:_llSerialServiceCheck)
                  0000acd8    000000cc     stk.aem4f : icmp.oem4f (.text:ICMPSendRtAdv)
                  0000ada4    000000cc     nettool_ipv4.aem4f : dhcpbild.oem4f (.text:dhcpBuildHeader)
                  0000ae70    000000cc                        : dhcpsm.oem4f (.text:dhcpIPAdd)
                  0000af3c    000000cc                        : dhcppkt.oem4f (.text:dhcpVerifyMessage)
                  0000b008    000000cc     ti.targets.arm.rtsarm.aem4f : Core-smem.oem4f (.text:xdc_runtime_Core_constructObject__I)
                  0000b0d4    000000c8     stk.aem4f : rawethsock.oem4f (.text:RawEthSockNew)
                  0000b19c    000000c8     netctrl_min_ipv4.aem4f : netsrv.oem4f (.text:SPIpNet)
                  0000b264    000000c8     eth_network.obj (.text:tcpWorker)
                  0000b32c    000000c4     drivers_tivaware.aem4f : EMACSnow.oem4f (.text:EMACSnow_InitDMADescriptors)
                  0000b3f0    000000c4     stk.aem4f : igmp.oem4f (.text:IGMPJoinHostGroup)
                  0000b4b4    000000c4     nettool_ipv4.aem4f : dhcpsm.oem4f (.text:StateBound)
                  0000b578    000000c4     sysbios.aem4f : BIOS.obj (.text:ti_sysbios_utils_Load_logLoads__I)
                  0000b63c    000000bc     stk.aem4f : sockpcb.oem4f (.text:SockPcbFind)
                  0000b6f8    000000bc               : vlan.oem4f (.text:VLANDeinit)
                  0000b7b4    00000004     RTOS_config_pem4f.oem4f (.text:ti_ndk_config_Global_NetworkOpen)
                  0000b7b8    000000bc     sysbios.aem4f : BIOS.obj (.text:ti_sysbios_family_arm_m3_Hwi_excDebugMon__I)
                  0000b874    00000004     RTOS_config_pem4f.oem4f (.text:ti_sysbios_BIOS_RtsGateProxy_enter__E)
                  0000b878    000000bc     sysbios.aem4f : BIOS.obj (.text:ti_sysbios_family_arm_m3_Hwi_excHardFault__I)
                  0000b934    000000b8     EK_TM4C1294XL.obj (.text:EK_TM4C1294XL_initGeneral)
                  0000b9ec    000000b8     stk.aem4f : icmpin.oem4f (.text:ICMPRevSrcRoute)
                  0000baa4    000000b8               : lli.oem4f (.text:_LLITimeoutCheck)
                  0000bb5c    00000004     RTOS_config_pem4f.oem4f (.text:ti_sysbios_BIOS_RtsGateProxy_leave__E)
                  0000bb60    000000b8     sysbios.aem4f : BIOS.obj (.text:ti_sysbios_knl_Task_unblockI__E)
                  0000bc18    000000b4     stk.aem4f : tcptime.oem4f (.text:TcpTimeoutKeep)
                  0000bccc    00000004     sysbios.aem4f : BIOS.obj (.text:ti_sysbios_family_arm_lm4_Timer_masterEnable__I)
                  0000bcd0    000000b4                   : BIOS.obj (.text:ti_sysbios_gates_GateMutex_enter__E)
                  0000bd84    00000004     RTOS_config_pem4f.oem4f (.text:ti_sysbios_family_arm_m3_Hwi_delete)
                  0000bd88    000000b4     sysbios.aem4f : BIOS.obj (.text:ti_sysbios_knl_Task_checkStacks__E)
                  0000be3c    000000b0     stk.aem4f : rawethsock.oem4f (.text:RawEthSockSet)
                  0000beec    00000004     RTOS_config_pem4f.oem4f (.text:ti_sysbios_family_arm_m3_TaskSupport_Module__startupDone__S)
                  0000bef0    000000b0     sysbios.aem4f : BIOS.obj (.text:ti_sysbios_utils_Load_idleFxn__E)
                  0000bfa0    000000b0                   : BIOS.obj (.text:ti_sysbios_utils_Load_updateLoads__E)
                  0000c050    000000ac     stk.aem4f : rtable.oem4f (.text:RtTimeoutCheck)
                  0000c0fc    000000ac     RTOS_config_pem4f.oem4f (.text:ti_ndk_config_ip_init)
                  0000c1a8    000000ac     sysbios.aem4f : BIOS.obj (.text:ti_sysbios_family_arm_lm4_Timer_enableTiva__I)
                  0000c254    00000004     RTOS_config_pem4f.oem4f (.text:ti_sysbios_heaps_HeapMem_Module_GateProxy_enter__E)
                  0000c258    000000ac     sysbios.aem4f : BIOS.obj (.text:ti_sysbios_knl_Swi_post__E)
                  0000c304    000000a8     stk.aem4f : sockint.oem4f (.text:SockCreatePacket)
                  0000c3ac    00000004     RTOS_config_pem4f.oem4f (.text:ti_sysbios_heaps_HeapMem_Module_GateProxy_leave__E)
                  0000c3b0    000000a8     sysbios.aem4f : BIOS.obj (.text:ti_sysbios_family_arm_lm4_Timer_enableTimers__I)
                  0000c458    000000a8                   : BIOS.obj (.text:ti_sysbios_knl_Task_blockI__E)
                  0000c500    000000a0     stk.aem4f : ip.oem4f (.text:IPGetRoute)
                  0000c5a0    000000a0     auto_init.aem4f : auto_init.oem4f (.text)
                  0000c640    000000a0     ti.targets.arm.rtsarm.aem4f : Text.oem4f (.text:xdc_runtime_Text_putMod__E)
                  0000c6e0    0000009e     stk.aem4f : nimu.oem4f (.text:NIMUAddEthernetHeader)
                  0000c77e    0000009e     nettool_ipv4.aem4f : dhcpbild.oem4f (.text:dhcpBuildRequest)
                  0000c81c    0000009c     stk.aem4f : exec.oem4f (.text:ExecOpen)
                  0000c8b8    0000009c     rtsv7M4_T_le_v4SPD16_eabi.lib : memcpy_t2.obj (.text)
                  0000c954    00000004     RTOS_config_pem4f.oem4f (.text:ti_sysbios_knl_Clock_TimerProxy_getMaxTicks__E)
                  0000c958    0000009c     sysbios.aem4f : BIOS.obj (.text:ti_sysbios_knl_Semaphore_Instance_init__E)
                  0000c9f4    0000009a     ti.targets.arm.rtsarm.aem4f : Text.oem4f (.text:xdc_runtime_Text_putSite__E)
                  0000ca8e    00000002     hal_ser_stub.aem4f : llserstb.oem4f (.text:_llSerialShutdown)
                  0000ca90    00000098     netctrl_min_ipv4.aem4f : netctrl.oem4f (.text:NC_SystemOpen)
                  0000cb28    00000098                            : netsrv.oem4f (.text:ServiceScan)
                  0000cbc0    00000098     Boot.aem4f : Boot.oem4f (.text:ti_catalog_arm_cortexm4_tiva_ce_Boot_sysCtlClockFreqSet__E)
                  0000cc58    00000094     nettool_ipv4.aem4f : config.oem4f (.text:CfgRemoveEntry)
                  0000ccec    00000004     RTOS_config_pem4f.oem4f (.text:ti_sysbios_knl_Clock_TimerProxy_getPeriod__E)
                  0000ccf0    00000094     sysbios.aem4f : BIOS.obj (.text:ti_sysbios_family_arm_m3_Hwi_Instance_init__E)
                  0000cd84    00000004     RTOS_config_pem4f.oem4f (.text:ti_sysbios_knl_Queue_destruct)
                  0000cd88    00000094     sysbios.aem4f : BIOS.obj (.text:ti_sysbios_family_arm_m3_Hwi_initNVIC__E)
                  0000ce1c    00000090     nettool_ipv4.aem4f : config.oem4f (.text:CfgExecute)
                  0000ceac    00000090     stk.aem4f : igmp.oem4f (.text:IGMPMsg)
                  0000cf3c    00000090     os.aem4f : mem.oem4f (.text:mmBulkAlloc)
                  0000cfcc    00000004     RTOS_config_pem4f.oem4f (.text:ti_sysbios_knl_Semaphore_delete)
                  0000cfd0    00000090     sysbios.aem4f : BIOS.obj (.text:ti_sysbios_knl_Task_Module_startup__E)
                  0000d060    00000090                   : BIOS.obj (.text:ti_sysbios_utils_Load_startup__E)
                  0000d0f0    00000090     ti.uia.loggers.aem4f : LoggerStopMode.oem4f (.text:ti_uia_loggers_LoggerStopMode_initQueueDescriptor__E)
                  0000d180    0000008c     drivers_tivaware.aem4f : GPIOTiva.oem4f (.text:GPIO_init)
                  0000d20c    0000008c     stk.aem4f : ip.oem4f (.text:IPMsg)
                  0000d298    0000008c     os.aem4f : mem.oem4f (.text:_mmInit)
                  0000d324    0000008c              : mem.oem4f (.text:mmInitPage)
                  0000d3b0    0000008c     sysbios.aem4f : m3_TaskSupport_asm.obj (.text:ti_sysbios_family_arm_m3_TaskSupport_buildTaskStack)
                  0000d43c    0000008a     netctrl_min_ipv4.aem4f : netsrv.oem4f (.text:SPRoute)
                  0000d4c6    00000002     hal_userled_stub.aem4f : llled.oem4f (.text:_llUserLedInit)
                  0000d4c8    00000088     netctrl_min_ipv4.aem4f : netsrv.oem4f (.text:ServiceSpawn)
                  0000d550    00000088     stk.aem4f : sockpcb.oem4f (.text:SockPcbCtlError)
                  0000d5d8    00000086     nettool_ipv4.aem4f : dhcpsm.oem4f (.text:StateRequesting)
                  0000d65e    00000086     rtsv7M4_T_le_v4SPD16_eabi.lib : fd_cmp_t2.obj (.text:__aeabi_cdrcmple)
                  0000d6e4    00000084     adc_sample.obj (.text:ADC_Seq1_ISR)
                  0000d768    00000084     nettool_ipv4.aem4f : config.oem4f (.text:CfgGetEntry)
                  0000d7ec    00000084     drivers_tivaware.aem4f : EMACSnow.oem4f (.text:EMACSnow_processPhyInterrupt)
                  0000d870    00000084     stk.aem4f : tcpprot.oem4f (.text:TcpPrAttach)
                  0000d8f4    00000084     os.aem4f : mem.oem4f (.text:mmBulkFree)
                  0000d978    00000084              : mem.oem4f (.text:mmFree)
                  0000d9fc    00000004     RTOS_config_pem4f.oem4f (.text:ti_sysbios_knl_Semaphore_destruct)
                  0000da00    00000084     sysbios.aem4f : BIOS.obj (.text:ti_sysbios_family_arm_m3_Hwi_postInit__I)
                  0000da84    00000084     driverlib.lib : udma.obj (.text:uDMAChannelTransferSet)
                  0000db08    00000082     nettool_ipv4.aem4f : dhcpsm.oem4f (.text:StateRenewRebind)
                  0000db8a    00000002     hal_userled_stub.aem4f : llled.oem4f (.text:_llUserLedShutdown)
                  0000db8c    00000080     drivers_tivaware.aem4f : EMACSnow.oem4f (.text:EMACSnow_emacStop)
                  0000dc0c    00000080                            : EMACSnow.oem4f (.text:EMACSnow_processPendingTx)
                  0000dc8c    00000080     stk.aem4f : lli.oem4f (.text:LLINew)
                  0000dd0c    00000080     netctrl_min_ipv4.aem4f : netsrv.oem4f (.text:NS_BootTask)
                  0000dd8c    00000080     stk.aem4f : pbm.oem4f (.text:PBM_alloc)
                  0000de0c    00000080               : raw.oem4f (.text:RawOutput)
                  0000de8c    0000007f     RTOS_config_pem4f.oem4f (.text:ti_ndk_config_Global_NetworkIPAddr)
                  0000df0b    00000001     --HOLE-- [fill = 0]
                  0000df0c    0000007e     stk.aem4f : fileuser.oem4f (.text:fdClose)
                  0000df8a    00000002     hal_ser_stub.aem4f : llserstb.oem4f (.text:llSerialService)
                  0000df8c    0000007c     adc_sample.obj (.text:ADC_Seq0_ISR)
                  0000e008    0000007c     nettool_ipv4.aem4f : config.oem4f (.text:CfgGetNextEntry)
                  0000e084    0000007c     drivers_tivaware.aem4f : EMACSnow.oem4f (.text:EMACSnow_hwiIntFxn)
                  0000e100    0000007c     stk.aem4f : igmp.oem4f (.text:IGMPDoMCast)
                  0000e17c    0000007c               : igmp.oem4f (.text:IGMPJoin)
                  0000e1f8    0000007c               : socket.oem4f (.text:NDK_setsockopt)
                  0000e274    0000007c               : nimu.oem4f (.text:NIMURegister)
                  0000e2f0    0000007c               : pbm.oem4f (.text:PBM_free)
                  0000e36c    0000007a     driverlib.lib : adc.obj (.text:ADCSequenceStepConfigure)
                  0000e3e6    0000007a     stk.aem4f : sock.oem4f (.text:SockAccept)
                  0000e460    0000007a     rtsv7M4_T_le_v4SPD16_eabi.lib : memset_t2.obj (.text)
                  0000e4da    00000002                                   : i_div0.obj (.text)
                  0000e4dc    00000078     driverlib.lib : emac.obj (.text:EMACInit)
                  0000e554    00000078     stk.aem4f : socket.oem4f (.text:NDK_sendto)
                  0000e5cc    00000078               : tcptime.oem4f (.text:TcpXmitTimer)
                  0000e644    00000078               : fileuser.oem4f (.text:fdOpenSession)
                  0000e6bc    00000078     os.aem4f : task.oem4f (.text:llExit)
                  0000e734    00000076     stk.aem4f : pipe.oem4f (.text:PipeSend)
                  0000e7aa    00000002     RTOS_config_pem4f.oem4f (.text:ti_ndk_config_Global_NetworkClose)
                  0000e7ac    00000075     stk.aem4f : tcptime.oem4f (.text:TcpTimeoutSackRexmt)
                  0000e821    00000001     --HOLE-- [fill = 0]
                  0000e822    00000002     RTOS_config_pem4f.oem4f (.text:ti_sysbios_BIOS_nullFunc__I)
                  0000e824    00000074     stk.aem4f : igmp.oem4f (.text:IGMPLeaveHostGroup)
                  0000e898    00000074               : nimu.oem4f (.text:NIMUShutdown)
                  0000e90c    00000074               : raweth.oem4f (.text:RawEthRxPacket)
                  0000e980    00000074               : sockpcb.oem4f (.text:SockPcbConnect)
                  0000e9f4    00000074     eth_network.obj (.text:netOpenHook)
                  0000ea68    00000074     sysbios.aem4f : BIOS.obj (.text:ti_sysbios_knl_Clock_start__E)
                  0000eadc    00000074     ti.uia.runtime.aem4f : QueueDescriptor.oem4f (.text:ti_uia_runtime_QueueDescriptor_addToList__E)
                  0000eb50    00000072     os.aem4f : semaphore.oem4f (.text:SemCreateBinary)
                  0000ebc2    00000070     stk.aem4f : socket.oem4f (.text:NDK_accept)
                  0000ec32    00000070               : socket.oem4f (.text:NDK_send)
                  0000eca2    00000002     RTOS_config_pem4f.oem4f (.text:ti_uia_loggers_LoggerStopMode_setFilterLevel__E)
                  0000eca4    00000070     stk.aem4f : rtable.oem4f (.text:RtFlush)
                  0000ed14    00000070     netctrl_min_ipv4.aem4f : netsrv.oem4f (.text:SPConfig)
                  0000ed84    00000070     stk.aem4f : sock.oem4f (.text:SockShutdown)
                  0000edf4    00000070     nettool_ipv4.aem4f : dhcptags.oem4f (.text:dhcpDecodeType)
                  0000ee64    0000006e     stk.aem4f : socket.oem4f (.text:NDK_recv)
                  0000eed2    00000002     ti.uia.loggers.aem4f : LoggerStopMode.oem4f (.text:ti_uia_loggers_LoggerStopMode_setPriority__E)
                  0000eed4    0000006e     stk.aem4f : rtable.oem4f (.text:RtWalkNext)
                  0000ef42    0000006e               : sockpcb.oem4f (.text:SockPcbFindRaw)
                  0000efb0    0000006e     rtsv7M4_T_le_v4SPD16_eabi.lib : fd_tos_t2.obj (.text)
                  0000f01e    00000002     RTOS_config_pem4f.oem4f (.text:xdc_runtime_Startup_reset__I)
                  0000f020    0000006d     stk.aem4f : node.oem4f (.text:NodeNew)
                  0000f08d    00000003     --HOLE-- [fill = 0]
                  0000f090    0000006d     ti.targets.arm.rtsarm.aem4f : System.oem4f (.text:xdc_runtime_System_formatNum__I)
                  0000f0fd    00000003     --HOLE-- [fill = 0]
                  0000f100    0000006c     os.aem4f : ossys.oem4f (.text:DbgPrintf)
                  0000f16c    0000006c     stk.aem4f : node.oem4f (.text:NodeTreeNew)
                  0000f1d8    0000006c               : raweth.oem4f (.text:RawEthTxPacket)
                  0000f244    0000006c               : udp.oem4f (.text:UdpChecksum)
                  0000f2b0    0000006c     sysbios.aem4f : BIOS.obj (.text:ti_sysbios_knl_Swi_restoreHwi__E)
                  0000f31c    00000004     RTOS_config_pem4f.oem4f (.text:ti_sysbios_knl_Swi_delete)
                  0000f320    0000006c     sysbios.aem4f : BIOS.obj (.text:ti_sysbios_utils_Load_taskCreateHook__E)
                  0000f38c    0000006c     ti.targets.arm.rtsarm.aem4f : Error.oem4f (.text:xdc_runtime_Error_print__E)
                  0000f3f8    0000006c                                 : Memory.oem4f (.text:xdc_runtime_Memory_alloc__E)
                  0000f464    0000006a     stk.aem4f : tcpprot.oem4f (.text:TcpPrInherit)
                  0000f4ce    00000002     --HOLE-- [fill = 0]
                  0000f4d0    00000068     driverlib.lib : interrupt.obj (.text:IntEnable)
                  0000f538    00000068     stk.aem4f : socket.oem4f (.text:NDK_socket)
                  0000f5a0    00000068               : pbm.oem4f (.text:PBM_open)
                  0000f608    00000068               : sock.oem4f (.text:SockListen)
                  0000f670    00000068     adc_sample.obj (.text:TIMER_ADC_init)
                  0000f6d8    00000068     stk.aem4f : rtable.oem4f (.text:_RtNodeInsert)
                  0000f740    00000068     rtsv7M4_T_le_v4SPD16_eabi.lib : copy_decompress_lzss.obj (.text:decompress:lzss)
                  0000f7a8    00000068                                   : trgmsg.obj (.text)
                  0000f810    00000068     sysbios.aem4f : BIOS.obj (.text:ti_sysbios_utils_Load_addTask__E)
                  0000f878    00000066     ti.uia.loggers.aem4f : LoggerStopMode.oem4f (.text:ti_uia_loggers_LoggerStopMode_flush__E)
                  0000f8de    00000066     ti.targets.arm.rtsarm.aem4f : Core-mem.oem4f (.text:xdc_runtime_Core_deleteObject__I)
                  0000f944    00000064     nettool_ipv4.aem4f : config.oem4f (.text:CfgFree)
                  0000f9a8    00000064     drivers_tivaware.aem4f : GPIOTiva.oem4f (.text:GPIO_hwiIntFxn)
                  0000fa0c    00000064     stk.aem4f : pbm.oem4f (.text:PBMQ_enq)
                  0000fa70    00000064               : sockint.oem4f (.text:SockSpawnAbort)
                  0000fad4    00000064     hal_timer_bios.aem4f : lltimer.oem4f (.text:llTimerTick)
                  0000fb38    00000064     sysbios.aem4f : BIOS.obj (.text:ti_sysbios_family_arm_lm4_Timer_Module_startup__E)
                  0000fb9c    00000064     RTOS_config_pem4f.oem4f (.text:ti_sysbios_family_arm_m3_Hwi_create)
                  0000fc00    00000064     stk.aem4f : lliin.oem4f (.text:updateRtTable)
                  0000fc64    00000062               : ipin.oem4f (.text:IPRouteIP)
                  0000fcc6    00000002     --HOLE-- [fill = 0]
                  0000fcc8    00000062               : sb.oem4f (.text:SBNew)
                  0000fd2a    00000002     --HOLE-- [fill = 0]
                  0000fd2c    00000060     nettool_ipv4.aem4f : config.oem4f (.text:CfgGetEntryCnt)
                  0000fd8c    00000060     stk.aem4f : file.oem4f (.text:FdWaitEvent)
                  0000fdec    00000060               : nimu.oem4f (.text:NIMUUnregister)
                  0000fe4c    00000060               : node.oem4f (.text:NodeFind)
                  0000feac    00000060               : rtc.oem4f (.text:RTCMsg)
                  0000ff0c    00000060               : tcp.oem4f (.text:TcpChecksum)
                  0000ff6c    00000060     driverlib.lib : timer.obj (.text:TimerConfigure)
                  0000ffcc    00000060     nettool_ipv4.aem4f : dhcptags.oem4f (.text:dhcpBuildOptions)
                  0001002c    00000004     RTOS_config_pem4f.oem4f (.text:ti_sysbios_knl_Task_delete)
                  00010030    00000060     sysbios.aem4f : BIOS.obj (.text:ti_sysbios_family_arm_lm4_Timer_isrStub__E)
                  00010090    00000060                   : BIOS.obj (.text:ti_sysbios_knl_Clock_logTick__E)
                  000100f0    00000060                   : BIOS.obj (.text:ti_sysbios_utils_Load_logCPULoad__I)
                  00010150    00000060                   : BIOS.obj (.text:ti_sysbios_utils_Load_updateCurrentThreadTime__E)
                  000101b0    0000005e     stk.aem4f : route.oem4f (.text:RtRemove)
                  0001020e    0000005e     nettool_ipv4.aem4f : dhcpsm.oem4f (.text:StateSelecting)
                  0001026c    0000005e     stk.aem4f : vlan.oem4f (.text:VLANReceivePacket)
                  000102ca    00000002     --HOLE-- [fill = 0]
                  000102cc    0000005c     nettool_ipv4.aem4f : config.oem4f (.text:CfgSetExecuteOrder)
                  00010328    0000005c     stk.aem4f : nimu.oem4f (.text:NIMUIoctlSpecialCmd)
                  00010384    0000005c     netctrl_min_ipv4.aem4f : netsrv.oem4f (.text:SPService)
                  000103e0    0000005c     RTOS_config_pem4f.oem4f (.text:ti_sysbios_knl_Swi_create)
                  0001043c    00000004     ti.uia.loggers.aem4f : LoggerStopMode.oem4f (.text:ti_uia_loggers_LoggerStopMode_getContents__E)
                  00010440    0000005c     sysbios.aem4f : BIOS.obj (.text:ti_sysbios_knl_Swi_schedule__I)
                  0001049c    0000005c     RTOS_config_pem4f.oem4f (.text:ti_sysbios_knl_Task_create)
                  000104f8    0000005b     ti.targets.arm.rtsarm.aem4f : Text.oem4f (.text:xdc_runtime_Text_putLab__E)
                  00010553    00000001     --HOLE-- [fill = 0]
                  00010554    0000005a     stk.aem4f : route.oem4f (.text:RtRedirect)
                  000105ae    0000005a               : tcpprot.oem4f (.text:TcpValidateMetrics)
                  00010608    0000005a     nettool_ipv4.aem4f : dhcpbild.oem4f (.text:dhcpBuildDecline)
                  00010662    0000005a     os.aem4f : mem.oem4f (.text:mmCopy)
                  000106bc    0000005a     RTOS_config_pem4f.oem4f (.text:ti_ndk_config_tcp_init)
                  00010716    00000002     --HOLE-- [fill = 0]
                  00010718    00000058     stk.aem4f : bind.oem4f (.text:BindFree)
                  00010770    00000058     boot.aem4f : boot.oem4f (.text)
                  000107c8    00000058     driverlib.lib : emac.obj (.text:EMACPHYConfigSet)
                  00010820    00000058     stk.aem4f : igmp.oem4f (.text:IGMPTimer)
                  00010878    00000058     os.aem4f : semaphore.oem4f (.text:SemCreate)
                  000108d0    00000058     driverlib.lib : timer.obj (.text:TimerControlTrigger)
                  00010928    00000058     sysbios.aem4f : m3_Hwi_asm_switch.obj (.text:ti_sysbios_family_arm_m3_Hwi_initStacks__E)
                  00010980    00000056     driverlib.lib : gpio.obj (.text:GPIOIntTypeSet)
                  000109d6    00000002     --HOLE-- [fill = 0]
                  000109d8    00000054     nettool_ipv4.aem4f : config.oem4f (.text:CfgEntryDeRef)
                  00010a2c    00000054     stk.aem4f : igmp.oem4f (.text:IGMPLeave)
                  00010a80    00000054               : rawethsock_pcb.oem4f (.text:RawEthSockPcbAttach)
                  00010ad4    00000054               : sockpcb.oem4f (.text:SockCleanPcb)
                  00010b28    00000054               : tcptime.oem4f (.text:TcpTimeoutPersist)
                  00010b7c    00000054     rtsv7M4_T_le_v4SPD16_eabi.lib : exit.obj (.text)
                  00010bd0    00000054     sysbios.aem4f : BIOS.obj (.text:ti_sysbios_knl_Swi_Instance_finalize__E)
                  00010c24    00000004     RTOS_config_pem4f.oem4f (.text:ti_uia_loggers_LoggerStopMode_getFilterLevel__E)
                  00010c28    00000054     sysbios.aem4f : BIOS.obj (.text:ti_sysbios_utils_Load_taskSwitchHook__E)
                  00010c7c    00000054     ti.targets.arm.rtsarm.aem4f : Assert.oem4f (.text:xdc_runtime_Assert_raise__I)
                  00010cd0    00000052     stk.aem4f : tcpprot.oem4f (.text:TcpPrDetach)
                  00010d22    00000002     --HOLE-- [fill = 0]
                  00010d24    00000050     drivers_tivaware.aem4f : GPIOTiva.oem4f (.text:GPIO_setCallback)
                  00010d74    00000050                            : GPIOTiva.oem4f (.text:GPIO_toggle)
                  00010dc4    00000050     stk.aem4f : socket.oem4f (.text:NDK_bind)
                  00010e14    00000050               : route.oem4f (.text:RtNew)
                  00010e64    00000050     driverlib.lib : sysctl.obj (.text:SysCtlPeripheralReset)
                  00010eb4    00000050     Boot.aem4f : Boot_sysctl.oem4f (.text:_SysCtlFrequencyGet)
                  00010f04    00000004     ti.uia.loggers.aem4f : LoggerStopMode.oem4f (.text:ti_uia_loggers_LoggerStopMode_getInstanceId__E)
                  00010f08    00000050     sysbios.aem4f : BIOS.obj (.text:ti_sysbios_family_arm_m3_Hwi_Module_startup__E)
                  00010f58    00000050     ti.targets.arm.rtsarm.aem4f : Startup.oem4f (.text:xdc_runtime_Startup_exec__E)
                  00010fa8    00000050                                 : Text.oem4f (.text:xdc_runtime_Text_visitRope2__I)
                  00010ff8    0000004e     stk.aem4f : node.oem4f (.text:NodeDeRef)
                  00011046    0000004e     nettool_ipv4.aem4f : config.oem4f (.text:_CfgEntryScan)
                  00011094    0000004c                        : ipaddr.oem4f (.text:NtAddNetwork)
                  000110e0    0000004c     stk.aem4f : sockint.oem4f (.text:SockValidateRoute)
                  0001112c    0000004c     rtsv7M4_T_le_v4SPD16_eabi.lib : cpy_tbl.obj (.text)
                  00011178    0000004c     sysbios.aem4f : BIOS.obj (.text:ti_sysbios_heaps_HeapMem_getStats__E)
                  000111c4    00000004     ti.uia.loggers.aem4f : LoggerStopMode.oem4f (.text:ti_uia_loggers_LoggerStopMode_getMaxLength__E)
                  000111c8    0000004c     sysbios.aem4f : BIOS.obj (.text:ti_sysbios_knl_Swi_runLoop__I)
                  00011214    00000004     ti.uia.loggers.aem4f : LoggerStopMode.oem4f (.text:ti_uia_loggers_LoggerStopMode_getPriority__E)
                  00011218    0000004c     sysbios.aem4f : BIOS.obj (.text:ti_sysbios_knl_Task_allBlockedFunction__I)
                  00011264    0000004c     ti.uia.loggers.aem4f : LoggerStopMode.oem4f (.text:ti_uia_loggers_LoggerStopMode_Module_startup__E)
                  000112b0    0000004b     main.obj (.text:main)
                  000112fb    00000001     --HOLE-- [fill = 0]
                  000112fc    0000004a     netctrl_min_ipv4.aem4f : netsrv.oem4f (.text:ServiceKill)
                  00011346    0000004a     stk.aem4f : sock.oem4f (.text:SockDisconnect)
                  00011390    0000004a               : timer.oem4f (.text:TimerNew)
                  000113da    00000048     nettool_ipv4.aem4f : config.oem4f (.text:CfgNew)
                  00011422    00000002     --HOLE-- [fill = 0]
                  00011424    00000048     driverlib.lib : gpio.obj (.text:GPIOPinConfigure)
                  0001146c    00000048     stk.aem4f : lli.oem4f (.text:LLIMsg)
                  000114b4    00000048               : node.oem4f (.text:NodeWalk)
                  000114fc    00000048               : rawethsock_pcb.oem4f (.text:RawEthSockPcbDetach)
                  00011544    00000048               : sockpcb.oem4f (.text:SockPcbResolveChain)
                  0001158c    00000048               : tcpprot.oem4f (.text:TcpDrop)
                  000115d4    00000048               : lli.oem4f (.text:_LLIExpListInsert)
                  0001161c    00000048               : rtable.oem4f (.text:_RtExpListInsert)
                  00011664    00000048     driverlib.lib : sysctl.obj (.text:_SysCtlFrequencyGet)
                  000116ac    00000048     stk.aem4f : file.oem4f (.text:fdint_lockfd)
                  000116f4    00000004     ti.uia.loggers.aem4f : LoggerStopMode.oem4f (.text:ti_uia_loggers_LoggerStopMode_getTransferType__E)
                  000116f8    00000048     sysbios.aem4f : BIOS.obj (.text:ti_sysbios_family_arm_m3_Hwi_disableInterrupt__E)
                  00011740    00000048                   : BIOS.obj (.text:ti_sysbios_family_arm_m3_Hwi_enableInterrupt__E)
                  00011788    00000048                   : BIOS.obj (.text:ti_sysbios_family_arm_m3_Hwi_excReserved__I)
                  000117d0    00000048                   : BIOS.obj (.text:ti_sysbios_knl_Task_deleteTerminatedTasksFunc__I)
                  00011818    00000048                   : BIOS.obj (.text:ti_sysbios_utils_Load_taskDeleteHook__E)
                  00011860    00000048     driverlib.lib : udma.obj (.text:uDMAChannelAttributeDisable)
                  000118a8    00000048                   : udma.obj (.text:uDMAChannelAttributeEnable)
                  000118f0    00000046     nettool_ipv4.aem4f : ipaddr.oem4f (.text:NtIfIdx2Ip)
                  00011936    00000046     stk.aem4f : rawethsock.oem4f (.text:RawEthSockSend)
                  0001197c    00000046               : tcpprot.oem4f (.text:TcpPrCtlError)
                  000119c2    00000046     os.aem4f : mem.oem4f (.text:mmZeroInit)
                  00011a08    00000046     ti.targets.arm.rtsarm.aem4f : Core-params.oem4f (.text:xdc_runtime_Core_assignParams__I)
                  00011a4e    00000002     --HOLE-- [fill = 0]
                  00011a50    00000044     drivers_tivaware.aem4f : EMACSnow.oem4f (.text:EMACSnow_processTransmitted)
                  00011a94    00000044     stk.aem4f : icmp.oem4f (.text:ICMPChecksum)
                  00011ad8    00000044               : ipfrag.oem4f (.text:IPReasmFree)
                  00011b1c    00000044               : lli.oem4f (.text:LLIGetValidTime)
                  00011b60    00000044               : rtable.oem4f (.text:RouteMsg)
                  00011ba4    00000044               : rtable.oem4f (.text:RtWalkEnd)
                  00011be8    00000044               : sockpcb.oem4f (.text:SockPcbDetach)
                  00011c2c    00000044               : timer.oem4f (.text:TimerListInsert)
                  00011c70    00000044     hal_timer_bios.aem4f : lltimer.oem4f (.text:llTimerGetTime)
                  00011cb4    00000004     ti.targets.arm.rtsarm.aem4f : Error.oem4f (.text:xdc_runtime_Error_getMsg__E)
                  00011cb8    00000044     sysbios.aem4f : BIOS.obj (.text:ti_sysbios_family_arm_lm4_Timer_stop__E)
                  00011cfc    00000004     ti.targets.arm.rtsarm.aem4f : Error.oem4f (.text:xdc_runtime_Error_getSite__E)
                  00011d00    00000044     sysbios.aem4f : BIOS.obj (.text:ti_sysbios_family_arm_m3_Hwi_getStackInfo__E)
                  00011d44    00000004     RTOS_config_pem4f.oem4f (.text:xdc_runtime_System_Module_GateProxy_enter__E)
                  00011d48    00000044     sysbios.aem4f : BIOS.obj (.text:ti_sysbios_utils_Load_removeTask__E)
                  00011d8c    00000044     ti.uia.loggers.aem4f : LoggerStopMode.oem4f (.text:ti_uia_loggers_LoggerStopMode_initBuffer__I)
                  00011dd0    00000044     ti.targets.arm.rtsarm.aem4f : Error.oem4f (.text:xdc_runtime_Error_setX__E)
                  00011e14    00000044                                 : SysMin.oem4f (.text:xdc_runtime_SysMin_flush__E)
                  00011e58    00000044                                 : Text.oem4f (.text:xdc_runtime_Text_xprintf__I)
                  00011e9c    00000042     stk.aem4f : socket.oem4f (.text:NDK_listen)
                  00011ede    00000042               : tcpprot.oem4f (.text:TcpPrSendOOB)
                  00011f20    00000042               : fileuser.oem4f (.text:fdCloseSession)
                  00011f62    00000002     --HOLE-- [fill = 0]
                  00011f64    00000040               : lliin.oem4f (.text:LLIValidateRoute)
                  00011fa4    00000040               : pbm.oem4f (.text:PBM_copy)
                  00011fe4    00000040               : sockpcb.oem4f (.text:SockPcbRtChange)
                  00012024    00000040               : tcpprot.oem4f (.text:TcpPrSend)
                  00012064    00000040     rtsv7M4_T_le_v4SPD16_eabi.lib : u_divt2.obj (.text)
                  000120a4    00000004     RTOS_config_pem4f.oem4f (.text:xdc_runtime_System_Module_GateProxy_leave__E)
                  000120a8    00000040     sysbios.aem4f : BIOS.obj (.text:ti_sysbios_family_arm_lm4_Timer_startup__E)
                  000120e8    0000003e     driverlib.lib : adc.obj (.text:ADCSequenceConfigure)
                  00012126    0000003e     nettool_ipv4.aem4f : dhcpmain.oem4f (.text:DHCPClose)
                  00012164    0000003e     stk.aem4f : nimu.oem4f (.text:NIMUAllocateName)
                  000121a2    0000003e     os.aem4f : task.oem4f (.text:TaskCreate)
                  000121e0    0000003e     stk.aem4f : tcpprot.oem4f (.text:TcpPrDisconnect)
                  0001221e    0000003e               : file.oem4f (.text:fdint_unlockfd)
                  0001225c    0000003c     nettool_ipv4.aem4f : config.oem4f (.text:CfgEntryGetData)
                  00012298    0000003c     driverlib.lib : emac.obj (.text:EMACIntDisable)
                  000122d4    0000003c     stk.aem4f : node.oem4f (.text:NodeUpdatePL)
                  00012310    0000003c               : rtable.oem4f (.text:RtWalkBegin)
                  0001234c    0000003c               : tcpprot.oem4f (.text:TcpPrConnect)
                  00012388    0000003c               : tcptime.oem4f (.text:TcpSetPersist)
                  000123c4    0000003c               : rtc.oem4f (.text:_RTCSendRtAdv)
                  00012400    0000003c               : rtable.oem4f (.text:_RtNodeRemove)
                  0001243c    0000003c     hal_timer_bios.aem4f : lltimer.oem4f (.text:_llTimerInit)
                  00012478    0000003c     sysbios.aem4f : BIOS.obj (.text:ti_sysbios_family_arm_m3_Hwi_excSvCall__I)
                  000124b4    00000004     ti.targets.arm.rtsarm.aem4f : System.oem4f (.text:xdc_runtime_System_aprintf_va__F)
                  000124b8    0000003c     sysbios.aem4f : BIOS.obj (.text:ti_sysbios_heaps_HeapMem_init__I)
                  000124f4    00000004     ti.targets.arm.rtsarm.aem4f : System.oem4f (.text:xdc_runtime_System_printf_va__F)
                  000124f8    0000003c     sysbios.aem4f : BIOS.obj (.text:ti_sysbios_knl_Swi_startup__E)
                  00012534    0000003a     driverlib.lib : emac.obj (.text:EMACIntEnable)
                  0001256e    00000002     --HOLE-- [fill = 0]
                  00012570    00000038                   : emac.obj (.text:EMACConfigGet)
                  000125a8    00000038     stk.aem4f : ipfrag.oem4f (.text:IPReasmTimeout)
                  000125e0    00000038               : node.oem4f (.text:NodeGetRt)
                  00012618    00000038     driverlib.lib : sysctl.obj (.text:SysCtlPeripheralReady)
                  00012650    00000038     stk.aem4f : tcpprot.oem4f (.text:TcpClose)
                  00012688    00000038               : timer.oem4f (.text:TimerHSTick)
                  000126c0    00000038     nettool_ipv4.aem4f : dhcpbild.oem4f (.text:dhcpBuildDiscover)
                  000126f8    00000038                        : dhcptags.oem4f (.text:dhcpOptionsClear)
                  00012730    00000038     stk.aem4f : file.oem4f (.text:fdint_waitevent)
                  00012768    00000038     rtsv7M4_T_le_v4SPD16_eabi.lib : fs_tod_t2.obj (.text)
                  000127a0    00000038     sysbios.aem4f : BIOS.obj (.text:ti_sysbios_family_arm_m3_Hwi_excNoIsr__I)
                  000127d8    00000038     RTOS_config_pem4f.oem4f (.text:ti_sysbios_knl_Clock_create)
                  00012810    00000038     sysbios.aem4f : BIOS.obj (.text:ti_sysbios_knl_Task_processVitalTaskFlag__I)
                  00012848    00000038     ti.targets.arm.rtsarm.aem4f : SysMin.oem4f (.text:xdc_runtime_SysMin_putch__E)
                  00012880    00000038                                 : System.oem4f (.text:xdc_runtime_System_atexit__E)
                  000128b8    00000036     stk.aem4f : ip.oem4f (.text:IPChecksum)
                  000128ee    00000002     --HOLE-- [fill = 0]
                  000128f0    00000034     nettool_ipv4.aem4f : config.oem4f (.text:CfgSetService)
                  00012924    00000034     driverlib.lib : emac.obj (.text:EMACConfigSet)
                  00012958    00000034                   : emac.obj (.text:EMACIntClear)
                  0001298c    00000034     drivers_tivaware.aem4f : EMACSnow.oem4f (.text:EMACSnow_emacPoll)
                  000129c0    00000034                            : EMACSnow.oem4f (.text:EMACSnow_isLinkUp)
                  000129f4    00000034                            : EMAC.oem4f (.text:EMAC_init)
                  00012a28    00000034     stk.aem4f : exec.oem4f (.text:ExecClose)
                  00012a5c    00000034               : nimu.oem4f (.text:NIMUFindByName)
                  00012a90    00000034               : nimu.oem4f (.text:NIMUInit)
                  00012ac4    00000034               : rawethsock.oem4f (.text:RawEthSockNotify)
                  00012af8    00000034               : sockprot.oem4f (.text:SockPrCtlError)
                  00012b2c    00000034     driverlib.lib : sysctl.obj (.text:SysCtlPeripheralEnable)
                  00012b60    00000034     os.aem4f : mem.oem4f (.text:mmUnInitPage)
                  00012b94    00000004     --HOLE-- [fill = 0]
                  00012b98    00000034     sysbios.aem4f : BIOS.obj (.text:ti_sysbios_family_arm_m3_Hwi_Instance_finalize__E)
                  00012bcc    00000004     --HOLE-- [fill = 0]
                  00012bd0    00000034                   : BIOS.obj (.text:ti_sysbios_family_arm_m3_Hwi_excNmi__I)
                  00012c04    00000004     --HOLE-- [fill = 0]
                  00012c08    00000034                   : BIOS.obj (.text:ti_sysbios_hal_Hwi_checkStack)
                  00012c3c    00000034     RTOS_config_pem4f.oem4f (.text:ti_sysbios_knl_Semaphore_create)
                  00012c70    00000034     ti.uia.loggers.aem4f : LoggerStopMode.oem4f (.text:ti_uia_loggers_LoggerStopMode_reset__E)
                  00012ca4    00000034     ti.targets.arm.rtsarm.aem4f : Core-label.oem4f (.text:xdc_runtime_Core_assignLabel__I)
                  00012cd8    00000033                                 : Text.oem4f (.text:xdc_runtime_Text_printVisFxn__I)
                  00012d0b    00000001     --HOLE-- [fill = 0]
                  00012d0c    00000032     nettool_ipv4.aem4f : config.oem4f (.text:CfgGetImmediate)
                  00012d3e    00000032     stk.aem4f : route.oem4f (.text:RtDeRef)
                  00012d70    00000032               : route.oem4f (.text:RtSetFailure)
                  00012da2    00000032               : sb.oem4f (.text:SBFlush)
                  00012dd4    00000032               : sb.oem4f (.text:SBSetMax)
                  00012e06    00000032               : sock.oem4f (.text:SockIntAbort)
                  00012e38    00000032     nettool_ipv4.aem4f : config.oem4f (.text:_CfgAcquire)
                  00012e6a    00000032                        : dhcpsm.oem4f (.text:dhcpIPRemove)
                  00012e9c    00000004     --HOLE-- [fill = 0]
                  00012ea0    00000032     sysbios.aem4f : BIOS.obj (.text:ti_sysbios_hal_Hwi_initStack)
                  00012ed2    00000006     driverlib.lib : emac.obj (.text:EMACRxDMADescriptorListSet)
                  00012ed8    00000032     sysbios.aem4f : BIOS.obj (.text:ti_sysbios_knl_Semaphore_pendTimeout__I)
                  00012f0a    00000030     driverlib.lib : emac.obj (.text:EMACAddrSet)
                  00012f3a    00000002     --HOLE-- [fill = 0]
                  00012f3c    00000030     drivers_tivaware.aem4f : EMACSnow.oem4f (.text:EMACSnow_handlePackets)
                  00012f6c    00000030     netctrl_min_ipv4.aem4f : netsrv.oem4f (.text:NS_PreBoot)
                  00012f9c    00000030     stk.aem4f : sock.oem4f (.text:SockBind)
                  00012fcc    00000030               : sock.oem4f (.text:SockGetName)
                  00012ffc    00000030     nettool_ipv4.aem4f : dhcpsock.oem4f (.text:dhcpPacketSend)
                  0001302c    00000030     stk.aem4f : listlib.oem4f (.text:list_remove_node)
                  0001305c    00000030     RTOS_config_pem4f.oem4f (.text:ti_sysbios_BIOS_atExitFunc__I)
                  0001308c    00000004     --HOLE-- [fill = 0]
                  00013090    00000030     sysbios.aem4f : BIOS.obj (.text:ti_sysbios_family_arm_m3_TaskSupport_start__E)
                  000130c0    00000030     RTOS_config_pem4f.oem4f (.text:ti_sysbios_gates_GateHwi_Object__create__S)
                  000130f0    00000030     RTOS_config_pem4f.oem4f (.text:ti_sysbios_gates_GateMutex_Object__create__S)
                  00013120    00000030     RTOS_config_pem4f.oem4f (.text:ti_sysbios_heaps_HeapMem_Object__create__S)
                  00013150    00000030     RTOS_config_pem4f.oem4f (.text:ti_sysbios_knl_Semaphore_construct)
                  00013180    00000030     RTOS_config_pem4f.oem4f (.text:ti_uia_loggers_LoggerStopMode_Object__create__S)
                  000131b0    00000030     ti.targets.arm.rtsarm.aem4f : SysMin.oem4f (.text:xdc_runtime_SysMin_abort__E)
                  000131e0    00000030                                 : System.oem4f (.text:xdc_runtime_System_processAtExit__E)
                  00013210    0000002e     stk.aem4f : sb.oem4f (.text:SBFree)
                  0001323e    0000002c     driverlib.lib : emac.obj (.text:EMACIntStatus)
                  0001326a    0000002c     stk.aem4f : file.oem4f (.text:FdSignalEvent)
                  00013296    00000002     --HOLE-- [fill = 0]
                  00013298    0000002c               : igmp.oem4f (.text:IGMPTestGroup)
                  000132c4    0000002c     os.aem4f : task.oem4f (.text:NDK_hookCreate)
                  000132f0    0000002c     stk.aem4f : nimu.oem4f (.text:NIMUAllocateIndex)
                  0001331c    0000002c               : nimu.oem4f (.text:NIMUPacketServiceCheck)
                  00013348    0000002c               : pipe.oem4f (.text:PipeClose)
                  00013374    0000002c               : sockpcb.oem4f (.text:SockPcbAttach)
                  000133a0    0000002c               : lli.oem4f (.text:_LLIExpListRemove)
                  000133cc    0000002c               : lli.oem4f (.text:_LLITimeoutFlush)
                  000133f8    0000002c               : rtable.oem4f (.text:_RtExpListRemove)
                  00013424    0000002c     RTOS_config_pem4f.oem4f (.text:ti_sysbios_knl_Clock_doTick__I)
                  00013450    0000002c     RTOS_config_pem4f.oem4f (.text:ti_sysbios_knl_Queue_construct)
                  0001347c    00000004     --HOLE-- [fill = 0]
                  00013480    0000002c     sysbios.aem4f : BIOS.obj (.text:ti_sysbios_knl_Task_restore__E)
                  000134ac    0000002c     driverlib.lib : udma.obj (.text:uDMAChannelAssign)
                  000134d8    0000002c     ti.targets.arm.rtsarm.aem4f : Text.oem4f (.text:xdc_runtime_Text_cordText__E)
                  00013504    0000002a     driverlib.lib : gpio.obj (.text:GPIODirModeSet)
                  0001352e    0000002a     stk.aem4f : pbm.oem4f (.text:PBMQ_deq)
                  00013558    0000002a     netctrl_min_ipv4.aem4f : netsrv.oem4f (.text:ServiceCallback)
                  00013582    0000002a     nettool_ipv4.aem4f : config.oem4f (.text:_CfgRelease)
                  000135ac    0000002a     ti.targets.arm.rtsarm.aem4f : System.oem4f (.text:xdc_runtime_System_putchar__I)
                  000135d6    00000002     --HOLE-- [fill = 0]
                  000135d8    00000028     stk.aem4f : bind.oem4f (.text:BindFindByNet)
                  00013600    00000028               : lli.oem4f (.text:LLIFree)
                  00013628    00000028     netctrl_min_ipv4.aem4f : netctrl.oem4f (.text:NC_SystemClose)
                  00013650    00000028     stk.aem4f : nimu.oem4f (.text:NIMUCreatePacket)
                  00013678    00000028               : nimu.oem4f (.text:NIMUPacketService)
                  000136a0    00000028               : tcpin.oem4f (.text:TcpEnterTimeWait)
                  000136c8    00000028               : timer.oem4f (.text:TimerListRemove)
                  000136f0    00000028               : vlan.oem4f (.text:VLANFindSourceInterface)
                  00013718    00000028               : vlan.oem4f (.text:VLANInit)
                  00013740    00000028     nettool_ipv4.aem4f : dhcpsock.oem4f (.text:dhcpPacketReceive)
                  00013768    00000028     drivers_tivaware.aem4f : EMACSnow.oem4f (.text:signalLinkChange)
                  00013790    00000028     RTOS_config_pem4f.oem4f (.text:ti_sysbios_BIOS_startFunc__I)
                  000137b8    00000028     sysbios.aem4f : BIOS.obj (.text:ti_sysbios_knl_Swi_Module_startup__E)
                  000137e0    00000028     driverlib.lib : udma.obj (.text:uDMAChannelModeGet)
                  00013808    00000026     nettool_ipv4.aem4f : config.oem4f (.text:CfgEntryInfo)
                  0001382e    00000026     driverlib.lib : emac.obj (.text:EMACPHYRead)
                  00013854    00000026                   : emac.obj (.text:EMACPHYWrite)
                  0001387a    00000026     stk.aem4f : rawethsock.oem4f (.text:RawEthSockClose)
                  000138a0    00000026     RTOS_config_pem4f.oem4f (.text:ti_ndk_config_udp_init)
                  000138c6    00000026     sysbios.aem4f : m3_Hwi_asm.obj (.text:ti_sysbios_family_arm_m3_Hwi_pendSV__I)
                  000138ec    00000026     ti.targets.arm.rtsarm.aem4f : System.oem4f (.text:xdc_runtime_System_avprintf__E)
                  00013912    00000002     --HOLE-- [fill = 0]
                  00013914    00000024     stk.aem4f : bind.oem4f (.text:BindFindByHost)
                  00013938    00000024               : bind.oem4f (.text:BindGetIFByDBCast)
                  0001395c    00000024     drivers_tivaware.aem4f : EMACSnow.oem4f (.text:EMACSnow_pkt_service)
                  00013980    00000024                            : EMACSnow.oem4f (.text:EMACSnow_primeRx)
                  000139a4    00000024     stk.aem4f : exec.oem4f (.text:ExecTimer)
                  000139c8    00000024               : nimu.oem4f (.text:NIMUFindByIndex)
                  000139ec    00000024               : rtc.oem4f (.text:RTCAddHook)
                  00013a10    00000024               : rawethsock_pcb.oem4f (.text:RawEthSockPcbFind)
                  00013a34    00000024               : route.oem4f (.text:RtFree)
                  00013a58    00000024               : route.oem4f (.text:RtSetTimeout)
                  00013a7c    00000024               : sockpcb.oem4f (.text:SockPcbCleanup)
                  00013aa0    00000024               : tcpprot.oem4f (.text:TcpPrListen)
                  00013ac4    00000024               : tcptime.oem4f (.text:TcpTimeoutWait2)
                  00013ae8    00000024     nettool_ipv4.aem4f : config.oem4f (.text:_CfgEntryProcess)
                  00013b0c    00000024     RTOS_config_pem4f.oem4f (.text:ti_sysbios_BIOS_registerRTSLock__I)
                  00013b30    00000024     RTOS_config_pem4f.oem4f (.text:ti_sysbios_BIOS_removeRTSLock__I)
                  00013b54    00000004     --HOLE-- [fill = 0]
                  00013b58    00000024     sysbios.aem4f : BIOS.obj (.text:ti_sysbios_family_arm_m3_Hwi_doTaskRestore__I)
                  00013b7c    00000024     RTOS_config_pem4f.oem4f (.text:ti_sysbios_gates_GateMutex_Object__delete__S)
                  00013ba0    00000024     sysbios.aem4f : BIOS.obj (.text:ti_sysbios_knl_Clock_Module_startup__E)
                  00013bc4    00000024     RTOS_config_pem4f.oem4f (.text:ti_sysbios_knl_Semaphore_Object__delete__S)
                  00013be8    00000024     driverlib.lib : udma.obj (.text:uDMAChannelControlSet)
                  00013c0c    00000024     ti.targets.arm.rtsarm.aem4f : System.oem4f (.text:xdc_runtime_System_vprintf__E)
                  00013c30    00000022     nettool_ipv4.aem4f : config.oem4f (.text:CfgEntryRef)
                  00013c52    00000022     stk.aem4f : vlan.oem4f (.text:VLANFindNode)
                  00013c74    00000022     eth_network.obj (.text:setsockopt)
                  00013c96    00000002     --HOLE-- [fill = 0]
                  00013c98    00000022     sysbios.aem4f : BIOS.obj (.text:ti_sysbios_family_arm_lm4_Timer_write__I)
                  00013cba    00000022     RTOS_config_pem4f.oem4f (.text:xdc_runtime_SysMin_output__I)
                  00013cdc    00000020     netctrl_min_ipv4.aem4f : netctrl.oem4f (.text:NC_BootComplete)
                  00013cfc    00000020     stk.aem4f : nimu.oem4f (.text:NIMUGetNumOfObject)
                  00013d1c    00000020               : rtc.oem4f (.text:RTCRemoveHook)
                  00013d3c    00000020               : tcp.oem4f (.text:TcpTimeoutRemove)
                  00013d5c    00000020     Boot.aem4f : Boot_sysctl.oem4f (.text:_SysCtlMemTimingGet)
                  00013d7c    00000020     RTOS_config_pem4f.oem4f (.text:ti_sysbios_BIOS_rtsLock__I)
                  00013d9c    00000020     RTOS_config_pem4f.oem4f (.text:ti_sysbios_family_arm_m3_Hwi_Object__delete__S)
                  00013dbc    00000020     sysbios.aem4f : m3_Hwi_asm.obj (.text:ti_sysbios_family_arm_m3_Hwi_excHandlerAsm__I)
                  00013ddc    00000004     --HOLE-- [fill = 0]
                  00013de0    00000020                   : BIOS.obj (.text:ti_sysbios_family_arm_m3_Hwi_excHandler__I)
                  00013e00    00000020     RTOS_config_pem4f.oem4f (.text:ti_sysbios_gates_GateHwi_Object__delete__S)
                  00013e20    00000020     RTOS_config_pem4f.oem4f (.text:ti_sysbios_heaps_HeapMem_Object__delete__S)
                  00013e40    00000020     sysbios.aem4f : BIOS.obj (.text:ti_sysbios_knl_Idle_run__E)
                  00013e60    00000020     RTOS_config_pem4f.oem4f (.text:ti_sysbios_knl_Semaphore_Object__destruct__S)
                  00013e80    00000020     RTOS_config_pem4f.oem4f (.text:ti_sysbios_knl_Swi_Object__delete__S)
                  00013ea0    00000020     RTOS_config_pem4f.oem4f (.text:ti_sysbios_knl_Task_Object__delete__S)
                  00013ec0    00000020     RTOS_config_pem4f.oem4f (.text:ti_uia_loggers_LoggerStopMode_Object__delete__S)
                  00013ee0    00000020     ti.targets.arm.rtsarm.aem4f : Registry.oem4f (.text:xdc_runtime_Registry_findById__E)
                  00013f00    00000020                                 : SysMin.oem4f (.text:xdc_runtime_SysMin_Module_startup__E)
                  00013f20    0000001e     stk.aem4f : listlib.oem4f (.text:list_remove)
                  00013f3e    0000001e     eth_network.obj (.text:recv)
                  00013f5c    0000001e     eth_network.obj (.text:send)
                  00013f7a    0000001e     RTOS_config_pem4f.oem4f (.text:ti_sysbios_BIOS_errorRaiseHook__I)
                  00013f98    0000001e     sysbios.aem4f : m3_Hwi_asm_switch.obj (.text:ti_sysbios_family_xxx_Hwi_switchAndRunFunc)
                  00013fb6    00000002     --HOLE-- [fill = 0]
                  00013fb8    0000001c     stk.aem4f : bind.oem4f (.text:BindFindByIF)
                  00013fd4    0000001c               : exec.oem4f (.text:ExecBroadcast)
                  00013ff0    0000001c     os.aem4f : ossys.oem4f (.text:NDK_sprintf)
                  0001400c    0000001c     stk.aem4f : nimu.oem4f (.text:NIMUAddHeader)
                  00014028    0000001c               : sockprot.oem4f (.text:SockPrDetach)
                  00014044    0000001c     os.aem4f : task.oem4f (.text:TaskDestroy)
                  00014060    0000001c     driverlib.lib : sysctl.obj (.text:_SysCtlMemTimingGet)
                  0001407c    0000001c     drivers_tivaware.aem4f : GPIOTiva.oem4f (.text:getGpioIntIndex)
                  00014098    0000001c     RTOS_config_pem4f.oem4f (.text:ti_ndk_config_global_taskCreateHook)
                  000140b4    00000004     --HOLE-- [fill = 0]
                  000140b8    0000001c     sysbios.aem4f : BIOS.obj (.text:ti_sysbios_gates_GateMutex_Instance_init__E)
                  000140d4    0000001c     RTOS_config_pem4f.oem4f (.text:ti_sysbios_knl_Queue_Object__destruct__S)
                  000140f0    0000001c     sysbios.aem4f : BIOS.obj (.text:ti_sysbios_knl_Task_enter__I)
                  0001410c    0000001c     ti.uia.loggers.aem4f : LoggerStopMode.oem4f (.text:ti_uia_loggers_LoggerStopMode_Instance_init__E)
                  00014128    0000001c     ti.targets.arm.rtsarm.aem4f : Error.oem4f (.text:xdc_runtime_Error_raiseX__E)
                  00014144    0000001c                                 : Memory.oem4f (.text:xdc_runtime_Memory_valloc__E)
                  00014160    0000001c                                 : SysMin.oem4f (.text:xdc_runtime_SysMin_exit__E)
                  0001417c    0000001c                                 : System.oem4f (.text:xdc_runtime_System_abort__E)
                  00014198    0000001a     stk.aem4f : bind.oem4f (.text:BindGetIP)
                  000141b2    0000001a               : sockint.oem4f (.text:SockSetOOBMark)
                  000141cc    0000001a               : file.oem4f (.text:fdint_getfdt)
                  000141e6    0000001a     RTOS_config_pem4f.oem4f (.text:ti_sysbios_family_arm_m3_Hwi_Handle__label__S)
                  00014200    0000001a     RTOS_config_pem4f.oem4f (.text:ti_sysbios_gates_GateHwi_Handle__label__S)
                  0001421a    0000001a     RTOS_config_pem4f.oem4f (.text:ti_sysbios_gates_GateMutex_Handle__label__S)
                  00014234    0000001a     RTOS_config_pem4f.oem4f (.text:ti_sysbios_heaps_HeapMem_Handle__label__S)
                  0001424e    0000001a     RTOS_config_pem4f.oem4f (.text:ti_sysbios_knl_Swi_Handle__label__S)
                  00014268    0000001a     RTOS_config_pem4f.oem4f (.text:ti_sysbios_knl_Task_Handle__label__S)
                  00014282    00000006     driverlib.lib : emac.obj (.text:EMACTxDMADescriptorListSet)
                  00014288    0000001a     sysbios.aem4f : BIOS.obj (.text:ti_sysbios_knl_Task_sleepTimeout__I)
                  000142a2    0000001a     RTOS_config_pem4f.oem4f (.text:ti_uia_loggers_LoggerStopMode_Handle__label__S)
                  000142bc    0000001a     RTOS_config_pem4f.oem4f (.text:xdc_runtime_System_aprintf__E)
                  000142d6    0000001a     RTOS_config_pem4f.oem4f (.text:xdc_runtime_System_printf__E)
                  000142f0    00000018     driverlib.lib : adc.obj (.text:ADCClockConfigSet)
                  00014308    00000018     drivers_tivaware.aem4f : EMACSnow.oem4f (.text:EMACSnow_emacSend)
                  00014320    00000018     stk.aem4f : ip.oem4f (.text:IPRtChange)
                  00014338    00000018               : rawethsock_pcb.oem4f (.text:RawEthSockPcbCleanup)
                  00014350    00000018     nettool_ipv4.aem4f : ipaddr.oem4f (.text:RouteHook)
                  00014368    00000018     stk.aem4f : tcpin.oem4f (.text:SEQ_GEQ)
                  00014380    00000018               : tcpout.oem4f (.text:SEQ_GEQ)
                  00014398    00000018               : tcpin.oem4f (.text:SEQ_GT)
                  000143b0    00000018               : tcpout.oem4f (.text:SEQ_GT)
                  000143c8    00000018               : tcpin.oem4f (.text:SEQ_LEQ)
                  000143e0    00000018               : tcpout.oem4f (.text:SEQ_LEQ)
                  000143f8    00000018               : tcpin.oem4f (.text:SEQ_LT)
                  00014410    00000018               : tcpout.oem4f (.text:SEQ_LT)
                  00014428    00000018               : tcp.oem4f (.text:TcpTimeoutAdd)
                  00014440    00000018     nettool_ipv4.aem4f : dhcpsock.oem4f (.text:dhcpSocketClose)
                  00014458    00000018     stk.aem4f : listlib.oem4f (.text:list_add)
                  00014470    00000018     rtsv7M4_T_le_v4SPD16_eabi.lib : args_main.obj (.text)
                  00014488    00000018                                   : strcmp.obj (.text)
                  000144a0    00000018     RTOS_config_pem4f.oem4f (.text:ti_sysbios_BIOS_rtsUnlock__I)
                  000144b8    00000018     RTOS_config_pem4f.oem4f (.text:ti_sysbios_family_arm_lm4_Timer_Module__startupDone__F)
                  000144d0    00000018     RTOS_config_pem4f.oem4f (.text:ti_sysbios_family_arm_m3_Hwi_Module__startupDone__F)
                  000144e8    00000018     sysbios.aem4f : m3_TaskSupport_asm.obj (.text:ti_sysbios_family_arm_m3_TaskSupport_swap__E)
                  00014500    00000018                   : BIOS.obj (.text:ti_sysbios_gates_GateMutex_leave__E)
                  00014518    00000018     driverlib.lib : udma.obj (.text:uDMAChannelEnable)
                  00014530    00000018     ti.targets.arm.rtsarm.aem4f : Error.oem4f (.text:xdc_runtime_Error_check__E)
                  00014548    00000018                                 : System.oem4f (.text:xdc_runtime_System_exit__E)
                  00014560    00000018                                 : Text.oem4f (.text:xdc_runtime_Text_ropeText__E)
                  00014578    00000016     driverlib.lib : emac.obj (.text:EMACReset)
                  0001458e    00000016                   : emac.obj (.text:EMACRxEnable)
                  000145a4    00000016                   : emac.obj (.text:EMACTxEnable)
                  000145ba    00000016     stk.aem4f : file.oem4f (.text:fdint_freefdt)
                  000145d0    00000016     RTOS_config_pem4f.oem4f (.text:ti_sysbios_BIOS_exitFunc__I)
                  000145e6    00000016     eth_network.obj (.text:ti_sysbios_knl_Task_Params_init)
                  000145fc    00000016     ti.uia.loggers.aem4f : LoggerStopMode.oem4f (.text:ti_uia_loggers_LoggerStopMode_disable__E)
                  00014612    00000016                          : LoggerStopMode.oem4f (.text:ti_uia_loggers_LoggerStopMode_enable__E)
                  00014628    00000016     ti.targets.arm.rtsarm.aem4f : System.oem4f (.text:xdc_runtime_System_vsprintf__E)
                  0001463e    00000014     stk.aem4f : bind.oem4f (.text:BindIPHost2IF)
                  00014652    00000002     --HOLE-- [fill = 0]
                  00014654    00000014     driverlib.lib : flash.obj (.text:FlashUserGet)
                  00014668    00000014     netctrl_min_ipv4.aem4f : netctrl.oem4f (.text:NC_NetStop)
                  0001467c    00000014     os.aem4f : task.oem4f (.text:NDK_hookExit)
                  00014690    00000014     stk.aem4f : nimu.oem4f (.text:NIMUSendPacket)
                  000146a4    00000014     nettool_ipv4.aem4f : ipaddr.oem4f (.text:NtRemoveNetwork)
                  000146b8    00000014     stk.aem4f : rawethsock_pcb.oem4f (.text:RawEthSockPcbInit)
                  000146cc    00000014               : timer.oem4f (.text:TimerFree)
                  000146e0    00000014     eth_network.obj (.text:accept)
                  000146f4    00000014     eth_network.obj (.text:bind)
                  00014708    00000014     main.obj (.text:initSamplesTask)
                  0001471c    00000014     rtsv7M4_T_le_v4SPD16_eabi.lib : _lock.obj (.text)
                  00014730    00000014                                   : strcpy.obj (.text)
                  00014744    00000014                                   : strlen.obj (.text)
                  00014758    00000014     eth_network.obj (.text:socket)
                  0001476c    00000014     RTOS_config_pem4f.oem4f (.text:ti_ndk_config_global_taskExitHook)
                  00014780    00000014     RTOS_config_pem4f.oem4f (.text:ti_sysbios_family_arm_m3_Hwi_Object__get__S)
                  00014794    00000004     --HOLE-- [fill = 0]
                  00014798    00000014     sysbios.aem4f : BIOS.obj (.text:ti_sysbios_family_arm_m3_Hwi_switchFromBootStack__E)
                  000147ac    00000014     RTOS_config_pem4f.oem4f (.text:ti_sysbios_heaps_HeapMem_Object__get__S)
                  000147c0    00000014     RTOS_config_pem4f.oem4f (.text:ti_sysbios_knl_Swi_Object__get__S)
                  000147d4    00000014     RTOS_config_pem4f.oem4f (.text:ti_sysbios_knl_Task_Object__first__S)
                  000147e8    00000014     RTOS_config_pem4f.oem4f (.text:ti_sysbios_knl_Task_Object__get__S)
                  000147fc    00000014     RTOS_config_pem4f.oem4f (.text:ti_sysbios_knl_Task_Object__next__S)
                  00014810    00000012     driverlib.lib : adc.obj (.text:ADCHardwareOversampleConfigure)
                  00014822    00000012                   : gpio.obj (.text:GPIOPinTypeADC)
                  00014834    00000012                   : gpio.obj (.text:GPIOPinTypeEthernetLED)
                  00014846    00000012     stk.aem4f : sockprot.oem4f (.text:SockPrAttach)
                  00014858    00000012               : sockint.oem4f (.text:SockSetOOBData)
                  0001486a    00000012     driverlib.lib : timer.obj (.text:TimerLoadSet)
                  0001487c    00000012     main.obj (.text:heartBeat_Task)
                  0001488e    00000012     nettool_ipv4.aem4f : inetaddr.oem4f (.text:inet_addr)
                  000148a0    00000012     sysbios.aem4f : BIOS.obj (.text:ti_sysbios_hal_Hwi_Module_startup__E)
                  000148b2    00000006     driverlib.lib : gpio.obj (.text:GPIOIntClear)
                  000148b8    00000012     sysbios.aem4f : BIOS.obj (.text:ti_sysbios_knl_Semaphore_reset__E)
                  000148ca    00000012     RTOS_config_pem4f.oem4f (.text:xdc_runtime_Startup_exec__I)
                  000148dc    00000010     RTOS_config_pem4f.oem4f (.text:.bootCodeSection:ti_catalog_arm_cortexm4_tiva_ce_Boot_init__I)
                  000148ec    00000010     driverlib.lib : adc.obj (.text:ADCSequenceDMAEnable)
                  000148fc    00000010     stk.aem4f : bind.oem4f (.text:BindIF2IPHost)
                  0001490c    00000010               : bind.oem4f (.text:BindIFNet2IPHost)
                  0001491c    00000010     driverlib.lib : emac.obj (.text:EMACFrameFilterSet)
                  0001492c    00000010     stk.aem4f : exec.oem4f (.text:ExecHRef)
                  0001493c    00000010     netctrl_min_ipv4.aem4f : netctrl.oem4f (.text:NC_IPUpdate)
                  0001494c    00000010     stk.aem4f : nimu.oem4f (.text:NIMUGetRsvdSizeInfo)
                  0001495c    00000010     eth_network.obj (.text:listen)
                  0001496c    00000004     --HOLE-- [fill = 0]
                  00014970    00000010     sysbios.aem4f : BIOS.obj (.text:ti_sysbios_BIOS_getCpuFreq__E)
                  00014980    00000010                   : BIOS.obj (.text:ti_sysbios_BIOS_setThreadType__E)
                  00014990    00000010                   : BIOS.obj (.text:ti_sysbios_BIOS_start__E)
                  000149a0    00000010                   : BIOS.obj (.text:ti_sysbios_family_arm_lm4_TimestampProvider_rolloverFunc__E)
                  000149b0    00000010                   : m3_TaskSupport_asm.obj (.text:ti_sysbios_family_arm_m3_TaskSupport_glue)
                  000149c0    00000010                   : BIOS.obj (.text:ti_sysbios_gates_GateMutex_Instance_finalize__E)
                  000149d0    00000010                   : BIOS.obj (.text:ti_sysbios_knl_Semaphore_Instance_finalize__E)
                  000149e0    00000010                   : BIOS.obj (.text:ti_sysbios_knl_Swi_disable__E)
                  000149f0    00000010                   : BIOS.obj (.text:ti_sysbios_knl_Task_disable__E)
                  00014a00    00000010     RTOS_config_pem4f.oem4f (.text:ti_uia_loggers_LoggerStopMode_Object__get__S)
                  00014a10    00000010     ti.uia.loggers.aem4f : LoggerStopMode.oem4f (.text:ti_uia_loggers_LoggerStopMode_isEmpty__E)
                  00014a20    00000010     driverlib.lib : udma.obj (.text:uDMADisable)
                  00014a30    00000010                   : udma.obj (.text:uDMAEnable)
                  00014a40    00000010     ti.targets.arm.rtsarm.aem4f : Gate.oem4f (.text:xdc_runtime_Gate_leaveSystem__E)
                  00014a50    00000010                                 : Memory.oem4f (.text:xdc_runtime_Memory_free__E)
                  00014a60    00000010                                 : SysMin.oem4f (.text:xdc_runtime_SysMin_ready__E)
                  00014a70    00000010                                 : System.oem4f (.text:xdc_runtime_System_vsnprintf__E)
                  00014a80    00000010     RTOS_config_pem4f.oem4f (.text:xdc_runtime_Text_visitRope__I)
                  00014a90    0000000e     driverlib.lib : adc.obj (.text:ADCSequenceDisable)
                  00014a9e    0000000e                   : adc.obj (.text:ADCSequenceEnable)
                  00014aac    0000000e     drivers_tivaware.aem4f : EMACSnow.oem4f (.text:EMACSnow_emacioctl)
                  00014aba    0000000e     stk.aem4f : exec.oem4f (.text:ExecLowResource)
                  00014ac8    0000000e     driverlib.lib : gpio.obj (.text:GPIOIntStatus)
                  00014ad6    0000000e                   : timer.obj (.text:TimerEnable)
                  00014ae4    0000000e     rtsv7M4_T_le_v4SPD16_eabi.lib : copy_decompress_none.obj (.text:decompress:none)
                  00014af2    00000006     driverlib.lib : gpio.obj (.text:GPIOPinRead)
                  00014af8    0000000e     sysbios.aem4f : BIOS.obj (.text:ti_sysbios_knl_Idle_loop__E)
                  00014b06    00000002     --HOLE-- [fill = 0]
                  00014b08    0000000e                   : BIOS.obj (.text:ti_sysbios_knl_Queue_empty__E)
                  00014b16    0000000c     driverlib.lib : adc.obj (.text:ADCReferenceSet)
                  00014b22    00000002     --HOLE-- [fill = 0]
                  00014b24    0000000c     stk.aem4f : bind.oem4f (.text:BindGetFirst)
                  00014b30    0000000c     nettool_ipv4.aem4f : config.oem4f (.text:CfgSetDefault)
                  00014b3c    0000000c     drivers_tivaware.aem4f : EMACSnow.oem4f (.text:EMACSnow_init)
                  00014b48    0000000c     os.aem4f : task.oem4f (.text:NDK_hookInit)
                  00014b54    0000000c     stk.aem4f : nimu.oem4f (.text:NIMUSetRsvdSizeInfo)
                  00014b60    0000000c     os.aem4f : task.oem4f (.text:NotifyLowResource)
[...]
00017c5c  ti_sysbios_knl_Task_Module__diagsEnabled__C                          
00017c60  ti_sysbios_knl_Task_Module__diagsIncluded__C                         
00017c64  ti_sysbios_knl_Task_Module__diagsMask__C                             
00017c68  ti_sysbios_knl_Task_Module__loggerFxn2__C                            
00017c6c  ti_sysbios_knl_Task_Module__loggerFxn4__C                            
00017c70  ti_sysbios_knl_Task_Module__loggerObj__C                             
00017c74  ti_sysbios_knl_Task_Object__count__C                                 
00017c78  ti_sysbios_knl_Task_Object__heap__C                                  
00017c7c  ti_sysbios_knl_Task_allBlockedFunc__C                                
00017c80  ti_sysbios_knl_Task_defaultStackHeap__C                              
00017c84  ti_sysbios_knl_Task_defaultStackSize__C                              
00017c88  ti_sysbios_knl_Task_numConstructedTasks__C                           
00017c8c  ti_sysbios_utils_Load_LS_cpuLoad__C                                  
00017c90  ti_sysbios_utils_Load_LS_taskLoad__C                                 
00017c94  ti_sysbios_utils_Load_Module_State_taskList__O                       
00017c98  ti_sysbios_utils_Load_Module__diagsEnabled__C                        
00017c9c  ti_sysbios_utils_Load_Module__diagsIncluded__C                       
00017ca0  ti_sysbios_utils_Load_Module__diagsMask__C                           
00017ca4  ti_sysbios_utils_Load_Module__loggerFxn1__C                          
00017ca8  ti_sysbios_utils_Load_Module__loggerFxn4__C                          
00017cac  ti_sysbios_utils_Load_Module__loggerObj__C                           
00017cb0  ti_sysbios_utils_Load_postUpdate__C                                  
00017cb4  ti_sysbios_utils_Load_windowInMs__C                                  
00017cb8  ti_uia_loggers_LoggerStopMode_Module__diagsEnabled__C                
00017cbc  ti_uia_loggers_LoggerStopMode_Module__diagsIncluded__C               
00017cc0  ti_uia_loggers_LoggerStopMode_Module__diagsMask__C                   
00017cc4  ti_uia_loggers_LoggerStopMode_Object__count__C                       
00017cc8  ti_uia_runtime_ILoggerSnapshot_Interface__BASE__C                    
00017ccc  ti_uia_runtime_IUIATransfer_Interface__BASE__C                       
00017cd0  xdc_runtime_Assert_E_assertFailed__C                                 
00017cd4  xdc_runtime_Core_A_initializedParams__C                              
00017cd8  xdc_runtime_Core_Module__diagsEnabled__C                             
00017cdc  xdc_runtime_Core_Module__diagsIncluded__C                            
00017ce0  xdc_runtime_Core_Module__diagsMask__C                                
00017ce4  xdc_runtime_Error_E_memory__C                                        
00017ce8  xdc_runtime_Error_Module__diagsEnabled__C                            
00017cec  xdc_runtime_Error_Module__diagsIncluded__C                           
00017cf0  xdc_runtime_Error_Module__diagsMask__C                               
00017cf4  xdc_runtime_Error_Module__loggerFxn8__C                              
00017cf8  xdc_runtime_Error_Module__loggerObj__C                               
00017cfc  xdc_runtime_Error_policyFxn__C                                       
00017d00  xdc_runtime_Error_raiseHook__C                                       
00017d04  xdc_runtime_IFilterLogger_Interface__BASE__C                         
00017d08  xdc_runtime_IGateProvider_Interface__BASE__C                         
00017d0c  xdc_runtime_IHeap_Interface__BASE__C                                 
00017d10  xdc_runtime_ILogger_Interface__BASE__C                               
00017d14  xdc_runtime_IModule_Interface__BASE__C                               
00017d18  xdc_runtime_Log_L_error__C                                           
00017d1c  xdc_runtime_Memory_defaultHeapInstance__C                            
00017d20  xdc_runtime_Startup_execImpl__C                                      
00017d24  xdc_runtime_Startup_lastFxns__A                                      
00017d28  xdc_runtime_Startup_maxPasses__C                                     
00017d2c  xdc_runtime_Startup_sfxnRts__C                                       
00017d30  xdc_runtime_Startup_sfxnTab__C                                       
00017d34  xdc_runtime_SysMin_bufSize__C                                        
00017d38  xdc_runtime_SysMin_outputFunc__C                                     
00017d3c  xdc_runtime_System_Module__gateObj__C                                
00017d40  xdc_runtime_System_abortFxn__C                                       
00017d44  xdc_runtime_System_exitFxn__C                                        
00017d48  xdc_runtime_System_extendFxn__C                                      
00017d4c  xdc_runtime_System_maxAtexitHandlers__C                              
00017d50  xdc_runtime_Text_charTab__C                                          
00017d54  xdc_runtime_Text_nameEmpty__C                                        
00017d58  xdc_runtime_Text_nameStatic__C                                       
00017d5c  xdc_runtime_Text_nameUnknown__C                                      
00017d60  xdc_runtime_Text_nodeTab__C                                          
00017d64  xdc_runtime_Text_visitRopeFxn__C                                     
00017d68  ti_sysbios_family_arm_m3_Hwi_Module__id__C                           
00017d6a  ti_sysbios_family_arm_m3_Hwi_Module__loggerDefined__C                
00017d6c  ti_sysbios_gates_GateMutex_Module__id__C                             
00017d6e  ti_sysbios_hal_Hwi_Module__id__C                                     
00017d70  ti_sysbios_heaps_HeapMem_Module__id__C                               
00017d72  ti_sysbios_knl_Clock_Module__id__C                                   
00017d74  ti_sysbios_knl_Clock_Module__loggerDefined__C                        
00017d76  ti_sysbios_knl_Semaphore_Module__id__C                               
00017d78  ti_sysbios_knl_Semaphore_Module__loggerDefined__C                    
00017d7a  ti_sysbios_knl_Swi_Module__id__C                                     
00017d7c  ti_sysbios_knl_Swi_Module__loggerDefined__C                          
00017d7e  ti_sysbios_knl_Task_Module__id__C                                    
00017d80  ti_sysbios_knl_Task_Module__loggerDefined__C                         
00017d82  ti_sysbios_utils_Load_Module__id__C                                  
00017d84  ti_sysbios_utils_Load_Module__loggerDefined__C                       
00017d86  ti_sysbios_utils_Load_autoAddTasks__C                                
00017d88  ti_sysbios_utils_Load_updateInIdle__C                                
00017d8a  ti_uia_loggers_LoggerStopMode_Module__id__C                          
00017d8c  ti_uia_loggers_LoggerStopMode_isTimestampEnabled__C                  
00017d8e  xdc_runtime_Core_Module__id__C                                       
00017d90  xdc_runtime_Error_Module__loggerDefined__C                           
00017d92  xdc_runtime_Error_maxDepth__C                                        
00017d94  xdc_runtime_Memory_Module__id__C                                     
00017d96  xdc_runtime_SysMin_flushAtExit__C                                    
00017d98  xdc_runtime_Text_charCnt__C                                          
00017d9a  xdc_runtime_Text_isLoaded__C                                         
00017d9c  xdc_runtime_Text_registryModsLastId__C                               
00017d9e  xdc_runtime_Text_unnamedModsLastId__C                                
00017da0  __TI_static_base__                                                   
00018244  __TI_Handler_Table_Base                                              
00018250  __TI_Handler_Table_Limit                                             
00018260  __TI_CINIT_Base                                                      
00018278  __TI_CINIT_Limit                                                     
20000000  ti_sysbios_family_arm_m3_Hwi_ramVectors                              
20000400  ti_sysbios_heaps_HeapMem_Instance_State_0_buf__A                     
20005400  ti_ndk_config_Global_pit                                             
200054a8  ti_ndk_config_Global_pitBuffer                                       
20009ca8  _ICMPIn                                                              
20009cf4  PBMQ_free                                                            
20009d00  ti_ndk_config_Global_pBufMem                                         
2000d900  ti_ndk_config_Global_pHdrMem                                         
2000dbf8  g_int32_ai0                                                          
2000fc00  ti_uia_loggers_LoggerStopMode_Instance_State_0_packetArray__A        
20010c00  ti_uia_loggers_LoggerStopMode_Instance_State_2_packetArray__A        
20011c00  udmaCtrlTable                                                        
20012c00  ti_sysbios_knl_Task_Instance_State_0_stack__A                        
20012e00  ti_sysbios_knl_Task_Instance_State_1_stack__A                        
20013000  ti_sysbios_knl_Task_Instance_State_2_stack__A                        
20013200  ti_sysbios_knl_Task_Instance_State_3_stack__A                        
20013800  ti_sysbios_knl_Task_Instance_State_4_stack__A                        
20013a00  g_uint16_adc0_ping                                                   
20014200  g_uint16_adc0_pong                                                   
20014a00  g_uint16_adc1_ping                                                   
20015200  g_uint16_adc1_pong                                                   
20015a00  ti_uia_loggers_LoggerStopMode_Instance_State_1_packetArray__A        
20015e00  ti_sysbios_family_arm_m3_Hwi_dispatchTable                           
20016160  __CIOBUF_                                                            
20016380  tcps                                                                 
2001669c  xdc_runtime_SysMin_Module_State_0_outbuf__A                          
2001671c  ips                                                                  
20016784  nimu_mcb                                                             
200167e8  _ICMPOut                                                             
20016874  tpseudo                                                              
20016880  ti_uia_loggers_LoggerStopMode_Instance_State_0_hdr__A                
200168b0  vlan_mcb                                                             
20016900  ti_uia_loggers_LoggerStopMode_Instance_State_1_hdr__A                
20016930  udps                                                                 
20016954  BlockCount                                                           
20016980  ti_uia_loggers_LoggerStopMode_Instance_State_2_hdr__A                
200169b0  BlockMax                                                             
200169cc  PageCount                                                            
200169e8  PageMax                                                              
20016a04  stkEvent                                                             
20016a30  raweths                                                              
20016a40  raws                                                                 
20016a50  upseudo                                                              
20016a5c  emacObjects                                                          
20016a64  ti_sysbios_knl_Task_Instance_State_0_hookEnv__A                      
20016a6c  ti_sysbios_knl_Task_Instance_State_1_hookEnv__A                      
20016a74  ti_sysbios_knl_Task_Instance_State_2_hookEnv__A                      
20016a7c  ti_sysbios_knl_Task_Instance_State_3_hookEnv__A                      
20016a84  ti_sysbios_knl_Task_Instance_State_4_hookEnv__A                      
20016aac  _IGMPInDiscard                                                       
20016ab0  _IGMPInQuery                                                         
20016ab4  _IGMPInQueryGroup                                                    
20016ab8  _IGMPInResponse                                                      
20016abc  _IGMPOutResponse                                                     
20016ac0  g_ulStatus                                                           
20016ad4  raweth_pcb                                                           
20016ad8  ti_sysbios_knl_Task_Object__table__V                                 
20016c68  _ipcfg                                                               
20016d1c  ti_uia_loggers_LoggerStopMode_Object__table__V                       
20016db8  ti_sysbios_utils_Load_Module__state__V                               
20016e50  ti_sysbios_utils_Load_Module_State_0_taskEnv__A                      
20016edc  ti_sysbios_family_arm_lm4_Timer_Object__table__V                     
20016f5c  ti_sysbios_knl_Swi_Module_State_0_readyQ__A                          
20016fdc  ti_sysbios_knl_Task_Module_State_0_readyQ__A                         
2001705c  ti_sysbios_family_arm_m3_Hwi_Object__table__V                        
200170bc  ti_sysbios_knl_Semaphore_Object__table__V                            
2001715a  ti_sysbios_family_arm_m3_Hwi_Module_State_0_excActive__A             
2001715c  ti_sysbios_knl_Task_Module__state__V                                 
20017220  ti_sysbios_family_arm_lm4_Timer_Module_State_0_device__A             
20017260  ti_sysbios_gates_GateMutex_Object__table__V                          
200172cc  ti_sysbios_family_arm_m3_Hwi_Module__state__V                        
20017300  enablePrefetch                                                       
20017304  phyCounter                                                           
20017332  xdc_runtime_Error_Module__state__V                                   
20017364  ti_sysbios_knl_Swi_Object__table__V                                  
20017394  ti_sysbios_knl_Clock_Module__state__V                                
200173c0  pstrMsgName                                                          
200173e8  _oscfg                                                               
2001740c  PITCount                                                             
20017410  PITUsed                                                              
20017414  PITHigh                                                              
20017430  ti_sysbios_BIOS_Module__state__V                                     
20017454  ti_sysbios_family_arm_lm4_Timer_Module_State_0_handles__A            
20017490  ti_ndk_config_Global_Id2Size                                         
200174ac  ti_sysbios_knl_Swi_Module__state__V                                  
200174c8  ti_ndk_config_Global_HostName                                        
200174cc  LocalIPAddr                                                          
200174d0  LocalIPMask                                                          
200174d4  GatewayIP                                                            
200174d8  DomainName                                                           
200174dc  __xdc__init__addr                                                    
20017510  ti_sysbios_heaps_HeapMem_Object__table__V                            
2001753c  gpioPinConfigs                                                       
20017554  _IGMPForceVersion1                                                   
2001755c  __TI_cleanup_ptr                                                     
20017560  __TI_dtors_ptr                                                       
20017564  __TI_enable_exit_profile_output                                      
20017568  ti_sysbios_family_arm_lm4_Timer_Module__state__V                     
20017574  ti_sysbios_knl_Task_Module__root__V                                  
20017580  ti_uia_runtime_QueueDescriptor_Module__state__V                      
2001758c  xdc_runtime_SysMin_Module__state__V                                  
200175a4  _lock                                                                
200175a8  _unlock                                                              
200175ac  NIMUDeviceTable                                                      
200175b4  gpioCallbackFunctions                                                
200175cc  _ICMPInErrors                                                        
200175d0  _ICMPOutErrors                                                       
200175d4  _IPExecuting                                                         
200175ec  tcp_iss                                                              
200175f0  ptTimeFirst                                                          
200175fc  ti_uia_runtime_QueueDescriptor_gPtrToFirstDescriptor                 
20017600  ti_uia_runtime_QueueDescriptor_gUpdateCount                          
20017604  ti_sysbios_family_arm_lm4_TimestampProvider_Module__state__V         
2001760c  ti_sysbios_family_arm_m3_Hwi_Module__root__V                         
20017614  ti_sysbios_gates_GateHwi_Module__root__V                             
2001761c  ti_sysbios_gates_GateMutex_Module__root__V                           
20017624  ti_sysbios_heaps_HeapMem_Module__root__V                             
2001762c  ti_sysbios_knl_Clock_Module__root__V                                 
20017634  ti_sysbios_knl_Queue_Module__root__V                                 
2001763c  ti_sysbios_knl_Semaphore_Module__root__V                             
20017644  ti_sysbios_knl_Swi_Module__root__V                                   
2001764c  ti_uia_loggers_LoggerStopMode_Module__root__V                        
20017654  xdc_runtime_Registry_Module__state__V                                
2001765c  xdc_runtime_Startup_Module__state__V                                 
20017664  xdc_runtime_System_Module_State_0_atexitHandlers__A                  
2001766c  xdc_runtime_System_Module__state__V                                  
20017674  macAddress                                                           
20017690  rms_ai0                                                              
20017698  errno                                                                
2001769c  main_func_sp                                                         
200176a4  _IPReasmPtr                                                          
200176b4  ti_sysbios_family_arm_m3_Hwi_Module_State_0_excContext__A            
200176b8  ti_sysbios_family_arm_m3_Hwi_Module_State_0_excStack__A              
200176bc  ti_sysbios_gates_GateHwi_Object__table__V                            
200176c0  ti_sysbios_knl_Task_Module_State_0_idleTask__A                       
200176c4  ti_sysbios_utils_Load_Module_State_0_runningTask__A                  
200176c8  ti_sysbios_utils_Load_Module_State_0_taskStartTime__A                
200176cc  xdc_runtime_Memory_Module__state__V                                  
200176d0  __stack                                                              
20017ed0  __STACK_END                                                          
e000e000  ti_sysbios_family_arm_m3_Hwi_nvic                                    
ffffffff  __TI_pprof_out_hndl                                                  
ffffffff  __TI_prof_data_size                                                  
ffffffff  __TI_prof_data_start                                                 
ffffffff  __binit__                                                            
ffffffff  __c_args__                                                           
ffffffff  binit                                                                
UNDEFED   SHT$$INIT_ARRAY$$Base                                                
UNDEFED   SHT$$INIT_ARRAY$$Limit                                               

[1228 symbols]
