******************************************************************************
                  TI ARM Linker PC v16.9.3                     
******************************************************************************
>> Linked Tue Aug 29 23:34:53 2017

OUTPUT FILE NAME:   <TM4C_RTOS_rms.out>
ENTRY POINT SYMBOL: "_c_int00"  address: 0000e16d


MEMORY CONFIGURATION

         name            origin    length      used     unused   attr    fill
----------------------  --------  ---------  --------  --------  ----  --------
  FLASH                 00000000   00100000  00015207  000eadf9  R  X
  SRAM                  20000000   00040000  00015730  0002a8d0  RW X


SEGMENT ALLOCATION MAP

run origin  load origin   length   init length attrs members
----------  ----------- ---------- ----------- ----- -------
00000000    00000000    00015210   00015210    r-x
  00000000    00000000    0000003c   0000003c    r-- .resetVecs
  00000040    00000040    0001270a   0001270a    r-x .text
  0001274c    0001274c    000026b1   000026b1    r-- .const
  00014e00    00014e00    00000410   00000410    r-- .cinit
20000000    20000000    00000360   00000000    rw-
  20000000    20000000    00000360   00000000    rw- .vecs
20000400    20000400    000153d0   00000000    rw-
  20000400    20000400    00014234   00000000    rw- .bss
  20014634    20014634    0000099c   00000000    rw- .data
  20014fd0    20014fd0    00000800   00000000    rw- .stack


SECTION ALLOCATION MAP

 output                                  attributes/
section   page    origin      length       input sections
--------  ----  ----------  ----------   ----------------
.text      0    00000040    0001270a     
                  00000040    00000c68     stk.aem4f : tcpin.oem4f (.text:TcpInput)
                  00000ca8    000008b8               : tcpout.oem4f (.text:TcpOutput)
                  00001560    00000430     sysbios.aem4f : BIOS.obj (.text:ti_sysbios_family_arm_m3_Hwi_excDumpRegs__I)
                  00001990    00000408     stk.aem4f : ipout.oem4f (.text:IPTxPacket)
                  00001d98    00000384               : ipin.oem4f (.text:IPRxPacket)
                  0000211c    0000034c     ti.targets.arm.rtsarm.aem4f : System.oem4f (.text:xdc_runtime_System_doPrint__I)
                  00002468    00000324     rtsv7M4_T_le_v4SPD16_eabi.lib : trgdrv.obj (.text)
                  0000278c    00000284     stk.aem4f : sock.oem4f (.text:SockSet)
                  00002a10    0000024c               : ipfrag.oem4f (.text:IPReasm)
                  00002c5c    0000023c               : icmpin.oem4f (.text:ICMPInput)
                  00002e98    00000238               : udp.oem4f (.text:UdpInput)
                  000030d0    00000204     driverlib.lib : sysctl.obj (.text:SysCtlClockFreqSet)
                  000032d4    00000204     Boot.aem4f : Boot_sysctl.oem4f (.text:ti_catalog_arm_cortexm4_tiva_ce_Boot_sysCtlClockFreqSetI__I)
                  000034d8    000001fc     sysbios.aem4f : BIOS.obj (.text:ti_sysbios_family_arm_m3_Hwi_excHandlerMax__I)
                  000036d4    000001f4     stk.aem4f : sock.oem4f (.text:SockRecv)
                  000038c8    000001e8     eth_network.obj (.text:tcpHandler)
                  00003ab0    000001b8     drivers_tivaware.aem4f : EMACSnow.oem4f (.text:EMACSnow_NIMUInit)
                  00003c68    000001b6     rtsv7M4_T_le_v4SPD16_eabi.lib : fd_add_t2.obj (.text)
                  00003e1e    00000002     hal_userled_stub.aem4f : llled.oem4f (.text:LED_TOGGLE)
                  00003e20    000001b0     stk.aem4f : lliout.oem4f (.text:LLITxIpPacket)
                  00003fd0    000001ac               : lliin.oem4f (.text:LLIRxPacket)
                  0000417c    0000019c     os.aem4f : mem.oem4f (.text:mmAlloc)
                  00004318    00000198     stk.aem4f : igmp.oem4f (.text:IGMPInput)
                  000044b0    00000190               : sock.oem4f (.text:SockNew)
                  00004640    0000018c     main.obj (.text:rmsCalc_Task)
                  000047cc    00000174     netctrl_min_ipv4.aem4f : netctrl.oem4f (.text:NC_NetStart)
                  00004940    00000174     sysbios.aem4f : BIOS.obj (.text:ti_sysbios_family_arm_m3_Hwi_excBusFault__I)
                  00004ab4    00000170     stk.aem4f : rtc.oem4f (.text:RTCReport)
                  00004c24    00000170     rtsv7M4_T_le_v4SPD16_eabi.lib : e_sqrt.obj (.text)
                  00004d94    0000016a     stk.aem4f : sb.oem4f (.text:SBRead)
                  00004efe    00000002               : nat.oem4f (.text:NatMsg)
                  00004f00    00000164     sysbios.aem4f : BIOS.obj (.text:ti_sysbios_family_arm_m3_Hwi_excUsageFault__I)
                  00005064    00000160     stk.aem4f : sock.oem4f (.text:SockConnect)
                  000051c4    00000158     nettool_ipv4.aem4f : dhcpmain.oem4f (.text:DHCPOpen)
                  0000531c    00000150     drivers_tivaware.aem4f : GPIOTiva.oem4f (.text:GPIO_setConfig)
                  0000546c    00000004     driverlib.lib : adc.obj (.text:ADCIntClearEx)
                  00005470    00000150     sysbios.aem4f : BIOS.obj (.text:ti_sysbios_knl_Task_Instance_finalize__E)
                  000055c0    00000148                   : BIOS.obj (.text:ti_sysbios_family_arm_m3_Hwi_excMemFault__I)
                  00005708    00000144     stk.aem4f : bind.oem4f (.text:BindNew)
                  0000584c    00000140               : tcp.oem4f (.text:TcpTimeoutCheck)
                  0000598c    0000013c     nettool_ipv4.aem4f : config.oem4f (.text:CfgAddEntry)
                  00005ac8    0000013c     stk.aem4f : sockint.oem4f (.text:SockNotify)
                  00005c04    0000013c               : sock.oem4f (.text:SockSend)
                  00005d40    00000138     sysbios.aem4f : BIOS.obj (.text:ti_sysbios_knl_Semaphore_pend__E)
                  00005e78    00000136     rtsv7M4_T_le_v4SPD16_eabi.lib : fd_div_t2.obj (.text)
                  00005fae    00000002     os.aem4f : task.oem4f (.text:_TaskInit)
                  00005fb0    00000134     stk.aem4f : icmp.oem4f (.text:ICMPGenPacket)
                  000060e4    00000130     driverlib.lib : gpio.obj (.text:GPIOPadConfigSet)
                  00006214    0000012c     EK_TM4C1294XL.obj (.text:EK_TM4C1294XL_initEMAC)
                  00006340    00000124     stk.aem4f : sockpcb.oem4f (.text:SockPcbResolve)
                  00006464    00000124               : udp.oem4f (.text:UdpOutput)
                  00006588    00000124     RTOS_config_pem4f.oem4f (.text:ti_ndk_config_Global_stackThread)
                  000066ac    00000118     stk.aem4f : tcpout.oem4f (.text:TcpGenPacket)
                  000067c4    00000118     ti.targets.arm.rtsarm.aem4f : Error.oem4f (.text:xdc_runtime_Error_policyDefault__E)
                  000068dc    00000114     stk.aem4f : nimu.oem4f (.text:NIMUIoctl)
                  000069f0    00000110               : node.oem4f (.text:NodeTreeFree)
                  00006b00    00000110               : raw.oem4f (.text:RawInput)
                  00006c10    0000010c               : rtable.oem4f (.text:RtFind)
                  00006d1c    0000010a               : route.oem4f (.text:RtCreate)
                  00006e26    00000002     os.aem4f : task.oem4f (.text:_TaskShutdown)
                  00006e28    00000108     drivers_tivaware.aem4f : EMACSnow.oem4f (.text:EMACSnow_emacStart)
                  00006f30    00000108     sysbios.aem4f : BIOS.obj (.text:ti_sysbios_family_arm_lm4_Timer_start__E)
                  00007038    00000104     os.aem4f : task.oem4f (.text:llEnter)
                  0000713c    00000102     nettool_ipv4.aem4f : dhcppkt.oem4f (.text:dhcpPacketProcess)
                  0000723e    00000102                        : inetaddr.oem4f (.text:inet_aton)
                  00007340    00000100     stk.aem4f : igmp.oem4f (.text:IGMPSendReply)
                  00007440    00000100     adc_sample.obj (.text:adcPinConfig)
                  00007540    00000100     ti.targets.arm.rtsarm.aem4f : Core-mem.oem4f (.text:xdc_runtime_Core_createObject__I)
                  00007640    000000fc     netctrl_min_ipv4.aem4f : netctrl.oem4f (.text:NetScheduler)
                  0000773c    000000fc     rtsv7M4_T_le_v4SPD16_eabi.lib : fd_mul_t2.obj (.text)
                  00007838    000000f8     adc_sample.obj (.text:ADC_init)
                  00007930    000000f8     stk.aem4f : pipe.oem4f (.text:PipeRecv)
                  00007a28    000000f8     ti.targets.arm.rtsarm.aem4f : Startup.oem4f (.text:xdc_runtime_Startup_startMods__I)
                  00007b20    000000f8     RTOS_config_pem4f.oem4f (.text:xdc_runtime_System_printfExtend__I)
                  00007c18    000000f4     os.aem4f : task.oem4f (.text:TaskGetEnv)
                  00007d0c    000000f4     sysbios.aem4f : m3_Hwi_asm.obj (.text:ti_sysbios_family_arm_m3_Hwi_dispatch__I)
                  00007e00    000000f4                   : BIOS.obj (.text:ti_sysbios_knl_Task_Instance_init__E)
                  00007ef4    000000f0     stk.aem4f : lliout.oem4f (.text:LLIGenArpPacket)
                  00007fe4    000000f0               : sock.oem4f (.text:SockClose)
                  000080d4    00000004               : bind.oem4f (.text:BindGetIF)
                  000080d8    000000ec     sysbios.aem4f : BIOS.obj (.text:ti_sysbios_knl_Task_postInit__I)
                  000081c4    000000e8     adc_sample.obj (.text:DMA_init)
                  000082ac    000000e8     os.aem4f : task.oem4f (.text:TaskSetEnv)
                  00008394    000000e0     stk.aem4f : tcptime.oem4f (.text:TcpTimeoutRexmt)
                  00008474    000000dc               : sb.oem4f (.text:SBWrite)
                  00008550    000000dc     nettool_ipv4.aem4f : dhcpsock.oem4f (.text:dhcpSocketOpen)
                  0000862c    000000dc                        : dhcpsm.oem4f (.text:dhcpState)
                  00008708    000000d8     stk.aem4f : node.oem4f (.text:NodeAdd)
                  000087e0    000000d8               : tcpprot.oem4f (.text:TcpPrSetOption)
                  000088b8    000000d4     drivers_tivaware.aem4f : EMACSnow.oem4f (.text:EMACSnow_handleRx)
                  0000898c    000000d4     stk.aem4f : sockpcb.oem4f (.text:SockPcbBind)
                  00008a60    000000d1               : nimu.oem4f (.text:NIMUReceivePacket)
                  00008b31    00000001     --HOLE-- [fill = 0]
                  00008b32    00000002     hal_ser_stub.aem4f : llserstb.oem4f (.text:_llSerialServiceCheck)
                  00008b34    000000cc     stk.aem4f : icmp.oem4f (.text:ICMPSendRtAdv)
                  00008c00    000000cc     nettool_ipv4.aem4f : dhcpbild.oem4f (.text:dhcpBuildHeader)
                  00008ccc    000000cc                        : dhcpsm.oem4f (.text:dhcpIPAdd)
                  00008d98    000000cc                        : dhcppkt.oem4f (.text:dhcpVerifyMessage)
                  00008e64    00000004     stk.aem4f : bind.oem4f (.text:BindGetNext)
                  00008e68    000000cc     sysbios.aem4f : BIOS.obj (.text:ti_sysbios_heaps_HeapMem_alloc__E)
                  00008f34    000000cc     ti.targets.arm.rtsarm.aem4f : Core-smem.oem4f (.text:xdc_runtime_Core_constructObject__I)
                  00009000    000000c8     stk.aem4f : rawethsock.oem4f (.text:RawEthSockNew)
                  000090c8    000000c8     netctrl_min_ipv4.aem4f : netsrv.oem4f (.text:SPIpNet)
                  00009190    000000c8     eth_network.obj (.text:tcpWorker)
                  00009258    000000c8     sysbios.aem4f : BIOS.obj (.text:ti_sysbios_knl_Task_sleep__E)
                  00009320    000000c4     drivers_tivaware.aem4f : EMACSnow.oem4f (.text:EMACSnow_InitDMADescriptors)
                  000093e4    000000c4     stk.aem4f : igmp.oem4f (.text:IGMPJoinHostGroup)
                  000094a8    000000c4     nettool_ipv4.aem4f : dhcpsm.oem4f (.text:StateBound)
                  0000956c    000000bc     stk.aem4f : sockpcb.oem4f (.text:SockPcbFind)
                  00009628    000000bc               : vlan.oem4f (.text:VLANDeinit)
                  000096e4    00000004     os.aem4f : ossys.oem4f (.text:NDK_vsprintf)
                  000096e8    000000bc     sysbios.aem4f : BIOS.obj (.text:ti_sysbios_family_arm_m3_Hwi_excDebugMon__I)
                  000097a4    00000004     stk.aem4f : node.oem4f (.text:NodeSetRt)
                  000097a8    000000bc     sysbios.aem4f : BIOS.obj (.text:ti_sysbios_family_arm_m3_Hwi_excHardFault__I)
                  00009864    000000b8     EK_TM4C1294XL.obj (.text:EK_TM4C1294XL_initGeneral)
                  0000991c    000000b8     stk.aem4f : icmpin.oem4f (.text:ICMPRevSrcRoute)
                  000099d4    000000b8               : lli.oem4f (.text:_LLITimeoutCheck)
                  00009a8c    00000004               : rawethsock_prot.oem4f (.text:RawEthSockPrAttach)
                  00009a90    000000b8     sysbios.aem4f : BIOS.obj (.text:ti_sysbios_knl_Task_exit__E)
                  00009b48    000000b4     stk.aem4f : tcptime.oem4f (.text:TcpTimeoutKeep)
                  00009bfc    00000004               : rawethsock_prot.oem4f (.text:RawEthSockPrDetach)
                  00009c00    000000b4     sysbios.aem4f : BIOS.obj (.text:ti_sysbios_knl_Task_checkStacks__E)
                  00009cb4    000000b0     stk.aem4f : rawethsock.oem4f (.text:RawEthSockSet)
                  00009d64    000000ac               : rtable.oem4f (.text:RtTimeoutCheck)
                  00009e10    000000ac     RTOS_config_pem4f.oem4f (.text:ti_ndk_config_ip_init)
                  00009ebc    00000004     os.aem4f : semaphore.oem4f (.text:SemPend)
                  00009ec0    000000ac     sysbios.aem4f : BIOS.obj (.text:ti_sysbios_family_arm_lm4_Timer_enableTiva__I)
                  00009f6c    000000a8     stk.aem4f : sockint.oem4f (.text:SockCreatePacket)
                  0000a014    00000004     os.aem4f : semaphore.oem4f (.text:SemPost)
                  0000a018    000000a4     sysbios.aem4f : BIOS.obj (.text:ti_sysbios_knl_Task_setPri__E)
                  0000a0bc    000000a0     stk.aem4f : ip.oem4f (.text:IPGetRoute)
                  0000a15c    000000a0     auto_init.aem4f : auto_init.oem4f (.text)
                  0000a1fc    000000a0     ti.targets.arm.rtsarm.aem4f : Text.oem4f (.text:xdc_runtime_Text_putMod__E)
                  0000a29c    0000009e     stk.aem4f : nimu.oem4f (.text:NIMUAddEthernetHeader)
                  0000a33a    0000009e     nettool_ipv4.aem4f : dhcpbild.oem4f (.text:dhcpBuildRequest)
                  0000a3d8    0000009c     stk.aem4f : exec.oem4f (.text:ExecOpen)
                  0000a474    0000009c     rtsv7M4_T_le_v4SPD16_eabi.lib : memcpy_t2.obj (.text)
                  0000a510    0000009c     sysbios.aem4f : BIOS.obj (.text:ti_sysbios_knl_Task_schedule__I)
                  0000a5ac    0000009a     ti.targets.arm.rtsarm.aem4f : Text.oem4f (.text:xdc_runtime_Text_putSite__E)
                  0000a646    00000002     hal_ser_stub.aem4f : llserstb.oem4f (.text:_llSerialShutdown)
                  0000a648    00000098     netctrl_min_ipv4.aem4f : netctrl.oem4f (.text:NC_SystemOpen)
                  0000a6e0    00000098                            : netsrv.oem4f (.text:ServiceScan)
                  0000a778    00000098     Boot.aem4f : Boot.oem4f (.text:ti_catalog_arm_cortexm4_tiva_ce_Boot_sysCtlClockFreqSet__E)
                  0000a810    00000094     nettool_ipv4.aem4f : config.oem4f (.text:CfgRemoveEntry)
                  0000a8a4    00000004     os.aem4f : semaphore.oem4f (.text:SemReset)
                  0000a8a8    00000094     sysbios.aem4f : BIOS.obj (.text:ti_sysbios_family_arm_m3_Hwi_Instance_init__E)
                  0000a93c    00000004     os.aem4f : task.oem4f (.text:TaskSelf)
                  0000a940    00000094     sysbios.aem4f : BIOS.obj (.text:ti_sysbios_family_arm_m3_Hwi_initNVIC__E)
                  0000a9d4    00000090     nettool_ipv4.aem4f : config.oem4f (.text:CfgExecute)
                  0000aa64    00000090     stk.aem4f : igmp.oem4f (.text:IGMPMsg)
                  0000aaf4    00000090     os.aem4f : mem.oem4f (.text:mmBulkAlloc)
                  0000ab84    00000004              : task.oem4f (.text:TaskSetPri)
                  0000ab88    00000090     sysbios.aem4f : BIOS.obj (.text:ti_sysbios_knl_Task_Module_startup__E)
                  0000ac18    00000090                   : BIOS.obj (.text:ti_sysbios_knl_Task_startCore__E)
                  0000aca8    0000008c     drivers_tivaware.aem4f : GPIOTiva.oem4f (.text:GPIO_init)
                  0000ad34    0000008c     stk.aem4f : ip.oem4f (.text:IPMsg)
                  0000adc0    0000008c     os.aem4f : mem.oem4f (.text:_mmInit)
                  0000ae4c    0000008c              : mem.oem4f (.text:mmInitPage)
                  0000aed8    0000008c     sysbios.aem4f : m3_TaskSupport_asm.obj (.text:ti_sysbios_family_arm_m3_TaskSupport_buildTaskStack)
                  0000af64    0000008a     netctrl_min_ipv4.aem4f : netsrv.oem4f (.text:SPRoute)
                  0000afee    00000002     hal_userled_stub.aem4f : llled.oem4f (.text:_llUserLedInit)
                  0000aff0    00000088     netctrl_min_ipv4.aem4f : netsrv.oem4f (.text:ServiceSpawn)
                  0000b078    00000088     stk.aem4f : sockpcb.oem4f (.text:SockPcbCtlError)
                  0000b100    00000086     nettool_ipv4.aem4f : dhcpsm.oem4f (.text:StateRequesting)
                  0000b186    00000086     rtsv7M4_T_le_v4SPD16_eabi.lib : fd_cmp_t2.obj (.text:__aeabi_cdrcmple)
                  0000b20c    00000084     adc_sample.obj (.text:ADC_Seq1_ISR)
                  0000b290    00000084     nettool_ipv4.aem4f : config.oem4f (.text:CfgGetEntry)
                  0000b314    00000084     drivers_tivaware.aem4f : EMACSnow.oem4f (.text:EMACSnow_processPhyInterrupt)
                  0000b398    00000084     stk.aem4f : tcpprot.oem4f (.text:TcpPrAttach)
                  0000b41c    00000084     os.aem4f : mem.oem4f (.text:mmBulkFree)
                  0000b4a0    00000084              : mem.oem4f (.text:mmFree)
                  0000b524    00000004     driverlib.lib : timer.obj (.text:TimerADCEventSet)
                  0000b528    00000084     sysbios.aem4f : BIOS.obj (.text:ti_sysbios_family_arm_m3_Hwi_postInit__I)
                  0000b5ac    00000084     driverlib.lib : udma.obj (.text:uDMAChannelTransferSet)
                  0000b630    00000082     nettool_ipv4.aem4f : dhcpsm.oem4f (.text:StateRenewRebind)
                  0000b6b2    00000002     hal_userled_stub.aem4f : llled.oem4f (.text:_llUserLedShutdown)
                  0000b6b4    00000080     drivers_tivaware.aem4f : EMACSnow.oem4f (.text:EMACSnow_emacStop)
                  0000b734    00000080                            : EMACSnow.oem4f (.text:EMACSnow_processPendingTx)
                  0000b7b4    00000080     stk.aem4f : lli.oem4f (.text:LLINew)
                  0000b834    00000080     netctrl_min_ipv4.aem4f : netsrv.oem4f (.text:NS_BootTask)
                  0000b8b4    00000080     stk.aem4f : pbm.oem4f (.text:PBM_alloc)
                  0000b934    00000080               : raw.oem4f (.text:RawOutput)
                  0000b9b4    0000007f     RTOS_config_pem4f.oem4f (.text:ti_ndk_config_Global_NetworkIPAddr)
                  0000ba33    00000001     --HOLE-- [fill = 0]
                  0000ba34    0000007e     stk.aem4f : fileuser.oem4f (.text:fdClose)
                  0000bab2    00000002     hal_ser_stub.aem4f : llserstb.oem4f (.text:llSerialService)
                  0000bab4    0000007c     adc_sample.obj (.text:ADC_Seq0_ISR)
                  0000bb30    0000007c     nettool_ipv4.aem4f : config.oem4f (.text:CfgGetNextEntry)
                  0000bbac    0000007c     drivers_tivaware.aem4f : EMACSnow.oem4f (.text:EMACSnow_hwiIntFxn)
                  0000bc28    0000007c     stk.aem4f : igmp.oem4f (.text:IGMPDoMCast)
                  0000bca4    0000007c               : igmp.oem4f (.text:IGMPJoin)
                  0000bd20    0000007c               : socket.oem4f (.text:NDK_setsockopt)
                  0000bd9c    0000007c               : nimu.oem4f (.text:NIMURegister)
                  0000be18    0000007c               : pbm.oem4f (.text:PBM_free)
                  0000be94    00000004     hal_ser_stub.aem4f : llserstb.oem4f (.text:_llSerialInit)
                  0000be98    0000007c     sysbios.aem4f : BIOS.obj (.text:ti_sysbios_heaps_HeapMem_free__E)
                  0000bf14    0000007a     driverlib.lib : adc.obj (.text:ADCSequenceStepConfigure)
                  0000bf8e    0000007a     stk.aem4f : sock.oem4f (.text:SockAccept)
                  0000c008    0000007a     rtsv7M4_T_le_v4SPD16_eabi.lib : memset_t2.obj (.text)
                  0000c082    00000002                                   : i_div0.obj (.text)
                  0000c084    00000078     driverlib.lib : emac.obj (.text:EMACInit)
                  0000c0fc    00000078     stk.aem4f : socket.oem4f (.text:NDK_sendto)
                  0000c174    00000078               : tcptime.oem4f (.text:TcpXmitTimer)
                  0000c1ec    00000078               : fileuser.oem4f (.text:fdOpenSession)
                  0000c264    00000078     os.aem4f : task.oem4f (.text:llExit)
                  0000c2dc    00000076     stk.aem4f : pipe.oem4f (.text:PipeSend)
                  0000c352    00000002     RTOS_config_pem4f.oem4f (.text:ti_ndk_config_Global_NetworkClose)
                  0000c354    00000075     stk.aem4f : tcptime.oem4f (.text:TcpTimeoutSackRexmt)
                  0000c3c9    00000001     --HOLE-- [fill = 0]
                  0000c3ca    00000002     RTOS_config_pem4f.oem4f (.text:ti_sysbios_BIOS_nullFunc__I)
                  0000c3cc    00000074     stk.aem4f : igmp.oem4f (.text:IGMPLeaveHostGroup)
                  0000c440    00000074               : nimu.oem4f (.text:NIMUShutdown)
                  0000c4b4    00000074               : raweth.oem4f (.text:RawEthRxPacket)
                  0000c528    00000074               : sockpcb.oem4f (.text:SockPcbConnect)
                  0000c59c    00000074     eth_network.obj (.text:netOpenHook)
                  0000c610    00000072     os.aem4f : semaphore.oem4f (.text:SemCreateBinary)
                  0000c682    00000070     stk.aem4f : socket.oem4f (.text:NDK_accept)
                  0000c6f2    00000070               : socket.oem4f (.text:NDK_send)
                  0000c762    00000002     RTOS_config_pem4f.oem4f (.text:xdc_runtime_Startup_reset__I)
                  0000c764    00000070     stk.aem4f : rtable.oem4f (.text:RtFlush)
                  0000c7d4    00000070     netctrl_min_ipv4.aem4f : netsrv.oem4f (.text:SPConfig)
                  0000c844    00000070     stk.aem4f : sock.oem4f (.text:SockShutdown)
                  0000c8b4    00000070     nettool_ipv4.aem4f : dhcptags.oem4f (.text:dhcpDecodeType)
                  0000c924    0000006e     stk.aem4f : socket.oem4f (.text:NDK_recv)
                  0000c992    00000002     --HOLE-- [fill = 0]
                  0000c994    0000006e               : rtable.oem4f (.text:RtWalkNext)
                  0000ca02    0000006e               : sockpcb.oem4f (.text:SockPcbFindRaw)
                  0000ca70    0000006e     rtsv7M4_T_le_v4SPD16_eabi.lib : fd_tos_t2.obj (.text)
                  0000cade    00000002     --HOLE-- [fill = 0]
                  0000cae0    0000006d     stk.aem4f : node.oem4f (.text:NodeNew)
                  0000cb4d    00000003     --HOLE-- [fill = 0]
                  0000cb50    0000006d     ti.targets.arm.rtsarm.aem4f : System.oem4f (.text:xdc_runtime_System_formatNum__I)
                  0000cbbd    00000003     --HOLE-- [fill = 0]
                  0000cbc0    0000006c     os.aem4f : ossys.oem4f (.text:DbgPrintf)
                  0000cc2c    0000006c     stk.aem4f : node.oem4f (.text:NodeTreeNew)
                  0000cc98    0000006c               : raweth.oem4f (.text:RawEthTxPacket)
                  0000cd04    0000006c               : udp.oem4f (.text:UdpChecksum)
                  0000cd70    0000006c     sysbios.aem4f : BIOS.obj (.text:ti_sysbios_knl_Clock_workFunc__E)
                  0000cddc    00000004     stk.aem4f : listlib.oem4f (.text:list_get_head)
                  0000cde0    0000006c     sysbios.aem4f : BIOS.obj (.text:ti_sysbios_knl_Swi_restoreHwi__E)
                  0000ce4c    0000006c     ti.targets.arm.rtsarm.aem4f : Error.oem4f (.text:xdc_runtime_Error_print__E)
                  0000ceb8    0000006c                                 : Memory.oem4f (.text:xdc_runtime_Memory_alloc__E)
                  0000cf24    0000006a     stk.aem4f : tcpprot.oem4f (.text:TcpPrInherit)
                  0000cf8e    00000002     --HOLE-- [fill = 0]
                  0000cf90    00000068     driverlib.lib : interrupt.obj (.text:IntEnable)
                  0000cff8    00000068     stk.aem4f : socket.oem4f (.text:NDK_socket)
                  0000d060    00000068               : pbm.oem4f (.text:PBM_open)
                  0000d0c8    00000068               : sock.oem4f (.text:SockListen)
                  0000d130    00000068     adc_sample.obj (.text:TIMER_ADC_init)
                  0000d198    00000068     stk.aem4f : rtable.oem4f (.text:_RtNodeInsert)
                  0000d200    00000068     rtsv7M4_T_le_v4SPD16_eabi.lib : copy_decompress_lzss.obj (.text:decompress:lzss)
                  0000d268    00000068                                   : trgmsg.obj (.text)
                  0000d2d0    00000066     ti.targets.arm.rtsarm.aem4f : Core-mem.oem4f (.text:xdc_runtime_Core_deleteObject__I)
                  0000d336    00000002     --HOLE-- [fill = 0]
                  0000d338    00000064     nettool_ipv4.aem4f : config.oem4f (.text:CfgFree)
                  0000d39c    00000064     drivers_tivaware.aem4f : GPIOTiva.oem4f (.text:GPIO_hwiIntFxn)
                  0000d400    00000064     stk.aem4f : pbm.oem4f (.text:PBMQ_enq)
                  0000d464    00000064               : sockint.oem4f (.text:SockSpawnAbort)
                  0000d4c8    00000064     hal_timer_bios.aem4f : lltimer.oem4f (.text:llTimerTick)
                  0000d52c    00000004     stk.aem4f : listlib.oem4f (.text:list_get_next)
                  0000d530    00000064     sysbios.aem4f : BIOS.obj (.text:ti_sysbios_family_arm_lm4_Timer_Module_startup__E)
                  0000d594    00000064     RTOS_config_pem4f.oem4f (.text:ti_sysbios_family_arm_m3_Hwi_create)
                  0000d5f8    00000064     sysbios.aem4f : BIOS.obj (.text:ti_sysbios_family_arm_m3_Hwi_dispatchC__I)
                  0000d65c    00000004     RTOS_config_pem4f.oem4f (.text:ti_ndk_config_Global_NetworkOpen)
                  0000d660    00000064     sysbios.aem4f : BIOS.obj (.text:ti_sysbios_knl_Semaphore_post__E)
                  0000d6c4    00000064     stk.aem4f : lliin.oem4f (.text:updateRtTable)
                  0000d728    00000062               : ipin.oem4f (.text:IPRouteIP)
                  0000d78a    00000002     --HOLE-- [fill = 0]
                  0000d78c    00000062               : sb.oem4f (.text:SBNew)
                  0000d7ee    00000002     --HOLE-- [fill = 0]
                  0000d7f0    00000060     nettool_ipv4.aem4f : config.oem4f (.text:CfgGetEntryCnt)
                  0000d850    00000060     stk.aem4f : file.oem4f (.text:FdWaitEvent)
                  0000d8b0    00000060               : nimu.oem4f (.text:NIMUUnregister)
                  0000d910    00000060               : node.oem4f (.text:NodeFind)
                  0000d970    00000060               : rtc.oem4f (.text:RTCMsg)
                  0000d9d0    00000060               : tcp.oem4f (.text:TcpChecksum)
                  0000da30    00000060     driverlib.lib : timer.obj (.text:TimerConfigure)
                  0000da90    00000060     nettool_ipv4.aem4f : dhcptags.oem4f (.text:dhcpBuildOptions)
                  0000daf0    0000005e     stk.aem4f : route.oem4f (.text:RtRemove)
                  0000db4e    0000005e     nettool_ipv4.aem4f : dhcpsm.oem4f (.text:StateSelecting)
                  0000dbac    0000005e     stk.aem4f : vlan.oem4f (.text:VLANReceivePacket)
                  0000dc0a    00000002     --HOLE-- [fill = 0]
                  0000dc0c    0000005c     nettool_ipv4.aem4f : config.oem4f (.text:CfgSetExecuteOrder)
                  0000dc68    0000005c     stk.aem4f : nimu.oem4f (.text:NIMUIoctlSpecialCmd)
                  0000dcc4    0000005c     netctrl_min_ipv4.aem4f : netsrv.oem4f (.text:SPService)
                  0000dd20    0000005c     RTOS_config_pem4f.oem4f (.text:ti_sysbios_knl_Swi_create)
                  0000dd7c    00000004     RTOS_config_pem4f.oem4f (.text:ti_sysbios_BIOS_RtsGateProxy_enter__E)
                  0000dd80    0000005c     sysbios.aem4f : BIOS.obj (.text:ti_sysbios_knl_Swi_run__I)
                  0000dddc    00000004     RTOS_config_pem4f.oem4f (.text:ti_sysbios_BIOS_RtsGateProxy_leave__E)
                  0000dde0    0000005c     sysbios.aem4f : BIOS.obj (.text:ti_sysbios_knl_Swi_schedule__I)
                  0000de3c    0000005c     RTOS_config_pem4f.oem4f (.text:ti_sysbios_knl_Task_create)
                  0000de98    0000005c     sysbios.aem4f : BIOS.obj (.text:ti_sysbios_knl_Task_unblockI__E)
                  0000def4    0000005b     ti.targets.arm.rtsarm.aem4f : Text.oem4f (.text:xdc_runtime_Text_putLab__E)
                  0000df4f    00000001     --HOLE-- [fill = 0]
                  0000df50    0000005a     stk.aem4f : route.oem4f (.text:RtRedirect)
                  0000dfaa    0000005a               : tcpprot.oem4f (.text:TcpValidateMetrics)
                  0000e004    0000005a     nettool_ipv4.aem4f : dhcpbild.oem4f (.text:dhcpBuildDecline)
                  0000e05e    0000005a     os.aem4f : mem.oem4f (.text:mmCopy)
                  0000e0b8    0000005a     RTOS_config_pem4f.oem4f (.text:ti_ndk_config_tcp_init)
                  0000e112    00000002     --HOLE-- [fill = 0]
                  0000e114    00000058     stk.aem4f : bind.oem4f (.text:BindFree)
                  0000e16c    00000058     boot.aem4f : boot.oem4f (.text)
                  0000e1c4    00000058     driverlib.lib : emac.obj (.text:EMACPHYConfigSet)
                  0000e21c    00000058     stk.aem4f : igmp.oem4f (.text:IGMPTimer)
                  0000e274    00000058     os.aem4f : semaphore.oem4f (.text:SemCreate)
                  0000e2cc    00000058     driverlib.lib : timer.obj (.text:TimerControlTrigger)
                  0000e324    00000058     sysbios.aem4f : m3_Hwi_asm_switch.obj (.text:ti_sysbios_family_arm_m3_Hwi_initStacks__E)
                  0000e37c    00000056     driverlib.lib : gpio.obj (.text:GPIOIntTypeSet)
                  0000e3d2    00000002     --HOLE-- [fill = 0]
                  0000e3d4    00000054     nettool_ipv4.aem4f : config.oem4f (.text:CfgEntryDeRef)
                  0000e428    00000054     stk.aem4f : igmp.oem4f (.text:IGMPLeave)
                  0000e47c    00000054               : rawethsock_pcb.oem4f (.text:RawEthSockPcbAttach)
                  0000e4d0    00000054               : sockpcb.oem4f (.text:SockCleanPcb)
                  0000e524    00000054               : tcptime.oem4f (.text:TcpTimeoutPersist)
                  0000e578    00000054     rtsv7M4_T_le_v4SPD16_eabi.lib : exit.obj (.text)
                  0000e5cc    00000004     sysbios.aem4f : BIOS.obj (.text:ti_sysbios_family_arm_lm4_Timer_masterEnable__I)
                  0000e5d0    00000054                   : BIOS.obj (.text:ti_sysbios_family_arm_lm4_Timer_initDevice__I)
                  0000e624    00000004     RTOS_config_pem4f.oem4f (.text:ti_sysbios_family_arm_m3_Hwi_delete)
                  0000e628    00000054     sysbios.aem4f : BIOS.obj (.text:ti_sysbios_knl_Swi_Instance_init__E)
                  0000e67c    00000054     ti.targets.arm.rtsarm.aem4f : Assert.oem4f (.text:xdc_runtime_Assert_raise__I)
                  0000e6d0    00000052     stk.aem4f : tcpprot.oem4f (.text:TcpPrDetach)
                  0000e722    00000002     --HOLE-- [fill = 0]
                  0000e724    00000050     drivers_tivaware.aem4f : GPIOTiva.oem4f (.text:GPIO_setCallback)
                  0000e774    00000050                            : GPIOTiva.oem4f (.text:GPIO_toggle)
                  0000e7c4    00000050     stk.aem4f : socket.oem4f (.text:NDK_bind)
                  0000e814    00000050               : route.oem4f (.text:RtNew)
                  0000e864    00000050     driverlib.lib : sysctl.obj (.text:SysCtlPeripheralReset)
                  0000e8b4    00000050     Boot.aem4f : Boot_sysctl.oem4f (.text:_SysCtlFrequencyGet)
                  0000e904    00000004     RTOS_config_pem4f.oem4f (.text:ti_sysbios_family_arm_m3_TaskSupport_Module__startupDone__S)
                  0000e908    00000050     sysbios.aem4f : BIOS.obj (.text:ti_sysbios_family_arm_m3_Hwi_Module_startup__E)
                  0000e958    00000050                   : BIOS.obj (.text:ti_sysbios_knl_Clock_Instance_init__E)
                  0000e9a8    00000050     ti.targets.arm.rtsarm.aem4f : Startup.oem4f (.text:xdc_runtime_Startup_exec__E)
                  0000e9f8    00000050                                 : Text.oem4f (.text:xdc_runtime_Text_visitRope2__I)
                  0000ea48    0000004e     stk.aem4f : node.oem4f (.text:NodeDeRef)
                  0000ea96    0000004e     nettool_ipv4.aem4f : config.oem4f (.text:_CfgEntryScan)
                  0000eae4    0000004c                        : ipaddr.oem4f (.text:NtAddNetwork)
                  0000eb30    0000004c     stk.aem4f : sockint.oem4f (.text:SockValidateRoute)
                  0000eb7c    0000004c     rtsv7M4_T_le_v4SPD16_eabi.lib : cpy_tbl.obj (.text)
                  0000ebc8    0000004c     sysbios.aem4f : BIOS.obj (.text:ti_sysbios_heaps_HeapMem_getStats__E)
                  0000ec14    00000004     RTOS_config_pem4f.oem4f (.text:ti_sysbios_heaps_HeapMem_Module_GateProxy_enter__E)
                  0000ec18    0000004c     sysbios.aem4f : BIOS.obj (.text:ti_sysbios_knl_Swi_runLoop__I)
                  0000ec64    00000004     RTOS_config_pem4f.oem4f (.text:ti_sysbios_heaps_HeapMem_Module_GateProxy_leave__E)
                  0000ec68    0000004c     sysbios.aem4f : BIOS.obj (.text:ti_sysbios_knl_Task_allBlockedFunction__I)
                  0000ecb4    0000004b     main.obj (.text:main)
                  0000ecff    00000001     --HOLE-- [fill = 0]
                  0000ed00    0000004a     netctrl_min_ipv4.aem4f : netsrv.oem4f (.text:ServiceKill)
                  0000ed4a    0000004a     stk.aem4f : sock.oem4f (.text:SockDisconnect)
                  0000ed94    0000004a               : timer.oem4f (.text:TimerNew)
                  0000edde    00000048     nettool_ipv4.aem4f : config.oem4f (.text:CfgNew)
                  0000ee26    00000002     --HOLE-- [fill = 0]
                  0000ee28    00000048     driverlib.lib : gpio.obj (.text:GPIOPinConfigure)
                  0000ee70    00000048     stk.aem4f : lli.oem4f (.text:LLIMsg)
                  0000eeb8    00000048               : node.oem4f (.text:NodeWalk)
                  0000ef00    00000048               : rawethsock_pcb.oem4f (.text:RawEthSockPcbDetach)
                  0000ef48    00000048               : sockpcb.oem4f (.text:SockPcbResolveChain)
                  0000ef90    00000048               : tcpprot.oem4f (.text:TcpDrop)
                  0000efd8    00000048               : lli.oem4f (.text:_LLIExpListInsert)
                  0000f020    00000048               : rtable.oem4f (.text:_RtExpListInsert)
                  0000f068    00000048     driverlib.lib : sysctl.obj (.text:_SysCtlFrequencyGet)
                  0000f0b0    00000048     stk.aem4f : file.oem4f (.text:fdint_lockfd)
                  0000f0f8    00000048     sysbios.aem4f : BIOS.obj (.text:ti_sysbios_family_arm_lm4_Timer_enableTimers__I)
                  0000f140    00000048                   : BIOS.obj (.text:ti_sysbios_family_arm_m3_Hwi_disableInterrupt__E)
                  0000f188    00000048                   : BIOS.obj (.text:ti_sysbios_family_arm_m3_Hwi_enableInterrupt__E)
                  0000f1d0    00000048                   : BIOS.obj (.text:ti_sysbios_family_arm_m3_Hwi_excReserved__I)
                  0000f218    00000048                   : BIOS.obj (.text:ti_sysbios_knl_Task_deleteTerminatedTasksFunc__I)
                  0000f260    00000048     driverlib.lib : udma.obj (.text:uDMAChannelAttributeDisable)
                  0000f2a8    00000048                   : udma.obj (.text:uDMAChannelAttributeEnable)
                  0000f2f0    00000046     nettool_ipv4.aem4f : ipaddr.oem4f (.text:NtIfIdx2Ip)
                  0000f336    00000046     stk.aem4f : rawethsock.oem4f (.text:RawEthSockSend)
                  0000f37c    00000046               : tcpprot.oem4f (.text:TcpPrCtlError)
                  0000f3c2    00000046     os.aem4f : mem.oem4f (.text:mmZeroInit)
                  0000f408    00000046     ti.targets.arm.rtsarm.aem4f : Core-params.oem4f (.text:xdc_runtime_Core_assignParams__I)
                  0000f44e    00000002     --HOLE-- [fill = 0]
                  0000f450    00000044     drivers_tivaware.aem4f : EMACSnow.oem4f (.text:EMACSnow_processTransmitted)
                  0000f494    00000044     stk.aem4f : icmp.oem4f (.text:ICMPChecksum)
                  0000f4d8    00000044               : ipfrag.oem4f (.text:IPReasmFree)
                  0000f51c    00000044               : lli.oem4f (.text:LLIGetValidTime)
                  0000f560    00000044               : rtable.oem4f (.text:RouteMsg)
                  0000f5a4    00000044               : rtable.oem4f (.text:RtWalkEnd)
                  0000f5e8    00000044               : sockpcb.oem4f (.text:SockPcbDetach)
                  0000f62c    00000044               : timer.oem4f (.text:TimerListInsert)
                  0000f670    00000044     hal_timer_bios.aem4f : lltimer.oem4f (.text:llTimerGetTime)
                  0000f6b4    00000004     RTOS_config_pem4f.oem4f (.text:ti_sysbios_knl_Clock_TimerProxy_getMaxTicks__E)
                  0000f6b8    00000044     sysbios.aem4f : BIOS.obj (.text:ti_sysbios_family_arm_lm4_Timer_isrStub__E)
                  0000f6fc    00000004     RTOS_config_pem4f.oem4f (.text:ti_sysbios_knl_Queue_destruct)
                  0000f700    00000044     sysbios.aem4f : BIOS.obj (.text:ti_sysbios_family_arm_m3_Hwi_getStackInfo__E)
                  0000f744    00000004     RTOS_config_pem4f.oem4f (.text:ti_sysbios_knl_Semaphore_delete)
                  0000f748    00000044     sysbios.aem4f : BIOS.obj (.text:ti_sysbios_knl_Swi_post__E)
                  0000f78c    00000044     ti.targets.arm.rtsarm.aem4f : Error.oem4f (.text:xdc_runtime_Error_setX__E)
                  0000f7d0    00000044                                 : SysMin.oem4f (.text:xdc_runtime_SysMin_flush__E)
                  0000f814    00000044                                 : Text.oem4f (.text:xdc_runtime_Text_xprintf__I)
                  0000f858    00000042     stk.aem4f : socket.oem4f (.text:NDK_listen)
                  0000f89a    00000042               : tcpprot.oem4f (.text:TcpPrSendOOB)
                  0000f8dc    00000042               : fileuser.oem4f (.text:fdCloseSession)
                  0000f91e    00000002     --HOLE-- [fill = 0]
                  0000f920    00000040               : lliin.oem4f (.text:LLIValidateRoute)
                  0000f960    00000040               : pbm.oem4f (.text:PBM_copy)
                  0000f9a0    00000040               : sockpcb.oem4f (.text:SockPcbRtChange)
                  0000f9e0    00000040               : tcpprot.oem4f (.text:TcpPrSend)
                  0000fa20    00000040     rtsv7M4_T_le_v4SPD16_eabi.lib : u_divt2.obj (.text)
                  0000fa60    00000040     sysbios.aem4f : BIOS.obj (.text:ti_sysbios_family_arm_lm4_Timer_startup__E)
                  0000faa0    00000040                   : BIOS.obj (.text:ti_sysbios_heaps_HeapMem_Instance_init__E)
                  0000fae0    0000003e     driverlib.lib : adc.obj (.text:ADCSequenceConfigure)
                  0000fb1e    0000003e     nettool_ipv4.aem4f : dhcpmain.oem4f (.text:DHCPClose)
                  0000fb5c    0000003e     stk.aem4f : nimu.oem4f (.text:NIMUAllocateName)
                  0000fb9a    0000003e     os.aem4f : task.oem4f (.text:TaskCreate)
                  0000fbd8    0000003e     stk.aem4f : tcpprot.oem4f (.text:TcpPrDisconnect)
                  0000fc16    0000003e               : file.oem4f (.text:fdint_unlockfd)
                  0000fc54    0000003c     nettool_ipv4.aem4f : config.oem4f (.text:CfgEntryGetData)
                  0000fc90    0000003c     driverlib.lib : emac.obj (.text:EMACIntDisable)
                  0000fccc    0000003c     stk.aem4f : node.oem4f (.text:NodeUpdatePL)
                  0000fd08    0000003c               : rtable.oem4f (.text:RtWalkBegin)
                  0000fd44    0000003c               : tcpprot.oem4f (.text:TcpPrConnect)
                  0000fd80    0000003c               : tcptime.oem4f (.text:TcpSetPersist)
                  0000fdbc    0000003c               : rtc.oem4f (.text:_RTCSendRtAdv)
                  0000fdf8    0000003c               : rtable.oem4f (.text:_RtNodeRemove)
                  0000fe34    0000003c     hal_timer_bios.aem4f : lltimer.oem4f (.text:_llTimerInit)
                  0000fe70    0000003c     sysbios.aem4f : BIOS.obj (.text:ti_sysbios_family_arm_m3_Hwi_excSvCall__I)
                  0000feac    00000004     RTOS_config_pem4f.oem4f (.text:ti_sysbios_knl_Semaphore_destruct)
                  0000feb0    0000003c     sysbios.aem4f : BIOS.obj (.text:ti_sysbios_heaps_HeapMem_init__I)
                  0000feec    00000004     RTOS_config_pem4f.oem4f (.text:ti_sysbios_knl_Swi_delete)
                  0000fef0    0000003c     sysbios.aem4f : BIOS.obj (.text:ti_sysbios_knl_Swi_restore__E)
                  0000ff2c    0000003a     driverlib.lib : emac.obj (.text:EMACIntEnable)
                  0000ff66    00000002     --HOLE-- [fill = 0]
                  0000ff68    00000038                   : emac.obj (.text:EMACConfigGet)
                  0000ffa0    00000038     stk.aem4f : ipfrag.oem4f (.text:IPReasmTimeout)
                  0000ffd8    00000038               : node.oem4f (.text:NodeGetRt)
                  00010010    00000038     driverlib.lib : sysctl.obj (.text:SysCtlPeripheralReady)
                  00010048    00000038     stk.aem4f : tcpprot.oem4f (.text:TcpClose)
                  00010080    00000038               : timer.oem4f (.text:TimerHSTick)
                  000100b8    00000038     nettool_ipv4.aem4f : dhcpbild.oem4f (.text:dhcpBuildDiscover)
                  000100f0    00000038                        : dhcptags.oem4f (.text:dhcpOptionsClear)
                  00010128    00000038     stk.aem4f : file.oem4f (.text:fdint_waitevent)
                  00010160    00000038     rtsv7M4_T_le_v4SPD16_eabi.lib : fs_tod_t2.obj (.text)
                  00010198    00000038     sysbios.aem4f : BIOS.obj (.text:ti_sysbios_family_arm_m3_Hwi_excNoIsr__I)
                  000101d0    00000038     RTOS_config_pem4f.oem4f (.text:ti_sysbios_knl_Clock_create)
                  00010208    00000038     sysbios.aem4f : BIOS.obj (.text:ti_sysbios_knl_Task_processVitalTaskFlag__I)
                  00010240    00000038     ti.targets.arm.rtsarm.aem4f : SysMin.oem4f (.text:xdc_runtime_SysMin_putch__E)
                  00010278    00000038                                 : System.oem4f (.text:xdc_runtime_System_atexit__E)
                  000102b0    00000036     stk.aem4f : ip.oem4f (.text:IPChecksum)
                  000102e6    00000002     --HOLE-- [fill = 0]
                  000102e8    00000034     nettool_ipv4.aem4f : config.oem4f (.text:CfgSetService)
                  0001031c    00000034     driverlib.lib : emac.obj (.text:EMACConfigSet)
                  00010350    00000034                   : emac.obj (.text:EMACIntClear)
                  00010384    00000034     drivers_tivaware.aem4f : EMACSnow.oem4f (.text:EMACSnow_emacPoll)
                  000103b8    00000034                            : EMACSnow.oem4f (.text:EMACSnow_isLinkUp)
                  000103ec    00000034                            : EMAC.oem4f (.text:EMAC_init)
                  00010420    00000034     stk.aem4f : exec.oem4f (.text:ExecClose)
                  00010454    00000034               : nimu.oem4f (.text:NIMUFindByName)
                  00010488    00000034               : nimu.oem4f (.text:NIMUInit)
                  000104bc    00000034               : rawethsock.oem4f (.text:RawEthSockNotify)
                  000104f0    00000034               : sockprot.oem4f (.text:SockPrCtlError)
                  00010524    00000034     driverlib.lib : sysctl.obj (.text:SysCtlPeripheralEnable)
                  00010558    00000034     os.aem4f : mem.oem4f (.text:mmUnInitPage)
                  0001058c    00000004     RTOS_config_pem4f.oem4f (.text:ti_sysbios_knl_Task_delete)
                  00010590    00000034     sysbios.aem4f : BIOS.obj (.text:ti_sysbios_family_arm_m3_Hwi_Instance_finalize__E)
                  000105c4    00000004     ti.targets.arm.rtsarm.aem4f : Error.oem4f (.text:xdc_runtime_Error_getMsg__E)
                  000105c8    00000034     sysbios.aem4f : BIOS.obj (.text:ti_sysbios_family_arm_m3_Hwi_excNmi__I)
                  000105fc    00000004     ti.targets.arm.rtsarm.aem4f : Error.oem4f (.text:xdc_runtime_Error_getSite__E)
                  00010600    00000034     sysbios.aem4f : BIOS.obj (.text:ti_sysbios_hal_Hwi_checkStack)
                  00010634    00000034     RTOS_config_pem4f.oem4f (.text:ti_sysbios_knl_Semaphore_create)
                  00010668    00000034     ti.targets.arm.rtsarm.aem4f : Core-label.oem4f (.text:xdc_runtime_Core_assignLabel__I)
                  0001069c    00000033                                 : Text.oem4f (.text:xdc_runtime_Text_printVisFxn__I)
                  000106cf    00000001     --HOLE-- [fill = 0]
                  000106d0    00000032     nettool_ipv4.aem4f : config.oem4f (.text:CfgGetImmediate)
                  00010702    00000032     stk.aem4f : route.oem4f (.text:RtDeRef)
                  00010734    00000032               : route.oem4f (.text:RtSetFailure)
                  00010766    00000032               : sb.oem4f (.text:SBFlush)
                  00010798    00000032               : sb.oem4f (.text:SBSetMax)
                  000107ca    00000032               : sock.oem4f (.text:SockIntAbort)
                  000107fc    00000032     nettool_ipv4.aem4f : config.oem4f (.text:_CfgAcquire)
                  0001082e    00000032                        : dhcpsm.oem4f (.text:dhcpIPRemove)
                  00010860    00000032     sysbios.aem4f : BIOS.obj (.text:ti_sysbios_hal_Hwi_initStack)
                  00010892    00000006     driverlib.lib : emac.obj (.text:EMACRxDMADescriptorListSet)
                  00010898    00000032     sysbios.aem4f : BIOS.obj (.text:ti_sysbios_knl_Semaphore_pendTimeout__I)
                  000108ca    00000030     driverlib.lib : emac.obj (.text:EMACAddrSet)
                  000108fa    00000002     --HOLE-- [fill = 0]
                  000108fc    00000030     drivers_tivaware.aem4f : EMACSnow.oem4f (.text:EMACSnow_handlePackets)
                  0001092c    00000030     netctrl_min_ipv4.aem4f : netsrv.oem4f (.text:NS_PreBoot)
                  0001095c    00000030     stk.aem4f : sock.oem4f (.text:SockBind)
                  0001098c    00000030               : sock.oem4f (.text:SockGetName)
                  000109bc    00000030     nettool_ipv4.aem4f : dhcpsock.oem4f (.text:dhcpPacketSend)
                  000109ec    00000030     stk.aem4f : listlib.oem4f (.text:list_remove_node)
                  00010a1c    00000030     RTOS_config_pem4f.oem4f (.text:ti_sysbios_BIOS_atExitFunc__I)
                  00010a4c    00000004     RTOS_config_pem4f.oem4f (.text:xdc_runtime_System_Module_GateProxy_enter__E)
                  00010a50    00000030     sysbios.aem4f : BIOS.obj (.text:ti_sysbios_family_arm_lm4_Timer_stop__E)
                  00010a80    00000030                   : BIOS.obj (.text:ti_sysbios_family_arm_m3_TaskSupport_start__E)
                  00010ab0    00000030     RTOS_config_pem4f.oem4f (.text:ti_sysbios_gates_GateHwi_Object__create__S)
                  00010ae0    00000030     RTOS_config_pem4f.oem4f (.text:ti_sysbios_gates_GateMutex_Object__create__S)
                  00010b10    00000030     sysbios.aem4f : BIOS.obj (.text:ti_sysbios_gates_GateMutex_enter__E)
                  00010b40    00000030     RTOS_config_pem4f.oem4f (.text:ti_sysbios_heaps_HeapMem_Object__create__S)
                  00010b70    00000030     RTOS_config_pem4f.oem4f (.text:ti_sysbios_knl_Semaphore_construct)
                  00010ba0    00000030     ti.targets.arm.rtsarm.aem4f : SysMin.oem4f (.text:xdc_runtime_SysMin_abort__E)
                  00010bd0    00000030                                 : System.oem4f (.text:xdc_runtime_System_processAtExit__E)
                  00010c00    0000002e     stk.aem4f : sb.oem4f (.text:SBFree)
                  00010c2e    0000002c     driverlib.lib : emac.obj (.text:EMACIntStatus)
                  00010c5a    0000002c     stk.aem4f : file.oem4f (.text:FdSignalEvent)
                  00010c86    00000002     --HOLE-- [fill = 0]
                  00010c88    0000002c               : igmp.oem4f (.text:IGMPTestGroup)
                  00010cb4    0000002c     os.aem4f : task.oem4f (.text:NDK_hookCreate)
                  00010ce0    0000002c     stk.aem4f : nimu.oem4f (.text:NIMUAllocateIndex)
                  00010d0c    0000002c               : nimu.oem4f (.text:NIMUPacketServiceCheck)
                  00010d38    0000002c               : pipe.oem4f (.text:PipeClose)
                  00010d64    0000002c               : sockpcb.oem4f (.text:SockPcbAttach)
                  00010d90    0000002c               : lli.oem4f (.text:_LLIExpListRemove)
                  00010dbc    0000002c               : lli.oem4f (.text:_LLITimeoutFlush)
                  00010de8    0000002c               : rtable.oem4f (.text:_RtExpListRemove)
                  00010e14    0000002c     RTOS_config_pem4f.oem4f (.text:ti_sysbios_knl_Clock_doTick__I)
                  00010e40    0000002c     RTOS_config_pem4f.oem4f (.text:ti_sysbios_knl_Queue_construct)
                  00010e6c    00000004     RTOS_config_pem4f.oem4f (.text:xdc_runtime_System_Module_GateProxy_leave__E)
                  00010e70    0000002c     sysbios.aem4f : BIOS.obj (.text:ti_sysbios_knl_Task_restore__E)
                  00010e9c    0000002c     driverlib.lib : udma.obj (.text:uDMAChannelAssign)
                  00010ec8    0000002c     ti.targets.arm.rtsarm.aem4f : Text.oem4f (.text:xdc_runtime_Text_cordText__E)
                  00010ef4    0000002a     driverlib.lib : gpio.obj (.text:GPIODirModeSet)
                  00010f1e    0000002a     stk.aem4f : pbm.oem4f (.text:PBMQ_deq)
                  00010f48    0000002a     netctrl_min_ipv4.aem4f : netsrv.oem4f (.text:ServiceCallback)
                  00010f72    0000002a     nettool_ipv4.aem4f : config.oem4f (.text:_CfgRelease)
                  00010f9c    0000002a     ti.targets.arm.rtsarm.aem4f : System.oem4f (.text:xdc_runtime_System_putchar__I)
                  00010fc6    00000002     --HOLE-- [fill = 0]
                  00010fc8    00000028     stk.aem4f : bind.oem4f (.text:BindFindByNet)
                  00010ff0    00000028               : lli.oem4f (.text:LLIFree)
                  00011018    00000028     netctrl_min_ipv4.aem4f : netctrl.oem4f (.text:NC_SystemClose)
                  00011040    00000028     stk.aem4f : nimu.oem4f (.text:NIMUCreatePacket)
                  00011068    00000028               : nimu.oem4f (.text:NIMUPacketService)
                  00011090    00000028               : tcpin.oem4f (.text:TcpEnterTimeWait)
                  000110b8    00000028               : timer.oem4f (.text:TimerListRemove)
                  000110e0    00000028               : vlan.oem4f (.text:VLANFindSourceInterface)
                  00011108    00000028               : vlan.oem4f (.text:VLANInit)
                  00011130    00000028     nettool_ipv4.aem4f : dhcpsock.oem4f (.text:dhcpPacketReceive)
                  00011158    00000028     drivers_tivaware.aem4f : EMACSnow.oem4f (.text:signalLinkChange)
                  00011180    00000028     sysbios.aem4f : BIOS.obj (.text:ti_sysbios_knl_Clock_addI__E)
                  000111a8    00000028                   : BIOS.obj (.text:ti_sysbios_knl_Swi_Module_startup__E)
                  000111d0    00000028     driverlib.lib : udma.obj (.text:uDMAChannelModeGet)
                  000111f8    00000026     nettool_ipv4.aem4f : config.oem4f (.text:CfgEntryInfo)
                  0001121e    00000026     driverlib.lib : emac.obj (.text:EMACPHYRead)
                  00011244    00000026                   : emac.obj (.text:EMACPHYWrite)
                  0001126a    00000026     stk.aem4f : rawethsock.oem4f (.text:RawEthSockClose)
                  00011290    00000026     RTOS_config_pem4f.oem4f (.text:ti_ndk_config_udp_init)
                  000112b6    00000026     sysbios.aem4f : m3_Hwi_asm.obj (.text:ti_sysbios_family_arm_m3_Hwi_pendSV__I)
                  000112dc    00000026     ti.targets.arm.rtsarm.aem4f : System.oem4f (.text:xdc_runtime_System_avprintf__E)
                  00011302    00000002     --HOLE-- [fill = 0]
                  00011304    00000024     stk.aem4f : bind.oem4f (.text:BindFindByHost)
                  00011328    00000024               : bind.oem4f (.text:BindGetIFByDBCast)
                  0001134c    00000024     drivers_tivaware.aem4f : EMACSnow.oem4f (.text:EMACSnow_pkt_service)
                  00011370    00000024                            : EMACSnow.oem4f (.text:EMACSnow_primeRx)
                  00011394    00000024     stk.aem4f : exec.oem4f (.text:ExecTimer)
                  000113b8    00000024               : nimu.oem4f (.text:NIMUFindByIndex)
                  000113dc    00000024               : rtc.oem4f (.text:RTCAddHook)
                  00011400    00000024               : rawethsock_pcb.oem4f (.text:RawEthSockPcbFind)
                  00011424    00000024               : route.oem4f (.text:RtFree)
                  00011448    00000024               : route.oem4f (.text:RtSetTimeout)
                  0001146c    00000024               : sockpcb.oem4f (.text:SockPcbCleanup)
                  00011490    00000024               : tcpprot.oem4f (.text:TcpPrListen)
                  000114b4    00000024               : tcptime.oem4f (.text:TcpTimeoutWait2)
                  000114d8    00000024     nettool_ipv4.aem4f : config.oem4f (.text:_CfgEntryProcess)
                  000114fc    00000024     RTOS_config_pem4f.oem4f (.text:ti_sysbios_BIOS_errorRaiseHook__I)
                  00011520    00000024     RTOS_config_pem4f.oem4f (.text:ti_sysbios_BIOS_registerRTSLock__I)
                  00011544    00000024     RTOS_config_pem4f.oem4f (.text:ti_sysbios_BIOS_removeRTSLock__I)
                  00011568    00000024     RTOS_config_pem4f.oem4f (.text:ti_sysbios_BIOS_startFunc__I)
                  0001158c    00000024     RTOS_config_pem4f.oem4f (.text:ti_sysbios_gates_GateMutex_Object__delete__S)
                  000115b0    00000024     sysbios.aem4f : BIOS.obj (.text:ti_sysbios_knl_Clock_Module_startup__E)
                  000115d4    00000004     ti.targets.arm.rtsarm.aem4f : System.oem4f (.text:xdc_runtime_System_aprintf_va__F)
                  000115d8    00000024     sysbios.aem4f : BIOS.obj (.text:ti_sysbios_knl_Semaphore_Instance_init__E)
                  000115fc    00000024     RTOS_config_pem4f.oem4f (.text:ti_sysbios_knl_Semaphore_Object__delete__S)
                  00011620    00000024     sysbios.aem4f : BIOS.obj (.text:ti_sysbios_knl_Task_restoreHwi__E)
                  00011644    00000024     driverlib.lib : udma.obj (.text:uDMAChannelControlSet)
                  00011668    00000024     ti.targets.arm.rtsarm.aem4f : System.oem4f (.text:xdc_runtime_System_vprintf__E)
                  0001168c    00000022     nettool_ipv4.aem4f : config.oem4f (.text:CfgEntryRef)
                  000116ae    00000022     stk.aem4f : vlan.oem4f (.text:VLANFindNode)
                  000116d0    00000022     eth_network.obj (.text:setsockopt)
                  000116f2    00000006     driverlib.lib : emac.obj (.text:EMACTxDMADescriptorListSet)
                  000116f8    00000022     sysbios.aem4f : BIOS.obj (.text:ti_sysbios_family_arm_lm4_Timer_write__I)
                  0001171a    00000022     RTOS_config_pem4f.oem4f (.text:xdc_runtime_SysMin_output__I)
                  0001173c    00000020     netctrl_min_ipv4.aem4f : netctrl.oem4f (.text:NC_BootComplete)
                  0001175c    00000020     stk.aem4f : nimu.oem4f (.text:NIMUGetNumOfObject)
                  0001177c    00000020               : rtc.oem4f (.text:RTCRemoveHook)
                  0001179c    00000020               : tcp.oem4f (.text:TcpTimeoutRemove)
                  000117bc    00000020     Boot.aem4f : Boot_sysctl.oem4f (.text:_SysCtlMemTimingGet)
                  000117dc    00000020     RTOS_config_pem4f.oem4f (.text:ti_sysbios_BIOS_rtsLock__I)
                  000117fc    00000020     RTOS_config_pem4f.oem4f (.text:ti_sysbios_family_arm_m3_Hwi_Object__delete__S)
                  0001181c    00000020     sysbios.aem4f : m3_Hwi_asm.obj (.text:ti_sysbios_family_arm_m3_Hwi_excHandlerAsm__I)
                  0001183c    00000004     ti.targets.arm.rtsarm.aem4f : System.oem4f (.text:xdc_runtime_System_printf_va__F)
                  00011840    00000020     sysbios.aem4f : BIOS.obj (.text:ti_sysbios_family_arm_m3_Hwi_excHandler__I)
                  00011860    00000020     RTOS_config_pem4f.oem4f (.text:ti_sysbios_gates_GateHwi_Object__delete__S)
                  00011880    00000020     RTOS_config_pem4f.oem4f (.text:ti_sysbios_heaps_HeapMem_Object__delete__S)
                  000118a0    00000020     sysbios.aem4f : BIOS.obj (.text:ti_sysbios_knl_Idle_run__E)
                  000118c0    00000020     RTOS_config_pem4f.oem4f (.text:ti_sysbios_knl_Semaphore_Object__destruct__S)
                  000118e0    00000020     RTOS_config_pem4f.oem4f (.text:ti_sysbios_knl_Swi_Object__delete__S)
                  00011900    00000020     RTOS_config_pem4f.oem4f (.text:ti_sysbios_knl_Task_Object__delete__S)
                  00011920    00000020     ti.targets.arm.rtsarm.aem4f : Registry.oem4f (.text:xdc_runtime_Registry_findById__E)
                  00011940    00000020                                 : SysMin.oem4f (.text:xdc_runtime_SysMin_Module_startup__E)
                  00011960    0000001e     stk.aem4f : listlib.oem4f (.text:list_remove)
                  0001197e    0000001e     eth_network.obj (.text:recv)
                  0001199c    0000001e     eth_network.obj (.text:send)
                  000119ba    0000001e     sysbios.aem4f : m3_Hwi_asm_switch.obj (.text:ti_sysbios_family_xxx_Hwi_switchAndRunFunc)
                  000119d8    0000001c     stk.aem4f : bind.oem4f (.text:BindFindByIF)
                  000119f4    0000001c               : exec.oem4f (.text:ExecBroadcast)
                  00011a10    0000001c     os.aem4f : ossys.oem4f (.text:NDK_sprintf)
                  00011a2c    0000001c     stk.aem4f : nimu.oem4f (.text:NIMUAddHeader)
                  00011a48    0000001c               : sockprot.oem4f (.text:SockPrDetach)
                  00011a64    0000001c     os.aem4f : task.oem4f (.text:TaskDestroy)
                  00011a80    0000001c     driverlib.lib : sysctl.obj (.text:_SysCtlMemTimingGet)
                  00011a9c    0000001c     drivers_tivaware.aem4f : GPIOTiva.oem4f (.text:getGpioIntIndex)
                  00011ab8    0000001c     RTOS_config_pem4f.oem4f (.text:ti_ndk_config_global_taskCreateHook)
                  00011ad4    00000004     --HOLE-- [fill = 0]
                  00011ad8    0000001c     sysbios.aem4f : BIOS.obj (.text:ti_sysbios_gates_GateMutex_Instance_init__E)
                  00011af4    0000001c     RTOS_config_pem4f.oem4f (.text:ti_sysbios_knl_Queue_Object__destruct__S)
                  00011b10    0000001c     sysbios.aem4f : BIOS.obj (.text:ti_sysbios_knl_Queue_put__E)
                  00011b2c    00000004     --HOLE-- [fill = 0]
                  00011b30    0000001c                   : BIOS.obj (.text:ti_sysbios_knl_Task_enter__I)
                  00011b4c    0000001c     ti.targets.arm.rtsarm.aem4f : Error.oem4f (.text:xdc_runtime_Error_raiseX__E)
                  00011b68    0000001c                                 : Memory.oem4f (.text:xdc_runtime_Memory_valloc__E)
                  00011b84    0000001c                                 : SysMin.oem4f (.text:xdc_runtime_SysMin_exit__E)
                  00011ba0    0000001c                                 : System.oem4f (.text:xdc_runtime_System_abort__E)
                  00011bbc    0000001a     stk.aem4f : bind.oem4f (.text:BindGetIP)
                  00011bd6    0000001a               : sockint.oem4f (.text:SockSetOOBMark)
                  00011bf0    0000001a               : file.oem4f (.text:fdint_getfdt)
                  00011c0a    0000001a     RTOS_config_pem4f.oem4f (.text:ti_sysbios_family_arm_m3_Hwi_Handle__label__S)
                  00011c24    0000001a     RTOS_config_pem4f.oem4f (.text:ti_sysbios_gates_GateHwi_Handle__label__S)
                  00011c3e    0000001a     RTOS_config_pem4f.oem4f (.text:ti_sysbios_gates_GateMutex_Handle__label__S)
                  00011c58    0000001a     RTOS_config_pem4f.oem4f (.text:ti_sysbios_heaps_HeapMem_Handle__label__S)
                  00011c72    0000001a     RTOS_config_pem4f.oem4f (.text:ti_sysbios_knl_Swi_Handle__label__S)
                  00011c8c    0000001a     RTOS_config_pem4f.oem4f (.text:ti_sysbios_knl_Task_Handle__label__S)
                  00011ca6    00000002     --HOLE-- [fill = 0]
                  00011ca8    0000001a     sysbios.aem4f : BIOS.obj (.text:ti_sysbios_knl_Task_sleepTimeout__I)
                  00011cc2    0000001a     RTOS_config_pem4f.oem4f (.text:xdc_runtime_System_aprintf__E)
                  00011cdc    0000001a     RTOS_config_pem4f.oem4f (.text:xdc_runtime_System_printf__E)
                  00011cf6    00000018     driverlib.lib : adc.obj (.text:ADCClockConfigSet)
                  00011d0e    00000002     --HOLE-- [fill = 0]
                  00011d10    00000018     drivers_tivaware.aem4f : EMACSnow.oem4f (.text:EMACSnow_emacSend)
                  00011d28    00000018     stk.aem4f : ip.oem4f (.text:IPRtChange)
                  00011d40    00000018               : rawethsock_pcb.oem4f (.text:RawEthSockPcbCleanup)
                  00011d58    00000018     nettool_ipv4.aem4f : ipaddr.oem4f (.text:RouteHook)
                  00011d70    00000018     stk.aem4f : tcpin.oem4f (.text:SEQ_GEQ)
                  00011d88    00000018               : tcpout.oem4f (.text:SEQ_GEQ)
                  00011da0    00000018               : tcpin.oem4f (.text:SEQ_GT)
                  00011db8    00000018               : tcpout.oem4f (.text:SEQ_GT)
                  00011dd0    00000018               : tcpin.oem4f (.text:SEQ_LEQ)
                  00011de8    00000018               : tcpout.oem4f (.text:SEQ_LEQ)
                  00011e00    00000018               : tcpin.oem4f (.text:SEQ_LT)
                  00011e18    00000018               : tcpout.oem4f (.text:SEQ_LT)
                  00011e30    00000018               : tcp.oem4f (.text:TcpTimeoutAdd)
                  00011e48    00000018     nettool_ipv4.aem4f : dhcpsock.oem4f (.text:dhcpSocketClose)
                  00011e60    00000018     stk.aem4f : listlib.oem4f (.text:list_add)
                  00011e78    00000018     rtsv7M4_T_le_v4SPD16_eabi.lib : args_main.obj (.text)
                  00011e90    00000018                                   : strcmp.obj (.text)
                  00011ea8    00000018     RTOS_config_pem4f.oem4f (.text:ti_sysbios_BIOS_rtsUnlock__I)
                  00011ec0    00000018     RTOS_config_pem4f.oem4f (.text:ti_sysbios_family_arm_lm4_Timer_Module__startupDone__F)
                  00011ed8    00000018     RTOS_config_pem4f.oem4f (.text:ti_sysbios_family_arm_m3_Hwi_Module__startupDone__F)
                  00011ef0    00000018     sysbios.aem4f : m3_TaskSupport_asm.obj (.text:ti_sysbios_family_arm_m3_TaskSupport_swap__E)
                  00011f08    00000018                   : BIOS.obj (.text:ti_sysbios_gates_GateMutex_leave__E)
                  00011f20    00000018     driverlib.lib : udma.obj (.text:uDMAChannelEnable)
                  00011f38    00000018     ti.targets.arm.rtsarm.aem4f : Error.oem4f (.text:xdc_runtime_Error_check__E)
                  00011f50    00000018                                 : System.oem4f (.text:xdc_runtime_System_exit__E)
                  00011f68    00000018                                 : Text.oem4f (.text:xdc_runtime_Text_ropeText__E)
                  00011f80    00000016     driverlib.lib : emac.obj (.text:EMACReset)
                  00011f96    00000016                   : emac.obj (.text:EMACRxEnable)
                  00011fac    00000016                   : emac.obj (.text:EMACTxEnable)
                  00011fc2    00000016     stk.aem4f : file.oem4f (.text:fdint_freefdt)
                  00011fd8    00000016     RTOS_config_pem4f.oem4f (.text:ti_sysbios_BIOS_exitFunc__I)
                  00011fee    00000016     eth_network.obj (.text:ti_sysbios_knl_Task_Params_init)
                  00012004    00000016     ti.targets.arm.rtsarm.aem4f : System.oem4f (.text:xdc_runtime_System_vsprintf__E)
                  0001201a    00000014     stk.aem4f : bind.oem4f (.text:BindIPHost2IF)
                  0001202e    00000002     --HOLE-- [fill = 0]
                  00012030    00000014     driverlib.lib : flash.obj (.text:FlashUserGet)
                  00012044    00000014     netctrl_min_ipv4.aem4f : netctrl.oem4f (.text:NC_NetStop)
                  00012058    00000014     os.aem4f : task.oem4f (.text:NDK_hookExit)
                  0001206c    00000014     stk.aem4f : nimu.oem4f (.text:NIMUSendPacket)
                  00012080    00000014     nettool_ipv4.aem4f : ipaddr.oem4f (.text:NtRemoveNetwork)
                  00012094    00000014     stk.aem4f : rawethsock_pcb.oem4f (.text:RawEthSockPcbInit)
                  000120a8    00000014               : timer.oem4f (.text:TimerFree)
                  000120bc    00000014     eth_network.obj (.text:accept)
                  000120d0    00000014     eth_network.obj (.text:bind)
                  000120e4    00000014     main.obj (.text:initSamplesTask)
                  000120f8    00000014     rtsv7M4_T_le_v4SPD16_eabi.lib : _lock.obj (.text)
                  0001210c    00000014                                   : strcpy.obj (.text)
                  00012120    00000014                                   : strlen.obj (.text)
                  00012134    00000014     eth_network.obj (.text:socket)
                  00012148    00000014     RTOS_config_pem4f.oem4f (.text:ti_ndk_config_global_taskExitHook)
                  0001215c    00000014     RTOS_config_pem4f.oem4f (.text:ti_sysbios_family_arm_m3_Hwi_Object__get__S)
                  00012170    00000014     sysbios.aem4f : BIOS.obj (.text:ti_sysbios_family_arm_m3_Hwi_switchFromBootStack__E)
                  00012184    00000014     RTOS_config_pem4f.oem4f (.text:ti_sysbios_heaps_HeapMem_Object__get__S)
                  00012198    00000014     RTOS_config_pem4f.oem4f (.text:ti_sysbios_knl_Swi_Object__get__S)
                  000121ac    00000014     RTOS_config_pem4f.oem4f (.text:ti_sysbios_knl_Task_Object__first__S)
                  000121c0    00000014     RTOS_config_pem4f.oem4f (.text:ti_sysbios_knl_Task_Object__next__S)
                  000121d4    00000012     driverlib.lib : adc.obj (.text:ADCHardwareOversampleConfigure)
                  000121e6    00000012                   : gpio.obj (.text:GPIOPinTypeADC)
                  000121f8    00000012                   : gpio.obj (.text:GPIOPinTypeEthernetLED)
                  0001220a    00000012     stk.aem4f : sockprot.oem4f (.text:SockPrAttach)
                  0001221c    00000012               : sockint.oem4f (.text:SockSetOOBData)
                  0001222e    00000012     driverlib.lib : timer.obj (.text:TimerLoadSet)
                  00012240    00000012     main.obj (.text:heartBeat_Task)
                  00012252    00000012     nettool_ipv4.aem4f : inetaddr.oem4f (.text:inet_addr)
                  00012264    00000004     --HOLE-- [fill = 0]
                  00012268    00000012     sysbios.aem4f : BIOS.obj (.text:ti_sysbios_hal_Hwi_Module_startup__E)
                  0001227a    00000006     driverlib.lib : gpio.obj (.text:GPIOIntClear)
                  00012280    00000012     sysbios.aem4f : BIOS.obj (.text:ti_sysbios_knl_Semaphore_reset__E)
                  00012292    00000012     RTOS_config_pem4f.oem4f (.text:xdc_runtime_Startup_exec__I)
                  000122a4    00000010     RTOS_config_pem4f.oem4f (.text:.bootCodeSection:ti_catalog_arm_cortexm4_tiva_ce_Boot_init__I)
                  000122b4    00000010     driverlib.lib : adc.obj (.text:ADCSequenceDMAEnable)
                  000122c4    00000010     stk.aem4f : bind.oem4f (.text:BindIF2IPHost)
                  000122d4    00000010               : bind.oem4f (.text:BindIFNet2IPHost)
                  000122e4    00000010     driverlib.lib : emac.obj (.text:EMACFrameFilterSet)
                  000122f4    00000010     stk.aem4f : exec.oem4f (.text:ExecHRef)
                  00012304    00000010     netctrl_min_ipv4.aem4f : netctrl.oem4f (.text:NC_IPUpdate)
                  00012314    00000010     stk.aem4f : nimu.oem4f (.text:NIMUGetRsvdSizeInfo)
                  00012324    00000010     eth_network.obj (.text:listen)
                  00012334    00000004     --HOLE-- [fill = 0]
                  00012338    00000010     sysbios.aem4f : BIOS.obj (.text:ti_sysbios_BIOS_getCpuFreq__E)
                  00012348    00000010                   : BIOS.obj (.text:ti_sysbios_BIOS_setThreadType__E)
                  00012358    00000010                   : BIOS.obj (.text:ti_sysbios_BIOS_start__E)
                  00012368    00000010                   : m3_TaskSupport_asm.obj (.text:ti_sysbios_family_arm_m3_TaskSupport_glue)
                  00012378    00000010                   : BIOS.obj (.text:ti_sysbios_gates_GateMutex_Instance_finalize__E)
                  00012388    00000010                   : BIOS.obj (.text:ti_sysbios_knl_Semaphore_Instance_finalize__E)
                  00012398    00000010                   : BIOS.obj (.text:ti_sysbios_knl_Swi_disable__E)
                  000123a8    00000010     RTOS_config_pem4f.oem4f (.text:ti_sysbios_knl_Task_Object__get__S)
                  000123b8    00000010     sysbios.aem4f : BIOS.obj (.text:ti_sysbios_knl_Task_disable__E)
                  000123c8    00000010     driverlib.lib : udma.obj (.text:uDMADisable)
                  000123d8    00000010                   : udma.obj (.text:uDMAEnable)
                  000123e8    00000010     ti.targets.arm.rtsarm.aem4f : Gate.oem4f (.text:xdc_runtime_Gate_leaveSystem__E)
                  000123f8    00000010                                 : Memory.oem4f (.text:xdc_runtime_Memory_free__E)
                  00012408    00000010                                 : SysMin.oem4f (.text:xdc_runtime_SysMin_ready__E)
                  00012418    00000010                                 : System.oem4f (.text:xdc_runtime_System_vsnprintf__E)
                  00012428    00000010     RTOS_config_pem4f.oem4f (.text:xdc_runtime_Text_visitRope__I)
                  00012438    0000000e     driverlib.lib : adc.obj (.text:ADCSequenceDisable)
                  00012446    0000000e                   : adc.obj (.text:ADCSequenceEnable)
                  00012454    0000000e     drivers_tivaware.aem4f : EMACSnow.oem4f (.text:EMACSnow_emacioctl)
                  00012462    0000000e     stk.aem4f : exec.oem4f (.text:ExecLowResource)
                  00012470    0000000e     driverlib.lib : gpio.obj (.text:GPIOIntStatus)
                  0001247e    0000000e                   : timer.obj (.text:TimerEnable)
                  0001248c    0000000e     rtsv7M4_T_le_v4SPD16_eabi.lib : copy_decompress_none.obj (.text:decompress:none)
                  0001249a    00000006     driverlib.lib : gpio.obj (.text:GPIOPinRead)
                  000124a0    0000000e     sysbios.aem4f : BIOS.obj (.text:ti_sysbios_knl_Idle_loop__E)
                  000124ae    00000002     --HOLE-- [fill = 0]
                  000124b0    0000000e                   : BIOS.obj (.text:ti_sysbios_knl_Queue_empty__E)
                  000124be    0000000c     driverlib.lib : adc.obj (.text:ADCReferenceSet)
                  000124ca    00000002     --HOLE-- [fill = 0]
                  000124cc    0000000c     stk.aem4f : bind.oem4f (.text:BindGetFirst)
                  000124d8    0000000c     nettool_ipv4.aem4f : config.oem4f (.text:CfgSetDefault)
                  000124e4    0000000c     drivers_tivaware.aem4f : EMACSnow.oem4f (.text:EMACSnow_init)
                  000124f0    0000000c     os.aem4f : task.oem4f (.text:NDK_hookInit)
                  000124fc    0000000c     stk.aem4f : nimu.oem4f (.text:NIMUSetRsvdSizeInfo)
                  00012508    0000000c     os.aem4f : task.oem4f (.text:NotifyLowResource)
                  00012514    0000000c     stk.aem4f : pbm.oem4f (.text:PBM_close)
                  00012520    0000000c     os.aem4f : semaphore.oem4f (.text:SemDelete)
                  0001252c    0000000c     hal_timer_bios.aem4f : lltimer.oem4f (.text:_llTimerShutdown)
                  00012538    0000000c     eth_network.obj (.text:close)
                  00012544    0000000c     rtsv7M4_T_le_v4SPD16_eabi.lib : copy_zero_init.obj (.text:decompress:ZI)
                  00012550    0000000c     hal_timer_bios.aem4f : lltimer.oem4f (.text:llTimerGetStartTime)
                  0001255c    00000004     --HOLE-- [fill = 0]
                  00012560    0000000c     sysbios.aem4f : BIOS.obj (.text:ti_sysbios_BIOS_getThreadType__E)
                  0001256c    00000004     --HOLE-- [fill = 0]
                  00012570    0000000c                   : BIOS.obj (.text:ti_sysbios_family_arm_lm4_Timer_getMaxTicks__E)
                  0001257c    0000000c     RTOS_config_pem4f.oem4f (.text:ti_sysbios_family_arm_m3_Hwi_Params__init__S)
                  00012588    0000000c     sysbios.aem4f : BIOS.obj (.text:ti_sysbios_family_arm_m3_Hwi_disableFxn__E)
                  00012594    00000004     --HOLE-- [fill = 0]
                  00012598    0000000c                   : BIOS.obj (.text:ti_sysbios_family_arm_m3_TaskSupport_checkStack__E)
                  000125a4    00000004     --HOLE-- [fill = 0]
                  000125a8    0000000c                   : BIOS.obj (.text:ti_sysbios_family_arm_m3_TaskSupport_getStackAlignment__E)
                  000125b4    00000004     --HOLE-- [fill = 0]
                  000125b8    0000000c                   : BIOS.obj (.text:ti_sysbios_gates_GateHwi_enter__E)
                  000125c4    0000000c     RTOS_config_pem4f.oem4f (.text:ti_sysbios_knl_Clock_Params__init__S)
                  000125d0    0000000c     sysbios.aem4f : BIOS.obj (.text:ti_sysbios_knl_Clock_getTicks__E)
                  000125dc    0000000c     RTOS_config_pem4f.oem4f (.text:ti_sysbios_knl_Queue_Object__get__S)
                  000125e8    0000000c     RTOS_config_pem4f.oem4f (.text:ti_sysbios_knl_Semaphore_Params__init__S)
                  000125f4    0000000c     RTOS_config_pem4f.oem4f (.text:ti_sysbios_knl_Task_Params__init__S)
                  00012600    0000000c     sysbios.aem4f : BIOS.obj (.text:ti_sysbios_knl_Task_getIdleTask__E)
                  0001260c    00000004     --HOLE-- [fill = 0]
                  00012610    0000000c                   : BIOS.obj (.text:ti_sysbios_knl_Task_self__E)
                  0001261c    0000000c     driverlib.lib : udma.obj (.text:uDMAControlBaseSet)
                  00012628    0000000c     ti.targets.arm.rtsarm.aem4f : Error.oem4f (.text:xdc_runtime_Error_init__E)
                  00012634    0000000c                                 : Gate.oem4f (.text:xdc_runtime_Gate_enterSystem__E)
                  00012640    0000000c                                 : Memory.oem4f (.text:xdc_runtime_Memory_calloc__E)
                  0001264c    0000000c                                 : Memory.oem4f (.text:xdc_runtime_Memory_getMaxDefaultTypeAlign__E)
                  00012658    0000000a     stk.aem4f : file.oem4f (.text:fdint_signalevent)
                  00012662    0000000a               : file.oem4f (.text:fdint_signaltimeout)
                  0001266c    0000000a     RTOS_config_pem4f.oem4f (.text:xdc_runtime_IHeap_alloc)
                  00012676    0000000a     RTOS_config_pem4f.oem4f (.text:xdc_runtime_IHeap_free)
                  00012680    00000008     driverlib.lib : adc.obj (.text:ADCIntEnableEx)
                  00012688    00000008     EK_TM4C1294XL.obj (.text:EK_TM4C1294XL_initGPIO)
                  00012690    00000008     driverlib.lib : emac.obj (.text:EMACTxDMAPollDemand)
                  00012698    00000008     stk.aem4f : node.oem4f (.text:NodeFree)
                  000126a0    00000008     os.aem4f : task.oem4f (.text:TaskBlock)
                  000126a8    00000008     sysbios.aem4f : BIOS.obj (.text:ti_sysbios_family_arm_lm4_Timer_masterDisable__I)
                  000126b0    00000008                   : BIOS.obj (.text:ti_sysbios_family_arm_m3_Hwi_doSwiRestore__I)
                  000126b8    00000008                   : BIOS.obj (.text:ti_sysbios_family_arm_m3_Hwi_startup__E)
                  000126c0    00000008                   : BIOS.obj (.text:ti_sysbios_knl_Task_getHookContext__E)
                  000126c8    00000008                   : BIOS.obj (.text:ti_sysbios_knl_Task_setHookContext__E)
                  000126d0    00000006     driverlib.lib : gpio.obj (.text:GPIOPinWrite)
                  000126d6    00000006                   : sysctl.obj (.text:SysCtlDelay)
                  000126dc    00000006     stk.aem4f : tcpprot.oem4f (.text:TcpPrRecv)
                  000126e2    00000006     ti.targets.arm.rtsarm.aem4f : xdc_noinit.oem4f (.text:__xdc__init)
                  000126e8    00000006     sysbios.aem4f : BIOS.obj (.text:ti_sysbios_family_arm_m3_Hwi_doTaskRestore__I)
                  000126ee    00000002     --HOLE-- [fill = 0]
                  000126f0    00000006                   : BIOS.obj (.text:ti_sysbios_family_arm_m3_Hwi_restoreFxn__E)
                  000126f6    00000002     --HOLE-- [fill = 0]
                  000126f8    00000006                   : BIOS.obj (.text:ti_sysbios_gates_GateHwi_leave__E)
                  000126fe    00000002     --HOLE-- [fill = 0]
                  00012700    00000006                   : BIOS.obj (.text:ti_sysbios_heaps_HeapMem_isBlocking__E)
                  00012706    00000002     --HOLE-- [fill = 0]
                  00012708    00000006                   : BIOS.obj (.text:ti_sysbios_knl_Queue_Instance_init__E)
                  0001270e    00000002     --HOLE-- [fill = 0]
[...]
00014b44  ti_sysbios_knl_Task_Object__DESC__C                                  
00014b64  xdc_runtime_Startup_sfxnTab__A                                       
00014b84  EMAC_config                                                          
00014bb4  ti_sysbios_gates_GateHwi_Object__PARAMS__C                           
00014bcc  ti_sysbios_gates_GateMutex_Object__PARAMS__C                         
00014be4  ti_sysbios_knl_Queue_Object__PARAMS__C                               
00014bfc  ti_sysbios_knl_Task_hooks__A                                         
00014c14  GPIOTiva_config                                                      
00014c28  xdc_runtime_Startup_firstFxns__A                                     
00014c3c  emacHWAttrs                                                          
00014c4c  xdc_runtime_Startup_sfxnRts__A                                       
00014c6c  EMACSnow_fxnTable                                                    
00014c74  ti_sysbios_family_arm_m3_Hwi_excHookFuncs__A                         
00014c7c  ti_sysbios_knl_Idle_funcList__A                                      
00014c84  ti_sysbios_knl_Idle_funcList__C                                      
00014c8c  ti_sysbios_knl_Task_hooks__C                                         
00014c94  xdc_runtime_Startup_firstFxns__C                                     
00014c9c  xdc_runtime_Startup_lastFxns__C                                      
00014ca4  ti_catalog_arm_cortexm4_tiva_ce_Boot_A_mustNotUseEnhancedClockMode__C
00014ca8  ti_catalog_arm_cortexm4_tiva_ce_Boot_Module__diagsEnabled__C         
00014cac  ti_catalog_arm_cortexm4_tiva_ce_Boot_Module__diagsIncluded__C        
00014cb0  ti_catalog_arm_cortexm4_tiva_ce_Boot_Module__diagsMask__C            
00014cb4  ti_sysbios_family_arm_lm4_Timer_enableFunc__C                        
00014cb8  ti_sysbios_family_arm_lm4_Timer_numTimerDevices__C                   
00014cbc  ti_sysbios_family_arm_lm4_Timer_startupNeeded__C                     
00014cc0  ti_sysbios_family_arm_m3_Hwi_E_NMI__C                                
00014cc4  ti_sysbios_family_arm_m3_Hwi_E_alreadyDefined__C                     
00014cc8  ti_sysbios_family_arm_m3_Hwi_E_busFault__C                           
00014ccc  ti_sysbios_family_arm_m3_Hwi_E_debugMon__C                           
00014cd0  ti_sysbios_family_arm_m3_Hwi_E_hardFault__C                          
00014cd4  ti_sysbios_family_arm_m3_Hwi_E_memFault__C                           
00014cd8  ti_sysbios_family_arm_m3_Hwi_E_noIsr__C                              
00014cdc  ti_sysbios_family_arm_m3_Hwi_E_reserved__C                           
00014ce0  ti_sysbios_family_arm_m3_Hwi_E_svCall__C                             
00014ce4  ti_sysbios_family_arm_m3_Hwi_E_usageFault__C                         
00014ce8  ti_sysbios_family_arm_m3_Hwi_NUM_INTERRUPTS__C                       
00014cec  ti_sysbios_family_arm_m3_Hwi_Object__count__C                        
00014cf0  ti_sysbios_family_arm_m3_Hwi_ccr__C                                  
00014cf4  ti_sysbios_family_arm_m3_Hwi_excHandlerFunc__C                       
00014cf8  ti_sysbios_family_arm_m3_Hwi_excHookFuncs__C                         
00014cfc  ti_sysbios_family_arm_m3_Hwi_nullIsrFunc__C                          
00014d00  ti_sysbios_family_arm_m3_Hwi_priGroup__C                             
00014d04  ti_sysbios_family_arm_m3_TaskSupport_stackAlignment__C               
00014d08  ti_sysbios_gates_GateMutex_Instance_State_sem__O                     
00014d0c  ti_sysbios_hal_Hwi_E_stackOverflow__C                                
00014d10  ti_sysbios_heaps_HeapMem_E_memory__C                                 
00014d14  ti_sysbios_heaps_HeapMem_Module__gateObj__C                          
00014d18  ti_sysbios_heaps_HeapMem_Object__count__C                            
00014d1c  ti_sysbios_heaps_HeapMem_reqAlign__C                                 
00014d20  ti_sysbios_knl_Clock_Module_State_clockQ__O                          
00014d24  ti_sysbios_knl_Semaphore_Instance_State_pendQ__O                     
00014d28  ti_sysbios_knl_Swi_Object__count__C                                  
00014d2c  ti_sysbios_knl_Task_E_deleteNotAllowed__C                            
00014d30  ti_sysbios_knl_Task_E_spOutOfBounds__C                               
00014d34  ti_sysbios_knl_Task_E_stackOverflow__C                               
00014d38  ti_sysbios_knl_Task_Module_State_inactiveQ__O                        
00014d3c  ti_sysbios_knl_Task_Module_State_terminatedQ__O                      
00014d40  ti_sysbios_knl_Task_Object__count__C                                 
00014d44  ti_sysbios_knl_Task_Object__heap__C                                  
00014d48  ti_sysbios_knl_Task_allBlockedFunc__C                                
00014d4c  ti_sysbios_knl_Task_defaultStackHeap__C                              
00014d50  ti_sysbios_knl_Task_defaultStackSize__C                              
00014d54  ti_sysbios_knl_Task_numConstructedTasks__C                           
00014d58  xdc_runtime_Assert_E_assertFailed__C                                 
00014d5c  xdc_runtime_Core_A_initializedParams__C                              
00014d60  xdc_runtime_Core_Module__diagsEnabled__C                             
00014d64  xdc_runtime_Core_Module__diagsIncluded__C                            
00014d68  xdc_runtime_Core_Module__diagsMask__C                                
00014d6c  xdc_runtime_Error_E_memory__C                                        
00014d70  xdc_runtime_Error_Module__diagsEnabled__C                            
00014d74  xdc_runtime_Error_Module__diagsIncluded__C                           
00014d78  xdc_runtime_Error_Module__diagsMask__C                               
00014d7c  xdc_runtime_Error_Module__loggerFxn8__C                              
00014d80  xdc_runtime_Error_Module__loggerObj__C                               
00014d84  xdc_runtime_Error_policyFxn__C                                       
00014d88  xdc_runtime_Error_raiseHook__C                                       
00014d8c  xdc_runtime_IGateProvider_Interface__BASE__C                         
00014d90  xdc_runtime_IHeap_Interface__BASE__C                                 
00014d94  xdc_runtime_IModule_Interface__BASE__C                               
00014d98  xdc_runtime_Log_L_error__C                                           
00014d9c  xdc_runtime_Memory_defaultHeapInstance__C                            
00014da0  xdc_runtime_Startup_execImpl__C                                      
00014da4  xdc_runtime_Startup_maxPasses__C                                     
00014da8  xdc_runtime_Startup_sfxnRts__C                                       
00014dac  xdc_runtime_Startup_sfxnTab__C                                       
00014db0  xdc_runtime_SysMin_bufSize__C                                        
00014db4  xdc_runtime_SysMin_outputFunc__C                                     
00014db8  xdc_runtime_System_Module__gateObj__C                                
00014dbc  xdc_runtime_System_abortFxn__C                                       
00014dc0  xdc_runtime_System_exitFxn__C                                        
00014dc4  xdc_runtime_System_extendFxn__C                                      
00014dc8  xdc_runtime_System_maxAtexitHandlers__C                              
00014dcc  xdc_runtime_Text_charTab__C                                          
00014dd0  xdc_runtime_Text_nameEmpty__C                                        
00014dd4  xdc_runtime_Text_nameStatic__C                                       
00014dd8  xdc_runtime_Text_nameUnknown__C                                      
00014ddc  xdc_runtime_Text_nodeTab__C                                          
00014de0  xdc_runtime_Text_visitRopeFxn__C                                     
00014de4  ti_sysbios_hal_Hwi_Module__id__C                                     
00014de6  ti_sysbios_heaps_HeapMem_Module__id__C                               
00014de8  ti_sysbios_knl_Task_Module__id__C                                    
00014dea  xdc_runtime_Core_Module__id__C                                       
00014dec  xdc_runtime_Error_Module__loggerDefined__C                           
00014dee  xdc_runtime_Error_maxDepth__C                                        
00014df0  xdc_runtime_Memory_Module__id__C                                     
00014df2  xdc_runtime_SysMin_flushAtExit__C                                    
00014df4  xdc_runtime_Text_charCnt__C                                          
00014df6  xdc_runtime_Text_isLoaded__C                                         
00014df8  xdc_runtime_Text_registryModsLastId__C                               
00014dfa  xdc_runtime_Text_unnamedModsLastId__C                                
00014dfc  xdc_runtime_Error_policy__C                                          
00014e00  __TI_static_base__                                                   
000151dc  __TI_Handler_Table_Base                                              
000151e8  __TI_Handler_Table_Limit                                             
000151f8  __TI_CINIT_Base                                                      
00015210  __TI_CINIT_Limit                                                     
20000000  ti_sysbios_family_arm_m3_Hwi_ramVectors                              
20000400  ti_sysbios_heaps_HeapMem_Instance_State_0_buf__A                     
20005400  ti_ndk_config_Global_pit                                             
200054a8  ti_ndk_config_Global_pitBuffer                                       
20009ca8  _ICMPIn                                                              
20009cf4  PBMQ_free                                                            
20009d00  ti_ndk_config_Global_pBufMem                                         
2000d900  ti_ndk_config_Global_pHdrMem                                         
2000dbf8  g_int32_ai0                                                          
2000fc00  udmaCtrlTable                                                        
20010c00  ti_sysbios_knl_Task_Instance_State_0_stack__A                        
20010e00  ti_sysbios_knl_Task_Instance_State_1_stack__A                        
20011000  ti_sysbios_knl_Task_Instance_State_2_stack__A                        
20011200  ti_sysbios_knl_Task_Instance_State_3_stack__A                        
20011800  ti_sysbios_knl_Task_Instance_State_4_stack__A                        
20011a00  g_uint16_adc0_ping                                                   
20012200  g_uint16_adc0_pong                                                   
20012a00  g_uint16_adc1_ping                                                   
20013200  g_uint16_adc1_pong                                                   
20013a00  ti_sysbios_family_arm_m3_Hwi_dispatchTable                           
20013d60  __CIOBUF_                                                            
20013f80  tcps                                                                 
2001429c  xdc_runtime_SysMin_Module_State_0_outbuf__A                          
2001431c  ips                                                                  
20014384  nimu_mcb                                                             
200143e8  _ICMPOut                                                             
20014474  vlan_mcb                                                             
200144c0  udps                                                                 
200144e4  BlockCount                                                           
20014500  BlockMax                                                             
2001451c  PageCount                                                            
20014538  PageMax                                                              
20014554  stkEvent                                                             
20014590  raweths                                                              
200145a0  raws                                                                 
200145b0  tpseudo                                                              
200145bc  upseudo                                                              
200145c8  emacObjects                                                          
200145f4  _IGMPInDiscard                                                       
200145f8  _IGMPInQuery                                                         
200145fc  _IGMPInQueryGroup                                                    
20014600  _IGMPInResponse                                                      
20014604  _IGMPOutResponse                                                     
20014608  g_ulStatus                                                           
2001461c  raweth_pcb                                                           
20014620  ti_sysbios_knl_Task_Instance_State_0_hookEnv__A                      
20014624  ti_sysbios_knl_Task_Instance_State_1_hookEnv__A                      
20014628  ti_sysbios_knl_Task_Instance_State_2_hookEnv__A                      
2001462c  ti_sysbios_knl_Task_Instance_State_3_hookEnv__A                      
20014630  ti_sysbios_knl_Task_Instance_State_4_hookEnv__A                      
20014634  ti_sysbios_knl_Task_Object__table__V                                 
200147b0  _ipcfg                                                               
20014864  ti_sysbios_knl_Swi_Module_State_0_readyQ__A                          
200148e4  ti_sysbios_knl_Task_Module_State_0_readyQ__A                         
20014964  ti_sysbios_knl_Semaphore_Object__table__V                            
20014a02  ti_sysbios_family_arm_m3_Hwi_Module_State_0_excActive__A             
20014a04  ti_sysbios_family_arm_m3_Hwi_Object__table__V                        
20014a4c  ti_sysbios_knl_Task_Module__state__V                                 
20014b10  ti_sysbios_family_arm_lm4_Timer_Module_State_0_device__A             
20014b50  ti_sysbios_family_arm_lm4_Timer_Object__table__V                     
20014b90  ti_sysbios_gates_GateMutex_Object__table__V                          
20014bfc  ti_sysbios_family_arm_m3_Hwi_Module__state__V                        
20014c30  enablePrefetch                                                       
20014c34  phyCounter                                                           
20014c62  xdc_runtime_Error_Module__state__V                                   
20014c94  ti_sysbios_knl_Swi_Object__table__V                                  
20014cc4  ti_sysbios_knl_Clock_Module__state__V                                
20014cf0  pstrMsgName                                                          
20014d18  _oscfg                                                               
20014d3c  PITCount                                                             
20014d40  PITUsed                                                              
20014d44  PITHigh                                                              
20014d60  ti_sysbios_BIOS_Module__state__V                                     
20014d84  ti_sysbios_family_arm_lm4_Timer_Module_State_0_handles__A            
20014dc0  ti_ndk_config_Global_Id2Size                                         
20014ddc  ti_sysbios_knl_Swi_Module__state__V                                  
20014df8  ti_ndk_config_Global_HostName                                        
20014dfc  LocalIPAddr                                                          
20014e00  LocalIPMask                                                          
20014e04  GatewayIP                                                            
20014e08  DomainName                                                           
20014e0c  __xdc__init__addr                                                    
20014e40  ti_sysbios_heaps_HeapMem_Object__table__V                            
20014e6c  gpioPinConfigs                                                       
20014e84  _IGMPForceVersion1                                                   
20014e8c  __TI_cleanup_ptr                                                     
20014e90  __TI_dtors_ptr                                                       
20014e94  __TI_enable_exit_profile_output                                      
20014e98  ti_sysbios_family_arm_lm4_Timer_Module__state__V                     
20014ea4  xdc_runtime_SysMin_Module__state__V                                  
20014ebc  _lock                                                                
20014ec0  _unlock                                                              
20014ec4  NIMUDeviceTable                                                      
20014ecc  gpioCallbackFunctions                                                
20014ee4  _ICMPInErrors                                                        
20014ee8  _ICMPOutErrors                                                       
20014eec  _IPExecuting                                                         
20014f04  tcp_iss                                                              
20014f08  ptTimeFirst                                                          
20014f14  ti_sysbios_family_arm_m3_Hwi_Module__root__V                         
20014f1c  ti_sysbios_gates_GateHwi_Module__root__V                             
20014f24  ti_sysbios_gates_GateMutex_Module__root__V                           
20014f2c  ti_sysbios_heaps_HeapMem_Module__root__V                             
20014f34  ti_sysbios_knl_Clock_Module__root__V                                 
20014f3c  ti_sysbios_knl_Queue_Module__root__V                                 
20014f44  ti_sysbios_knl_Semaphore_Module__root__V                             
20014f4c  ti_sysbios_knl_Swi_Module__root__V                                   
20014f54  ti_sysbios_knl_Task_Module__root__V                                  
20014f5c  xdc_runtime_Registry_Module__state__V                                
20014f64  xdc_runtime_Startup_Module__state__V                                 
20014f6c  xdc_runtime_System_Module_State_0_atexitHandlers__A                  
20014f74  xdc_runtime_System_Module__state__V                                  
20014f7c  macAddress                                                           
20014f98  rms_ai0                                                              
20014fa0  errno                                                                
20014fa4  main_func_sp                                                         
20014fac  _IPReasmPtr                                                          
20014fbc  ti_sysbios_family_arm_m3_Hwi_Module_State_0_excContext__A            
20014fc0  ti_sysbios_family_arm_m3_Hwi_Module_State_0_excStack__A              
20014fc4  ti_sysbios_gates_GateHwi_Object__table__V                            
20014fc8  ti_sysbios_knl_Task_Module_State_0_idleTask__A                       
20014fcc  xdc_runtime_Memory_Module__state__V                                  
20014fd0  __stack                                                              
200157d0  __STACK_END                                                          
e000e000  ti_sysbios_family_arm_m3_Hwi_nvic                                    
ffffffff  __TI_pprof_out_hndl                                                  
ffffffff  __TI_prof_data_size                                                  
ffffffff  __TI_prof_data_start                                                 
ffffffff  __binit__                                                            
ffffffff  __c_args__                                                           
ffffffff  binit                                                                
UNDEFED   SHT$$INIT_ARRAY$$Base                                                
UNDEFED   SHT$$INIT_ARRAY$$Limit                                               

[1054 symbols]
